Component: ARM Compiler 5.06 update 7 (build 960) Tool: armlink [4d3601]

==============================================================================

Section Cross References

    main.o(.text) refers to bsp.o(.text) for BSP_Init
    main.o(.text) refers to control_task.o(.text) for control_task_Init
    system_stm32f4xx.o(.text) refers to system_stm32f4xx.o(.data) for SystemCoreClock
    bsp.o(.text) refers to misc.o(.text) for NVIC_PriorityGroupConfig
    bsp.o(.text) refers to usart.o(.text) for usart1_init
    bsp.o(.text) refers to can.o(.text) for CAN1_Mode_Init
    bsp.o(.text) refers to timer.o(.text) for TIM6_Configuration
    bsp.o(.text) refers to fmod.o(i.__hardfp_fmod) for __hardfp_fmod
    bsp.o(.text) refers to d2f.o(x$fpl$d2f) for __aeabi_d2f
    bsp.o(.text) refers to f2d.o(x$fpl$f2d) for __aeabi_f2d
    bsp.o(.text) refers to daddsub_clz.o(x$fpl$dadd) for __aeabi_dadd
    bsp.o(.text) refers to drleqf.o(x$fpl$drleqf) for __aeabi_cdrcmple
    bsp.o(.text) refers to daddsub_clz.o(x$fpl$dsub) for __aeabi_dsub
    control_task.o(.text) refers to buff_karman_filter.o(.text) for buff_karman_filter_calc
    control_task.o(.text) refers to uart_cha_transmit.o(.text) for uart_cha_task
    control_task.o(.text) refers to gimbal_task.o(.text) for gimbal_task
    control_task.o(.text) refers to 17mm_shoot_task.o(.text) for shoot_task
    control_task.o(.text) refers to canbus.o(.text) for can_bus_send_task
    control_task.o(.text) refers to old_auto_shoot.o(.text) for send_protocol
    control_task.o(.text) refers to control_task.o(.data) for time_tick
    control_task.o(.text) refers to old_auto_shoot.o(.bss) for new_location
    control_task.o(.text) refers to gimbal_task.o(.data) for pit_angle_ref_aim
    control_task.o(.text) refers to buff_karman_filter.o(.data) for buff_kalman_filter
    control_task.o(.text) refers to judge.o(.bss) for judge_rece_mesg
    control_task.o(.text) refers to infantry_mode_switch_task.o(.bss) for chassis
    control_task.o(.text) refers to senior.o(.bss) for yaw_Encoder
    control_task.o(.text) refers to remote.o(.bss) for RC_CtrlData
    control_task.o(.text) refers to gimbal_task.o(.bss) for gimbal_data
    control_task.o(.text) refers to usart.o(.bss) for UART4_DMA_TX_BUF
    gimbal_task.o(.text) refers to rt_memclr_w.o(.text) for __aeabi_memclr4
    gimbal_task.o(.text) refers to oldpid.o(.text) for PID_struct_init
    gimbal_task.o(.text) refers to f2d.o(x$fpl$f2d) for __aeabi_f2d
    gimbal_task.o(.text) refers to cos.o(i.__hardfp_cos) for __hardfp_cos
    gimbal_task.o(.text) refers to ddiv.o(x$fpl$ddiv) for __aeabi_ddiv
    gimbal_task.o(.text) refers to d2f.o(x$fpl$d2f) for __aeabi_d2f
    gimbal_task.o(.text) refers to atan2.o(i.__hardfp_atan2) for __hardfp_atan2
    gimbal_task.o(.text) refers to dmul.o(x$fpl$dmul) for __aeabi_dmul
    gimbal_task.o(.text) refers to daddsub_clz.o(x$fpl$dadd) for __aeabi_dadd
    gimbal_task.o(.text) refers to sin.o(i.__hardfp_sin) for __hardfp_sin
    gimbal_task.o(.text) refers to gimbal_task.o(.bss) for gimbal_data
    gimbal_task.o(.text) refers to senior.o(.bss) for gimbal_gyro
    gimbal_task.o(.text) refers to daddsub_clz.o(x$fpl$dsub) for __aeabi_dsub
    gimbal_task.o(.text) refers to sqrt.o(i.__hardfp_sqrt) for __hardfp_sqrt
    gimbal_task.o(.text) refers to atan.o(i.__hardfp_atan) for __hardfp_atan
    gimbal_task.o(.text) refers to dflt_clz.o(x$fpl$dflt) for __aeabi_i2d
    gimbal_task.o(.text) refers to gimbal_task.o(.data) for first_flag
    gimbal_task.o(.text) refers to old_auto_shoot.o(.bss) for new_location
    gimbal_task.o(.text) refers to bsp.o(.text) for convert_ecd_angle_to__pi_pi
    gimbal_task.o(.text) refers to fabs.o(i.__hardfp_fabs) for __hardfp_fabs
    gimbal_task.o(.text) refers to dleqf.o(x$fpl$dleqf) for __aeabi_cdcmple
    gimbal_task.o(.text) refers to remote.o(.bss) for RC_CtrlData
    gimbal_task.o(.text) refers to drleqf.o(x$fpl$drleqf) for __aeabi_cdrcmple
    gimbal_task.o(.text) refers to basic.o(x$fpl$basic) for __aeabi_dneg
    infantry_mode_switch_task.o(.text) refers to dflt_clz.o(x$fpl$dflt) for __aeabi_i2d
    infantry_mode_switch_task.o(.text) refers to dmul.o(x$fpl$dmul) for __aeabi_dmul
    infantry_mode_switch_task.o(.text) refers to f2d.o(x$fpl$f2d) for __aeabi_f2d
    infantry_mode_switch_task.o(.text) refers to daddsub_clz.o(x$fpl$dsub) for __aeabi_dsub
    infantry_mode_switch_task.o(.text) refers to d2f.o(x$fpl$d2f) for __aeabi_d2f
    infantry_mode_switch_task.o(.text) refers to infantry_mode_switch_task.o(.data) for this_input_mode
    infantry_mode_switch_task.o(.text) refers to remote.o(.bss) for RC_CtrlData
    infantry_mode_switch_task.o(.text) refers to gimbal_task.o(.bss) for gimbal_data
    infantry_mode_switch_task.o(.text) refers to infantry_mode_switch_task.o(.bss) for chassis
    infantry_mode_switch_task.o(.text) refers to gimbal_task.o(.data) for pitch_min
    buff_karman_filter.o(.text) refers to matrixfunctions.o(.text) for arm_mat_init_f32
[...]
    TIM_GenerateEvent                        0x0800a8a7   Thumb Code     4  stm32f4xx_tim.o(.text)
    TIM_GetFlagStatus                        0x0800a8ab   Thumb Code    18  stm32f4xx_tim.o(.text)
    TIM_ClearFlag                            0x0800a8bd   Thumb Code     6  stm32f4xx_tim.o(.text)
    TIM_GetITStatus                          0x0800a8c3   Thumb Code    34  stm32f4xx_tim.o(.text)
    TIM_ClearITPendingBit                    0x0800a8e5   Thumb Code     6  stm32f4xx_tim.o(.text)
    TIM_DMAConfig                            0x0800a8eb   Thumb Code    10  stm32f4xx_tim.o(.text)
    TIM_DMACmd                               0x0800a8f5   Thumb Code    18  stm32f4xx_tim.o(.text)
    TIM_SelectCCDMA                          0x0800a907   Thumb Code    24  stm32f4xx_tim.o(.text)
    TIM_InternalClockConfig                  0x0800a91f   Thumb Code    12  stm32f4xx_tim.o(.text)
    TIM_SelectInputTrigger                   0x0800a92b   Thumb Code    18  stm32f4xx_tim.o(.text)
    TIM_ITRxExternalClockConfig              0x0800a93d   Thumb Code    24  stm32f4xx_tim.o(.text)
    TIM_TIxExternalClockConfig               0x0800a955   Thumb Code    62  stm32f4xx_tim.o(.text)
    TIM_ETRConfig                            0x0800a993   Thumb Code    28  stm32f4xx_tim.o(.text)
    TIM_ETRClockMode1Config                  0x0800a9af   Thumb Code    54  stm32f4xx_tim.o(.text)
    TIM_ETRClockMode2Config                  0x0800a9e5   Thumb Code    32  stm32f4xx_tim.o(.text)
    TIM_SelectOutputTrigger                  0x0800aa05   Thumb Code    18  stm32f4xx_tim.o(.text)
    TIM_SelectSlaveMode                      0x0800aa17   Thumb Code    18  stm32f4xx_tim.o(.text)
    TIM_SelectMasterSlaveMode                0x0800aa29   Thumb Code    18  stm32f4xx_tim.o(.text)
    TIM_EncoderInterfaceConfig               0x0800aa3b   Thumb Code    66  stm32f4xx_tim.o(.text)
    TIM_SelectHallSensor                     0x0800aa7d   Thumb Code    24  stm32f4xx_tim.o(.text)
    TIM_RemapConfig                          0x0800aa95   Thumb Code     6  stm32f4xx_tim.o(.text)
    USART_DeInit                             0x0800aa9d   Thumb Code   206  stm32f4xx_usart.o(.text)
    USART_Init                               0x0800ab6b   Thumb Code   204  stm32f4xx_usart.o(.text)
    USART_StructInit                         0x0800ac37   Thumb Code    24  stm32f4xx_usart.o(.text)
    USART_ClockInit                          0x0800ac4f   Thumb Code    32  stm32f4xx_usart.o(.text)
    USART_ClockStructInit                    0x0800ac6f   Thumb Code    12  stm32f4xx_usart.o(.text)
    USART_Cmd                                0x0800ac7b   Thumb Code    24  stm32f4xx_usart.o(.text)
    USART_SetPrescaler                       0x0800ac93   Thumb Code    16  stm32f4xx_usart.o(.text)
    USART_OverSampling8Cmd                   0x0800aca3   Thumb Code    22  stm32f4xx_usart.o(.text)
    USART_OneBitMethodCmd                    0x0800acb9   Thumb Code    24  stm32f4xx_usart.o(.text)
    USART_SendData                           0x0800acd1   Thumb Code     8  stm32f4xx_usart.o(.text)
    USART_ReceiveData                        0x0800acd9   Thumb Code    10  stm32f4xx_usart.o(.text)
    USART_SetAddress                         0x0800ace3   Thumb Code    18  stm32f4xx_usart.o(.text)
    USART_ReceiverWakeUpCmd                  0x0800acf5   Thumb Code    24  stm32f4xx_usart.o(.text)
    USART_WakeUpConfig                       0x0800ad0d   Thumb Code    18  stm32f4xx_usart.o(.text)
    USART_LINBreakDetectLengthConfig         0x0800ad1f   Thumb Code    18  stm32f4xx_usart.o(.text)
    USART_LINCmd                             0x0800ad31   Thumb Code    24  stm32f4xx_usart.o(.text)
    USART_SendBreak                          0x0800ad49   Thumb Code    10  stm32f4xx_usart.o(.text)
    USART_HalfDuplexCmd                      0x0800ad53   Thumb Code    24  stm32f4xx_usart.o(.text)
    USART_SetGuardTime                       0x0800ad6b   Thumb Code    16  stm32f4xx_usart.o(.text)
    USART_SmartCardCmd                       0x0800ad7b   Thumb Code    24  stm32f4xx_usart.o(.text)
    USART_SmartCardNACKCmd                   0x0800ad93   Thumb Code    24  stm32f4xx_usart.o(.text)
    USART_IrDAConfig                         0x0800adab   Thumb Code    18  stm32f4xx_usart.o(.text)
    USART_IrDACmd                            0x0800adbd   Thumb Code    24  stm32f4xx_usart.o(.text)
    USART_DMACmd                             0x0800add5   Thumb Code    18  stm32f4xx_usart.o(.text)
    USART_ITConfig                           0x0800ade7   Thumb Code    74  stm32f4xx_usart.o(.text)
    USART_GetFlagStatus                      0x0800ae31   Thumb Code    26  stm32f4xx_usart.o(.text)
    USART_ClearFlag                          0x0800ae4b   Thumb Code    18  stm32f4xx_usart.o(.text)
    USART_GetITStatus                        0x0800ae5d   Thumb Code   118  stm32f4xx_usart.o(.text)
    USART_ClearITPendingBit                  0x0800aed3   Thumb Code    30  stm32f4xx_usart.o(.text)
    Reset_Handler                            0x0800aef1   Thumb Code     8  startup_stm32f40_41xxx.o(.text)
    ADC_IRQHandler                           0x0800af0b   Thumb Code     0  startup_stm32f40_41xxx.o(.text)
    CAN1_RX1_IRQHandler                      0x0800af0b   Thumb Code     0  startup_stm32f40_41xxx.o(.text)
    CAN1_SCE_IRQHandler                      0x0800af0b   Thumb Code     0  startup_stm32f40_41xxx.o(.text)
    CAN2_RX1_IRQHandler                      0x0800af0b   Thumb Code     0  startup_stm32f40_41xxx.o(.text)
    CAN2_SCE_IRQHandler                      0x0800af0b   Thumb Code     0  startup_stm32f40_41xxx.o(.text)
    CRYP_IRQHandler                          0x0800af0b   Thumb Code     0  startup_stm32f40_41xxx.o(.text)
    DCMI_IRQHandler                          0x0800af0b   Thumb Code     0  startup_stm32f40_41xxx.o(.text)
    DMA1_Stream0_IRQHandler                  0x0800af0b   Thumb Code     0  startup_stm32f40_41xxx.o(.text)
    DMA1_Stream1_IRQHandler                  0x0800af0b   Thumb Code     0  startup_stm32f40_41xxx.o(.text)
    DMA1_Stream2_IRQHandler                  0x0800af0b   Thumb Code     0  startup_stm32f40_41xxx.o(.text)
    DMA1_Stream3_IRQHandler                  0x0800af0b   Thumb Code     0  startup_stm32f40_41xxx.o(.text)
    DMA1_Stream5_IRQHandler                  0x0800af0b   Thumb Code     0  startup_stm32f40_41xxx.o(.text)
    DMA1_Stream6_IRQHandler                  0x0800af0b   Thumb Code     0  startup_stm32f40_41xxx.o(.text)
    DMA1_Stream7_IRQHandler                  0x0800af0b   Thumb Code     0  startup_stm32f40_41xxx.o(.text)
    DMA2_Stream0_IRQHandler                  0x0800af0b   Thumb Code     0  startup_stm32f40_41xxx.o(.text)
    DMA2_Stream1_IRQHandler                  0x0800af0b   Thumb Code     0  startup_stm32f40_41xxx.o(.text)
    DMA2_Stream2_IRQHandler                  0x0800af0b   Thumb Code     0  startup_stm32f40_41xxx.o(.text)
    DMA2_Stream3_IRQHandler                  0x0800af0b   Thumb Code     0  startup_stm32f40_41xxx.o(.text)
    DMA2_Stream4_IRQHandler                  0x0800af0b   Thumb Code     0  startup_stm32f40_41xxx.o(.text)
    DMA2_Stream5_IRQHandler                  0x0800af0b   Thumb Code     0  startup_stm32f40_41xxx.o(.text)
    DMA2_Stream6_IRQHandler                  0x0800af0b   Thumb Code     0  startup_stm32f40_41xxx.o(.text)
    DMA2_Stream7_IRQHandler                  0x0800af0b   Thumb Code     0  startup_stm32f40_41xxx.o(.text)
    ETH_IRQHandler                           0x0800af0b   Thumb Code     0  startup_stm32f40_41xxx.o(.text)
    ETH_WKUP_IRQHandler                      0x0800af0b   Thumb Code     0  startup_stm32f40_41xxx.o(.text)
    EXTI0_IRQHandler                         0x0800af0b   Thumb Code     0  startup_stm32f40_41xxx.o(.text)
    EXTI15_10_IRQHandler                     0x0800af0b   Thumb Code     0  startup_stm32f40_41xxx.o(.text)
    EXTI1_IRQHandler                         0x0800af0b   Thumb Code     0  startup_stm32f40_41xxx.o(.text)
    EXTI2_IRQHandler                         0x0800af0b   Thumb Code     0  startup_stm32f40_41xxx.o(.text)
    EXTI3_IRQHandler                         0x0800af0b   Thumb Code     0  startup_stm32f40_41xxx.o(.text)
    EXTI4_IRQHandler                         0x0800af0b   Thumb Code     0  startup_stm32f40_41xxx.o(.text)
    EXTI9_5_IRQHandler                       0x0800af0b   Thumb Code     0  startup_stm32f40_41xxx.o(.text)
    FLASH_IRQHandler                         0x0800af0b   Thumb Code     0  startup_stm32f40_41xxx.o(.text)
    FPU_IRQHandler                           0x0800af0b   Thumb Code     0  startup_stm32f40_41xxx.o(.text)
    FSMC_IRQHandler                          0x0800af0b   Thumb Code     0  startup_stm32f40_41xxx.o(.text)
    HASH_RNG_IRQHandler                      0x0800af0b   Thumb Code     0  startup_stm32f40_41xxx.o(.text)
    I2C1_ER_IRQHandler                       0x0800af0b   Thumb Code     0  startup_stm32f40_41xxx.o(.text)
    I2C1_EV_IRQHandler                       0x0800af0b   Thumb Code     0  startup_stm32f40_41xxx.o(.text)
    I2C2_ER_IRQHandler                       0x0800af0b   Thumb Code     0  startup_stm32f40_41xxx.o(.text)
    I2C2_EV_IRQHandler                       0x0800af0b   Thumb Code     0  startup_stm32f40_41xxx.o(.text)
    I2C3_ER_IRQHandler                       0x0800af0b   Thumb Code     0  startup_stm32f40_41xxx.o(.text)
    I2C3_EV_IRQHandler                       0x0800af0b   Thumb Code     0  startup_stm32f40_41xxx.o(.text)
    OTG_FS_IRQHandler                        0x0800af0b   Thumb Code     0  startup_stm32f40_41xxx.o(.text)
    OTG_FS_WKUP_IRQHandler                   0x0800af0b   Thumb Code     0  startup_stm32f40_41xxx.o(.text)
    OTG_HS_EP1_IN_IRQHandler                 0x0800af0b   Thumb Code     0  startup_stm32f40_41xxx.o(.text)
    OTG_HS_EP1_OUT_IRQHandler                0x0800af0b   Thumb Code     0  startup_stm32f40_41xxx.o(.text)
    OTG_HS_IRQHandler                        0x0800af0b   Thumb Code     0  startup_stm32f40_41xxx.o(.text)
    OTG_HS_WKUP_IRQHandler                   0x0800af0b   Thumb Code     0  startup_stm32f40_41xxx.o(.text)
    PVD_IRQHandler                           0x0800af0b   Thumb Code     0  startup_stm32f40_41xxx.o(.text)
    RCC_IRQHandler                           0x0800af0b   Thumb Code     0  startup_stm32f40_41xxx.o(.text)
    RTC_Alarm_IRQHandler                     0x0800af0b   Thumb Code     0  startup_stm32f40_41xxx.o(.text)
    RTC_WKUP_IRQHandler                      0x0800af0b   Thumb Code     0  startup_stm32f40_41xxx.o(.text)
    SDIO_IRQHandler                          0x0800af0b   Thumb Code     0  startup_stm32f40_41xxx.o(.text)
    SPI1_IRQHandler                          0x0800af0b   Thumb Code     0  startup_stm32f40_41xxx.o(.text)
    SPI2_IRQHandler                          0x0800af0b   Thumb Code     0  startup_stm32f40_41xxx.o(.text)
    SPI3_IRQHandler                          0x0800af0b   Thumb Code     0  startup_stm32f40_41xxx.o(.text)
    TAMP_STAMP_IRQHandler                    0x0800af0b   Thumb Code     0  startup_stm32f40_41xxx.o(.text)
    TIM1_BRK_TIM9_IRQHandler                 0x0800af0b   Thumb Code     0  startup_stm32f40_41xxx.o(.text)
    TIM1_CC_IRQHandler                       0x0800af0b   Thumb Code     0  startup_stm32f40_41xxx.o(.text)
    TIM1_TRG_COM_TIM11_IRQHandler            0x0800af0b   Thumb Code     0  startup_stm32f40_41xxx.o(.text)
    TIM1_UP_TIM10_IRQHandler                 0x0800af0b   Thumb Code     0  startup_stm32f40_41xxx.o(.text)
    TIM2_IRQHandler                          0x0800af0b   Thumb Code     0  startup_stm32f40_41xxx.o(.text)
    TIM3_IRQHandler                          0x0800af0b   Thumb Code     0  startup_stm32f40_41xxx.o(.text)
    TIM4_IRQHandler                          0x0800af0b   Thumb Code     0  startup_stm32f40_41xxx.o(.text)
    TIM5_IRQHandler                          0x0800af0b   Thumb Code     0  startup_stm32f40_41xxx.o(.text)
    TIM7_IRQHandler                          0x0800af0b   Thumb Code     0  startup_stm32f40_41xxx.o(.text)
    TIM8_BRK_TIM12_IRQHandler                0x0800af0b   Thumb Code     0  startup_stm32f40_41xxx.o(.text)
    TIM8_CC_IRQHandler                       0x0800af0b   Thumb Code     0  startup_stm32f40_41xxx.o(.text)
    TIM8_TRG_COM_TIM14_IRQHandler            0x0800af0b   Thumb Code     0  startup_stm32f40_41xxx.o(.text)
    TIM8_UP_TIM13_IRQHandler                 0x0800af0b   Thumb Code     0  startup_stm32f40_41xxx.o(.text)
    USART2_IRQHandler                        0x0800af0b   Thumb Code     0  startup_stm32f40_41xxx.o(.text)
    WWDG_IRQHandler                          0x0800af0b   Thumb Code     0  startup_stm32f40_41xxx.o(.text)
    __user_initial_stackheap                 0x0800af0d   Thumb Code     0  startup_stm32f40_41xxx.o(.text)
    arm_abs_f32                              0x0800af31   Thumb Code    26  basicmathfunctions.o(.text)
    arm_abs_f64                              0x0800af4b   Thumb Code    44  basicmathfunctions.o(.text)
    arm_abs_q15                              0x0800af77   Thumb Code    40  basicmathfunctions.o(.text)
    arm_abs_q31                              0x0800af9f   Thumb Code    34  basicmathfunctions.o(.text)
    arm_abs_q7                               0x0800afc1   Thumb Code    40  basicmathfunctions.o(.text)
    arm_add_f32                              0x0800afe9   Thumb Code    30  basicmathfunctions.o(.text)
    arm_add_f64                              0x0800b007   Thumb Code    72  basicmathfunctions.o(.text)
    arm_add_q15                              0x0800b04f   Thumb Code    32  basicmathfunctions.o(.text)
    arm_add_q31                              0x0800b06f   Thumb Code    24  basicmathfunctions.o(.text)
    arm_add_q7                               0x0800b087   Thumb Code    32  basicmathfunctions.o(.text)
    arm_and_u16                              0x0800b0a7   Thumb Code    28  basicmathfunctions.o(.text)
    arm_and_u32                              0x0800b0c3   Thumb Code    22  basicmathfunctions.o(.text)
    arm_and_u8                               0x0800b0d9   Thumb Code    28  basicmathfunctions.o(.text)
    arm_dot_prod_f32                         0x0800b0f5   Thumb Code    46  basicmathfunctions.o(.text)
    arm_dot_prod_f64                         0x0800b123   Thumb Code   106  basicmathfunctions.o(.text)
    arm_dot_prod_q15                         0x0800b18d   Thumb Code    54  basicmathfunctions.o(.text)
    arm_dot_prod_q31                         0x0800b1c3   Thumb Code    60  basicmathfunctions.o(.text)
    arm_dot_prod_q7                          0x0800b1ff   Thumb Code    30  basicmathfunctions.o(.text)
    arm_mult_f32                             0x0800b21d   Thumb Code    30  basicmathfunctions.o(.text)
    arm_mult_f64                             0x0800b23b   Thumb Code    72  basicmathfunctions.o(.text)
    arm_mult_q15                             0x0800b283   Thumb Code    34  basicmathfunctions.o(.text)
    arm_mult_q31                             0x0800b2a5   Thumb Code    34  basicmathfunctions.o(.text)
    arm_mult_q7                              0x0800b2c7   Thumb Code    34  basicmathfunctions.o(.text)
    arm_negate_f32                           0x0800b2e9   Thumb Code    26  basicmathfunctions.o(.text)
    arm_negate_f64                           0x0800b303   Thumb Code    50  basicmathfunctions.o(.text)
    arm_negate_q15                           0x0800b335   Thumb Code    40  basicmathfunctions.o(.text)
    arm_negate_q31                           0x0800b35d   Thumb Code    24  basicmathfunctions.o(.text)
    arm_negate_q7                            0x0800b375   Thumb Code    30  basicmathfunctions.o(.text)
    arm_not_u16                              0x0800b393   Thumb Code    24  basicmathfunctions.o(.text)
    arm_not_u32                              0x0800b3ab   Thumb Code    20  basicmathfunctions.o(.text)
    arm_not_u8                               0x0800b3bf   Thumb Code    24  basicmathfunctions.o(.text)
    arm_offset_f32                           0x0800b3d7   Thumb Code    26  basicmathfunctions.o(.text)
    arm_offset_f64                           0x0800b3f1   Thumb Code    70  basicmathfunctions.o(.text)
    arm_offset_q15                           0x0800b437   Thumb Code    28  basicmathfunctions.o(.text)
    arm_offset_q31                           0x0800b453   Thumb Code    22  basicmathfunctions.o(.text)
    arm_offset_q7                            0x0800b469   Thumb Code    28  basicmathfunctions.o(.text)
    arm_or_u16                               0x0800b485   Thumb Code    28  basicmathfunctions.o(.text)
    arm_or_u32                               0x0800b4a1   Thumb Code    22  basicmathfunctions.o(.text)
    arm_or_u8                                0x0800b4b7   Thumb Code    42  basicmathfunctions.o(.text)
    arm_scale_f32                            0x0800b4e1   Thumb Code    26  basicmathfunctions.o(.text)
    arm_scale_f64                            0x0800b4fb   Thumb Code    70  basicmathfunctions.o(.text)
    arm_scale_q15                            0x0800b541   Thumb Code    38  basicmathfunctions.o(.text)
    arm_scale_q31                            0x0800b567   Thumb Code   108  basicmathfunctions.o(.text)
    arm_scale_q7                             0x0800b5d3   Thumb Code    38  basicmathfunctions.o(.text)
    arm_shift_q15                            0x0800b5f9   Thumb Code    58  basicmathfunctions.o(.text)
    arm_shift_q31                            0x0800b633   Thumb Code   110  basicmathfunctions.o(.text)
    arm_shift_q7                             0x0800b6a1   Thumb Code    58  basicmathfunctions.o(.text)
    arm_sub_f32                              0x0800b6db   Thumb Code    30  basicmathfunctions.o(.text)
    arm_sub_f64                              0x0800b6f9   Thumb Code    72  basicmathfunctions.o(.text)
    arm_sub_q15                              0x0800b741   Thumb Code    32  basicmathfunctions.o(.text)
    arm_sub_q31                              0x0800b761   Thumb Code    24  basicmathfunctions.o(.text)
    arm_sub_q7                               0x0800b779   Thumb Code    32  basicmathfunctions.o(.text)
    arm_xor_u16                              0x0800b799   Thumb Code    28  basicmathfunctions.o(.text)
    arm_xor_u32                              0x0800b7b5   Thumb Code    22  basicmathfunctions.o(.text)
    arm_xor_u8                               0x0800b7cb   Thumb Code    28  basicmathfunctions.o(.text)
    arm_clip_f32                             0x0800b7e7   Thumb Code    88  basicmathfunctions.o(.text)
    arm_clip_q31                             0x0800b83f   Thumb Code    54  basicmathfunctions.o(.text)
    arm_clip_q15                             0x0800b875   Thumb Code    54  basicmathfunctions.o(.text)
    arm_clip_q7                              0x0800b8ab   Thumb Code    42  basicmathfunctions.o(.text)
    arm_mat_add_f32                          0x0800b8d5   Thumb Code    56  matrixfunctions.o(.text)
    arm_mat_add_q15                          0x0800b90d   Thumb Code    60  matrixfunctions.o(.text)
    arm_mat_add_q31                          0x0800b949   Thumb Code    56  matrixfunctions.o(.text)
    arm_mat_cmplx_mult_f32                   0x0800b981   Thumb Code   218  matrixfunctions.o(.text)
    arm_mat_cmplx_mult_q15                   0x0800ba5b   Thumb Code   602  matrixfunctions.o(.text)
    arm_mat_cmplx_mult_q31                   0x0800bcb5   Thumb Code   320  matrixfunctions.o(.text)
    arm_mat_init_f64                         0x0800bdf5   Thumb Code     8  matrixfunctions.o(.text)
    arm_mat_init_f32                         0x0800bdfd   Thumb Code     8  matrixfunctions.o(.text)
    arm_mat_init_q15                         0x0800be05   Thumb Code     8  matrixfunctions.o(.text)
    arm_mat_init_q31                         0x0800be0d   Thumb Code     8  matrixfunctions.o(.text)
    arm_mat_inverse_f32                      0x0800be15   Thumb Code  1120  matrixfunctions.o(.text)
    arm_mat_inverse_f64                      0x0800c275   Thumb Code  1424  matrixfunctions.o(.text)
    arm_mat_mult_f64                         0x0800c805   Thumb Code   294  matrixfunctions.o(.text)
    arm_mat_mult_f32                         0x0800c92b   Thumb Code   182  matrixfunctions.o(.text)
    arm_mat_mult_fast_q15                    0x0800c9e1   Thumb Code  1260  matrixfunctions.o(.text)
    arm_mat_mult_fast_q31                    0x0800cecd   Thumb Code   574  matrixfunctions.o(.text)
    arm_mat_mult_q7                          0x0800d10b   Thumb Code   158  matrixfunctions.o(.text)
    arm_mat_trans_q15                        0x0800d1a9   Thumb Code    70  matrixfunctions.o(.text)
    arm_mat_mult_q15                         0x0800d1ef   Thumb Code   414  matrixfunctions.o(.text)
    arm_mat_mult_q31                         0x0800d38d   Thumb Code   172  matrixfunctions.o(.text)
    arm_mat_mult_opt_q31                     0x0800d439   Thumb Code   176  matrixfunctions.o(.text)
    arm_mat_scale_f32                        0x0800d4e9   Thumb Code    44  matrixfunctions.o(.text)
    arm_mat_scale_q15                        0x0800d515   Thumb Code    62  matrixfunctions.o(.text)
    arm_mat_scale_q31                        0x0800d553   Thumb Code    80  matrixfunctions.o(.text)
    arm_mat_sub_f64                          0x0800d5a3   Thumb Code   112  matrixfunctions.o(.text)
    arm_mat_sub_f32                          0x0800d613   Thumb Code    56  matrixfunctions.o(.text)
    arm_mat_sub_q15                          0x0800d64b   Thumb Code    60  matrixfunctions.o(.text)
    arm_mat_sub_q31                          0x0800d687   Thumb Code    56  matrixfunctions.o(.text)
    arm_mat_trans_f32                        0x0800d6bf   Thumb Code    68  matrixfunctions.o(.text)
    arm_mat_trans_f64                        0x0800d703   Thumb Code   160  matrixfunctions.o(.text)
    arm_mat_trans_q7                         0x0800d7a3   Thumb Code    84  matrixfunctions.o(.text)
    arm_mat_trans_q31                        0x0800d7f7   Thumb Code    68  matrixfunctions.o(.text)
    arm_mat_vec_mult_f32                     0x0800d83b   Thumb Code   384  matrixfunctions.o(.text)
    arm_mat_vec_mult_q31                     0x0800d9bb   Thumb Code   468  matrixfunctions.o(.text)
    arm_mat_vec_mult_q15                     0x0800db8f   Thumb Code  1070  matrixfunctions.o(.text)
    arm_mat_vec_mult_q7                      0x0800dfbd   Thumb Code   930  matrixfunctions.o(.text)
    arm_mat_cmplx_trans_f32                  0x0800e35f   Thumb Code    94  matrixfunctions.o(.text)
    arm_mat_cmplx_trans_q31                  0x0800e3bd   Thumb Code    94  matrixfunctions.o(.text)
    arm_mat_cmplx_trans_q15                  0x0800e41b   Thumb Code    96  matrixfunctions.o(.text)
    arm_mat_cholesky_f64                     0x0800e47b   Thumb Code   382  matrixfunctions.o(.text)
    arm_mat_cholesky_f32                     0x0800e5f9   Thumb Code   262  matrixfunctions.o(.text)
    arm_mat_solve_upper_triangular_f32       0x0800e6ff   Thumb Code   182  matrixfunctions.o(.text)
    arm_mat_solve_lower_triangular_f32       0x0800e7b5   Thumb Code   184  matrixfunctions.o(.text)
    arm_mat_solve_upper_triangular_f64       0x0800e86d   Thumb Code   298  matrixfunctions.o(.text)
    arm_mat_solve_lower_triangular_f64       0x0800e997   Thumb Code   276  matrixfunctions.o(.text)
    arm_mat_ldlt_f32                         0x0800eaab   Thumb Code   620  matrixfunctions.o(.text)
    arm_mat_ldlt_f64                         0x0800ed17   Thumb Code   762  matrixfunctions.o(.text)
    arm_householder_f32                      0x0800f011   Thumb Code   238  matrixfunctions.o(.text)
    arm_mat_qr_f32                           0x0800f0ff   Thumb Code  1594  matrixfunctions.o(.text)
    arm_householder_f64                      0x0800f739   Thumb Code   310  matrixfunctions.o(.text)
    arm_mat_qr_f64                           0x0800f86f   Thumb Code  2032  matrixfunctions.o(.text)
    arm_barycenter_f32                       0x08010061   Thumb Code   132  supportfunctions.o(.text)
    arm_bitonic_sort_f32                     0x0801018f   Thumb Code    92  supportfunctions.o(.text)
    arm_bubble_sort_f32                      0x080101eb   Thumb Code   156  supportfunctions.o(.text)
    arm_copy_f32                             0x08010287   Thumb Code    22  supportfunctions.o(.text)
    arm_copy_f64                             0x0801029d   Thumb Code    22  supportfunctions.o(.text)
    arm_copy_q15                             0x080102b3   Thumb Code    22  supportfunctions.o(.text)
    arm_copy_q31                             0x080102c9   Thumb Code    18  supportfunctions.o(.text)
    arm_copy_q7                              0x080102db   Thumb Code    22  supportfunctions.o(.text)
    arm_fill_f32                             0x080102f1   Thumb Code    16  supportfunctions.o(.text)
    arm_fill_f64                             0x08010301   Thumb Code    16  supportfunctions.o(.text)
    arm_fill_q15                             0x08010311   Thumb Code    18  supportfunctions.o(.text)
    arm_fill_q31                             0x08010323   Thumb Code    16  supportfunctions.o(.text)
    arm_fill_q7                              0x08010333   Thumb Code    18  supportfunctions.o(.text)
    arm_heap_sort_f32                        0x080103ef   Thumb Code   126  supportfunctions.o(.text)
    arm_insertion_sort_f32                   0x0801046d   Thumb Code   142  supportfunctions.o(.text)
    arm_merge_sort_f32                       0x080105bd   Thumb Code    62  supportfunctions.o(.text)
    arm_merge_sort_init_f32                  0x080105fb   Thumb Code     6  supportfunctions.o(.text)
    arm_quick_sort_f32                       0x080106e5   Thumb Code    50  supportfunctions.o(.text)
    arm_selection_sort_f32                   0x08010717   Thumb Code   162  supportfunctions.o(.text)
    arm_sort_f32                             0x080107b9   Thumb Code   118  supportfunctions.o(.text)
    arm_sort_init_f32                        0x0801082f   Thumb Code     6  supportfunctions.o(.text)
    arm_weighted_sum_f32                     0x08010835   Thumb Code    72  supportfunctions.o(.text)
    arm_f64_to_float                         0x0801087d   Thumb Code    52  supportfunctions.o(.text)
    arm_f64_to_q31                           0x080108b1   Thumb Code    94  supportfunctions.o(.text)
    arm_f64_to_q15                           0x0801090f   Thumb Code    78  supportfunctions.o(.text)
    arm_f64_to_q7                            0x0801095d   Thumb Code    78  supportfunctions.o(.text)
    arm_float_to_f64                         0x080109ab   Thumb Code    50  supportfunctions.o(.text)
    arm_float_to_q15                         0x080109dd   Thumb Code    44  supportfunctions.o(.text)
    arm_float_to_q31                         0x08010a09   Thumb Code    76  supportfunctions.o(.text)
    arm_float_to_q7                          0x08010a55   Thumb Code    44  supportfunctions.o(.text)
    arm_q15_to_f64                           0x08010a81   Thumb Code    64  supportfunctions.o(.text)
    arm_q15_to_float                         0x08010ac1   Thumb Code    40  supportfunctions.o(.text)
    arm_q15_to_q31                           0x08010ae9   Thumb Code    24  supportfunctions.o(.text)
    arm_q15_to_q7                            0x08010b01   Thumb Code    26  supportfunctions.o(.text)
    arm_q31_to_f64                           0x08010b1b   Thumb Code    66  supportfunctions.o(.text)
    arm_q31_to_float                         0x08010b5d   Thumb Code    36  supportfunctions.o(.text)
    arm_q31_to_q15                           0x08010b81   Thumb Code    24  supportfunctions.o(.text)
    arm_q31_to_q7                            0x08010b99   Thumb Code    24  supportfunctions.o(.text)
    arm_q7_to_f64                            0x08010bb1   Thumb Code    64  supportfunctions.o(.text)
    arm_q7_to_float                          0x08010bf1   Thumb Code    40  supportfunctions.o(.text)
    arm_q7_to_q15                            0x08010c19   Thumb Code    26  supportfunctions.o(.text)
    arm_q7_to_q31                            0x08010c33   Thumb Code    24  supportfunctions.o(.text)
    malloc                                   0x08010c71   Thumb Code    94  h1_alloc.o(.text)
    free                                     0x08010ccf   Thumb Code    78  h1_free.o(.text)
    __aeabi_llsl                             0x08010d1d   Thumb Code     0  llshl.o(.text)
    _ll_shift_l                              0x08010d1d   Thumb Code    38  llshl.o(.text)
    __aeabi_assert                           0x08010d45   Thumb Code    86  assert.o(.text)
    __assert                                 0x08010d45   Thumb Code     0  assert.o(.text)
    strstr                                   0x08010dc5   Thumb Code    36  strstr.o(.text)
    strlen                                   0x08010de9   Thumb Code    62  strlen.o(.text)
    __aeabi_memcpy                           0x08010e27   Thumb Code     0  rt_memcpy_v6.o(.text)
    __rt_memcpy                              0x08010e27   Thumb Code   138  rt_memcpy_v6.o(.text)
    _memcpy_lastbytes                        0x08010e8d   Thumb Code     0  rt_memcpy_v6.o(.text)
    __aeabi_memmove                          0x08010eb1   Thumb Code     0  rt_memmove_v6.o(.text)
    __rt_memmove                             0x08010eb1   Thumb Code   132  rt_memmove_v6.o(.text)
    __memmove_lastfew                        0x08010f11   Thumb Code     0  rt_memmove_v6.o(.text)
    __aeabi_memcpy4                          0x08010f35   Thumb Code     0  rt_memcpy_w.o(.text)
    __aeabi_memcpy8                          0x08010f35   Thumb Code     0  rt_memcpy_w.o(.text)
    __rt_memcpy_w                            0x08010f35   Thumb Code   100  rt_memcpy_w.o(.text)
    _memcpy_lastbytes_aligned                0x08010f7d   Thumb Code     0  rt_memcpy_w.o(.text)
    __aeabi_memclr                           0x08010f99   Thumb Code     0  rt_memclr.o(.text)
    __rt_memclr                              0x08010f99   Thumb Code    68  rt_memclr.o(.text)
    _memset                                  0x08010f9d   Thumb Code     0  rt_memclr.o(.text)
    __aeabi_memclr4                          0x08010fdd   Thumb Code     0  rt_memclr_w.o(.text)
    __aeabi_memclr8                          0x08010fdd   Thumb Code     0  rt_memclr_w.o(.text)
    __rt_memclr_w                            0x08010fdd   Thumb Code    78  rt_memclr_w.o(.text)
    _memset_w                                0x08010fe1   Thumb Code     0  rt_memclr_w.o(.text)
    strcmp                                   0x0801102d   Thumb Code   128  strcmpv7m.o(.text)
    __use_two_region_memory                  0x080110ad   Thumb Code     2  heapauxi.o(.text)
    __rt_heap_escrow                         0x080110af   Thumb Code     2  heapauxi.o(.text)
    __rt_heap_expand                         0x080110b1   Thumb Code     2  heapauxi.o(.text)
    __rt_heap_descriptor                     0x080110b5   Thumb Code     8  rt_heap_descriptor_intlibspace.o(.text)
    __use_no_heap                            0x080110bd   Thumb Code     2  hguard.o(.text)
    __heap$guard                             0x080110bf   Thumb Code     2  hguard.o(.text)
    _terminate_user_alloc                    0x080110c1   Thumb Code     2  init_alloc.o(.text)
    _init_user_alloc                         0x080110c3   Thumb Code     2  init_alloc.o(.text)
    __Heap_Full                              0x080110c5   Thumb Code    34  init_alloc.o(.text)
    __Heap_Broken                            0x080110e7   Thumb Code     6  init_alloc.o(.text)
    _init_alloc                              0x080110ed   Thumb Code    94  init_alloc.o(.text)
    __Heap_Initialize                        0x0801114b   Thumb Code    10  h1_init.o(.text)
    __Heap_DescSize                          0x08011155   Thumb Code     4  h1_init.o(.text)
    __read_errno                             0x08011159   Thumb Code    10  _rserrno.o(.text)
    __set_errno                              0x08011163   Thumb Code    12  _rserrno.o(.text)
    abort                                    0x0801116f   Thumb Code    22  abort.o(.text)
    __assert_puts                            0x08011185   Thumb Code    20  assert_puts.o(.text)
    __aeabi_memmove4                         0x08011199   Thumb Code     0  rt_memmove_w.o(.text)
    __aeabi_memmove8                         0x08011199   Thumb Code     0  rt_memmove_w.o(.text)
    __rt_memmove_w                           0x08011199   Thumb Code   122  rt_memmove_w.o(.text)
    __memmove_aligned                        0x080111bf   Thumb Code     0  rt_memmove_w.o(.text)
    __memmove_lastfew_aligned                0x080111f7   Thumb Code     0  rt_memmove_w.o(.text)
    _ttywrch                                 0x08011213   Thumb Code    14  sys_wrch.o(.text)
    _sys_exit                                0x08011221   Thumb Code     8  sys_exit.o(.text)
    __user_libspace                          0x0801122d   Thumb Code     8  libspace.o(.text)
    __user_perproc_libspace                  0x0801122d   Thumb Code     0  libspace.o(.text)
    __user_perthread_libspace                0x0801122d   Thumb Code     0  libspace.o(.text)
    __aeabi_errno_addr                       0x08011235   Thumb Code     8  rt_errno_addr_intlibspace.o(.text)
    __errno$intlibspace                      0x08011235   Thumb Code     0  rt_errno_addr_intlibspace.o(.text)
    __rt_errno_addr$intlibspace              0x08011235   Thumb Code     0  rt_errno_addr_intlibspace.o(.text)
    __Heap_ProvideMemory                     0x0801123d   Thumb Code    52  h1_extend.o(.text)
    __rt_SIGABRT                             0x08011271   Thumb Code    14  defsig_abrt_outer.o(.text)
    __rt_SIGRTMEM                            0x0801127f   Thumb Code    14  defsig_rtmem_outer.o(.text)
    __I$use$semihosting                      0x0801128d   Thumb Code     0  use_no_semi.o(.text)
    __use_no_semihosting_swi                 0x0801128d   Thumb Code     2  use_no_semi.o(.text)
    __semihosting_library_function           0x0801128f   Thumb Code     0  indicate_semi.o(.text)
    __user_setup_stackheap                   0x0801128f   Thumb Code    74  sys_stackheap_outer.o(.text)
    exit                                     0x080112d9   Thumb Code    18  exit.o(.text)
    __sig_exit                               0x080112eb   Thumb Code    10  defsig_exit.o(.text)
    __rt_SIGABRT_inner                       0x080112f5   Thumb Code    14  defsig_abrt_inner.o(.text)
    __rt_SIGRTMEM_inner                      0x08011325   Thumb Code    22  defsig_rtmem_inner.o(.text)
    __default_signal_display                 0x08011375   Thumb Code    50  defsig_general.o(.text)
    __ARM_fpclassify                         0x080113a7   Thumb Code    48  fpclassify.o(i.__ARM_fpclassify)
    __hardfp_atan                            0x080113d9   Thumb Code   622  atan.o(i.__hardfp_atan)
    __hardfp_atan2                           0x080116b1   Thumb Code   448  atan2.o(i.__hardfp_atan2)
    __hardfp_cos                             0x080118b1   Thumb Code   180  cos.o(i.__hardfp_cos)
    __hardfp_fabs                            0x08011979   Thumb Code    20  fabs.o(i.__hardfp_fabs)
    __hardfp_fmod                            0x0801198d   Thumb Code   254  fmod.o(i.__hardfp_fmod)
    __hardfp_sin                             0x08011a91   Thumb Code   180  sin.o(i.__hardfp_sin)
    __hardfp_sqrt                            0x08011b59   Thumb Code   122  sqrt.o(i.__hardfp_sqrt)
    __hardfp_sqrtf                           0x08011bd3   Thumb Code    58  sqrtf.o(i.__hardfp_sqrtf)
    __ieee754_rem_pio2                       0x08011c11   Thumb Code   938  rred.o(i.__ieee754_rem_pio2)
    __kernel_cos                             0x08012049   Thumb Code   322  cos_i.o(i.__kernel_cos)
    __kernel_poly                            0x080121b9   Thumb Code   248  poly.o(i.__kernel_poly)
    __kernel_sin                             0x080122b1   Thumb Code   280  sin_i.o(i.__kernel_sin)
    __mathlib_dbl_infnan                     0x080123e1   Thumb Code    20  dunder.o(i.__mathlib_dbl_infnan)
    __mathlib_dbl_infnan2                    0x080123f5   Thumb Code    20  dunder.o(i.__mathlib_dbl_infnan2)
    __mathlib_dbl_invalid                    0x08012409   Thumb Code    24  dunder.o(i.__mathlib_dbl_invalid)
    __mathlib_dbl_underflow                  0x08012429   Thumb Code    24  dunder.o(i.__mathlib_dbl_underflow)
    atan                                     0x08012449   Thumb Code    16  atan.o(i.atan)
    fabs                                     0x08012459   Thumb Code    24  fabs.o(i.fabs)
    __aeabi_dneg                             0x08012471   Thumb Code     0  basic.o(x$fpl$basic)
    _dneg                                    0x08012471   Thumb Code     6  basic.o(x$fpl$basic)
    __aeabi_fneg                             0x08012477   Thumb Code     0  basic.o(x$fpl$basic)
    _fneg                                    0x08012477   Thumb Code     6  basic.o(x$fpl$basic)
    _dabs                                    0x0801247d   Thumb Code     6  basic.o(x$fpl$basic)
    _fabs                                    0x08012483   Thumb Code     6  basic.o(x$fpl$basic)
    __aeabi_d2f                              0x08012489   Thumb Code     0  d2f.o(x$fpl$d2f)
    _d2f                                     0x08012489   Thumb Code    98  d2f.o(x$fpl$d2f)
    __aeabi_dadd                             0x080124ed   Thumb Code     0  daddsub_clz.o(x$fpl$dadd)
    _dadd                                    0x080124ed   Thumb Code   332  daddsub_clz.o(x$fpl$dadd)
    __fpl_dcmp_Inf                           0x0801263d   Thumb Code    24  dcmpi.o(x$fpl$dcmpinf)
    __aeabi_ddiv                             0x08012655   Thumb Code     0  ddiv.o(x$fpl$ddiv)
    _ddiv                                    0x08012655   Thumb Code   552  ddiv.o(x$fpl$ddiv)
    __aeabi_cdcmpeq                          0x08012905   Thumb Code     0  deqf.o(x$fpl$deqf)
    _dcmpeq                                  0x08012905   Thumb Code   120  deqf.o(x$fpl$deqf)
    __aeabi_d2iz                             0x0801297d   Thumb Code     0  dfix.o(x$fpl$dfix)
    _dfix                                    0x0801297d   Thumb Code    94  dfix.o(x$fpl$dfix)
    __aeabi_d2uiz                            0x080129dd   Thumb Code     0  dfixu.o(x$fpl$dfixu)
    _dfixu                                   0x080129dd   Thumb Code    90  dfixu.o(x$fpl$dfixu)
    __aeabi_i2d                              0x08012a37   Thumb Code     0  dflt_clz.o(x$fpl$dflt)
    _dflt                                    0x08012a37   Thumb Code    46  dflt_clz.o(x$fpl$dflt)
    __aeabi_ui2d                             0x08012a65   Thumb Code     0  dflt_clz.o(x$fpl$dfltu)
    _dfltu                                   0x08012a65   Thumb Code    38  dflt_clz.o(x$fpl$dfltu)
    __aeabi_cdcmple                          0x08012a8d   Thumb Code     0  dleqf.o(x$fpl$dleqf)
    _dcmple                                  0x08012a8d   Thumb Code   120  dleqf.o(x$fpl$dleqf)
    __fpl_dcmple_InfNaN                      0x08012aef   Thumb Code     0  dleqf.o(x$fpl$dleqf)
    __aeabi_dmul                             0x08012b05   Thumb Code     0  dmul.o(x$fpl$dmul)
    _dmul                                    0x08012b05   Thumb Code   332  dmul.o(x$fpl$dmul)
    __fpl_dnaninf                            0x08012c59   Thumb Code   156  dnaninf.o(x$fpl$dnaninf)
    _drem                                    0x08012cf5   Thumb Code   328  drem_clz.o(x$fpl$drem)
    __fpl_dretinf                            0x08012e45   Thumb Code    12  dretinf.o(x$fpl$dretinf)
    __aeabi_cdrcmple                         0x08012e51   Thumb Code     0  drleqf.o(x$fpl$drleqf)
    _drcmple                                 0x08012e51   Thumb Code   108  drleqf.o(x$fpl$drleqf)
    __aeabi_drsub                            0x08012ebd   Thumb Code     0  daddsub_clz.o(x$fpl$drsb)
    _drsb                                    0x08012ebd   Thumb Code    22  daddsub_clz.o(x$fpl$drsb)
    _dsqrt                                   0x08012ed5   Thumb Code   404  dsqrt_umaal.o(x$fpl$dsqrt)
    __aeabi_dsub                             0x0801306d   Thumb Code     0  daddsub_clz.o(x$fpl$dsub)
    _dsub                                    0x0801306d   Thumb Code   464  daddsub_clz.o(x$fpl$dsub)
    __aeabi_f2d                              0x08013241   Thumb Code     0  f2d.o(x$fpl$f2d)
    _f2d                                     0x08013241   Thumb Code    86  f2d.o(x$fpl$f2d)
    __fpl_fnaninf                            0x08013297   Thumb Code   140  fnaninf.o(x$fpl$fnaninf)
    _fp_init                                 0x08013323   Thumb Code    10  fpinit.o(x$fpl$fpinit)
    __fplib_config_fpu_vfp                   0x0801332b   Thumb Code     0  fpinit.o(x$fpl$fpinit)
    __fplib_config_pureend_doubles           0x0801332b   Thumb Code     0  fpinit.o(x$fpl$fpinit)
    __fpl_fretinf                            0x0801332d   Thumb Code    10  fretinf.o(x$fpl$fretinf)
    __aeabi_d2lz                             0x08013339   Thumb Code     0  dfixll.o(x$fpl$llsfromd)
    _ll_sfrom_d                              0x08013339   Thumb Code   194  dfixll.o(x$fpl$llsfromd)
    __aeabi_f2lz                             0x080133fd   Thumb Code     0  ffixll.o(x$fpl$llsfromf)
    _ll_sfrom_f                              0x080133fd   Thumb Code   134  ffixll.o(x$fpl$llsfromf)
    __I$use$fp                               0x08013482   Number         0  usenofp.o(x$fpl$usenofp)
    protobuf_c_empty_string                  0x08013484   Data           1  protobuf-c.o(.constdata)
    device_to_host__frame__descriptor        0x080135a0   Data          60  recieve.pb-c.o(.constdata)
    host_to_device__frame__descriptor        0x0801372c   Data          60  send.pb-c.o(.constdata)
    CRC8_INIT                                0x0801378c   Data           1  judge.o(.constdata)
    CRC8_TAB                                 0x0801378d   Data         256  judge.o(.constdata)
    wCRC_Table                               0x0801388e   Data         512  judge.o(.constdata)
    __mathlib_zero                           0x08013b58   Data           8  qnan.o(.constdata)
    Region$$Table$$Base                      0x08013d9c   Number         0  anon$$obj.o(Region$$Table)
    Region$$Table$$Limit                     0x08013dbc   Number         0  anon$$obj.o(Region$$Table)
    SystemCoreClock                          0x20000000   Data           4  system_stm32f4xx.o(.data)
    AHBPrescTable                            0x20000004   Data          16  system_stm32f4xx.o(.data)
    time_tick                                0x20000014   Data           4  control_task.o(.data)
    pitch_min                                0x20000018   Data           4  gimbal_task.o(.data)
    pitch_max                                0x2000001c   Data           4  gimbal_task.o(.data)
    pitch_middle                             0x20000020   Data           4  gimbal_task.o(.data)
    Pitch_min                                0x20000024   Data           4  gimbal_task.o(.data)
    Pitch_max                                0x20000028   Data           4  gimbal_task.o(.data)
    Buff_Yaw_remain                          0x2000002c   Data           4  gimbal_task.o(.data)
    Buff_pitch_remain                        0x20000030   Data           4  gimbal_task.o(.data)
    auto_aim_Yaw_remain                      0x20000034   Data           4  gimbal_task.o(.data)
    auto_aim_pitch_remain                    0x20000038   Data           4  gimbal_task.o(.data)
    last_pitch_angle                         0x2000003c   Data           4  gimbal_task.o(.data)
    last_yaw_angle                           0x20000040   Data           4  gimbal_task.o(.data)
    yaw_angle_ref_aim                        0x20000044   Data           4  gimbal_task.o(.data)
    pit_angle_ref_aim                        0x20000048   Data           4  gimbal_task.o(.data)
    last_yaw                                 0x2000004c   Data           4  gimbal_task.o(.data)
    last_pit                                 0x20000050   Data           4  gimbal_task.o(.data)
    first_flag                               0x20000054   Data           1  gimbal_task.o(.data)
    ved                                      0x20000055   Data           1  gimbal_task.o(.data)
    Delta_Dect_Angle_Yaw                     0x20000058   Data           4  gimbal_task.o(.data)
    Delta_Dect_Angle_Pit                     0x2000005c   Data           4  gimbal_task.o(.data)
    K_V                                      0x20000060   Data           4  gimbal_task.o(.data)
    K_X                                      0x20000064   Data           4  gimbal_task.o(.data)
    chassis_speed                            0x20000068   Data           2  infantry_mode_switch_task.o(.data)
    this_input_mode                          0x2000006a   Data           1  infantry_mode_switch_task.o(.data)
    last_input_mode                          0x2000006b   Data           1  infantry_mode_switch_task.o(.data)
    buff_kf_flag                             0x2000006c   Data           4  buff_karman_filter.o(.data)
    buff_kalman_filter                       0x20000070   Data         560  buff_karman_filter.o(.data)
    TEMP__2_data                             0x200002a0   Data           8  buff_karman_filter.o(.data)
    TEMP_2_data                              0x200002a8   Data           8  buff_karman_filter.o(.data)
    rotate_flag                              0x200002b4   Data           1  17mm_shoot_task.o(.data)
    reverse_once_flag                        0x200002b5   Data           1  17mm_shoot_task.o(.data)
    poke_cnt                                 0x200002b8   Data           4  17mm_shoot_task.o(.data)
    poke_lock_cnt                            0x200002bc   Data           4  17mm_shoot_task.o(.data)
    poke_reach_flag                          0x200002c0   Data           1  17mm_shoot_task.o(.data)
    poke_lock_flag                           0x200002c1   Data           1  17mm_shoot_task.o(.data)
    buff_poke_init                           0x200002c2   Data           1  17mm_shoot_task.o(.data)
    start_shooting_count                     0x200002c4   Data           4  17mm_shoot_task.o(.data)
    start_reversal_count1                    0x200002c8   Data           4  17mm_shoot_task.o(.data)
    lock_rotor1                              0x200002cc   Data           1  17mm_shoot_task.o(.data)
    press_l_flag                             0x200002cd   Data           1  17mm_shoot_task.o(.data)
    CRC_INIT                                 0x20000318   Data           2  judge.o(.data)
    remote_flagW1                            0x2000031a   Data           1  remote.o(.data)
    remote_flagW2                            0x2000031b   Data           1  remote.o(.data)
    remote_flagA1                            0x2000031c   Data           1  remote.o(.data)
    remote_flagA2                            0x2000031d   Data           1  remote.o(.data)
    remote_flagS1                            0x2000031e   Data           1  remote.o(.data)
    remote_flagS2                            0x2000031f   Data           1  remote.o(.data)
    remote_flagD1                            0x20000320   Data           1  remote.o(.data)
    remote_flagD2                            0x20000321   Data           1  remote.o(.data)
    remote_flagSHIFT1                        0x20000322   Data           1  remote.o(.data)
    remote_flagSHIFT2                        0x20000323   Data           1  remote.o(.data)
    remote_flagCTRL1                         0x20000324   Data           1  remote.o(.data)
    remote_flagCTRL2                         0x20000325   Data           1  remote.o(.data)
    remote_flagQ1                            0x20000326   Data           1  remote.o(.data)
    remote_flagQ2                            0x20000327   Data           1  remote.o(.data)
    remote_flagE1                            0x20000328   Data           1  remote.o(.data)
    remote_flagE2                            0x20000329   Data           1  remote.o(.data)
    remote_flagR1                            0x2000032a   Data           1  remote.o(.data)
    remote_flagR2                            0x2000032b   Data           1  remote.o(.data)
    remote_flagF1                            0x2000032c   Data           1  remote.o(.data)
    remote_flagF2                            0x2000032d   Data           1  remote.o(.data)
    remote_flagG1                            0x2000032e   Data           1  remote.o(.data)
    remote_flagG2                            0x2000032f   Data           1  remote.o(.data)
    remote_flagZ1                            0x20000330   Data           1  remote.o(.data)
    remote_flagZ2                            0x20000331   Data           1  remote.o(.data)
    remote_flagX1                            0x20000332   Data           1  remote.o(.data)
    remote_flagX2                            0x20000333   Data           1  remote.o(.data)
    remote_flagC1                            0x20000334   Data           1  remote.o(.data)
    remote_flagC2                            0x20000335   Data           1  remote.o(.data)
    remote_flagV1                            0x20000336   Data           1  remote.o(.data)
    remote_flagV2                            0x20000337   Data           1  remote.o(.data)
    remote_flagB1                            0x20000338   Data           1  remote.o(.data)
    remote_flagB2                            0x20000339   Data           1  remote.o(.data)
    Uart4_Protobuf_Receive_Gimbal_Angle      0x2000033c   Data           4  old_auto_shoot.o(.data)
    DateLength                               0x20000340   Data           1  old_auto_shoot.o(.data)
    gimbal_data                              0x20000364   Data        1876  gimbal_task.o(.bss)
    chassis                                  0x20000ab8   Data         168  infantry_mode_switch_task.o(.bss)
    TEMP41_data                              0x20000b60   Data          16  buff_karman_filter.o(.bss)
    bTEMP2_data                              0x20000b70   Data          64  buff_karman_filter.o(.bss)
    TEMP24_data                              0x20000bb0   Data          32  buff_karman_filter.o(.bss)
    TEMP_22_data                             0x20000bd0   Data          16  buff_karman_filter.o(.bss)
    bTEMP_data                               0x20000be0   Data          64  buff_karman_filter.o(.bss)
    TEMP42_data                              0x20000c20   Data          32  buff_karman_filter.o(.bss)
    TEMP22_data                              0x20000c40   Data          16  buff_karman_filter.o(.bss)
    TEMP_41_data                             0x20000c50   Data          16  buff_karman_filter.o(.bss)
    shoot                                    0x20000c60   Data         144  17mm_shoot_task.o(.bss)
    pid_trigger_angle                        0x20000cf0   Data         304  17mm_shoot_task.o(.bss)
    pid_trigger_angle_buf                    0x20000e20   Data          76  17mm_shoot_task.o(.bss)
    pid_trigger_speed_buf                    0x20000e6c   Data          76  17mm_shoot_task.o(.bss)
    pid_yaw_follow                           0x20000eb8   Data          76  oldpid.o(.bss)
    pid_pit_follow                           0x20000f04   Data          76  oldpid.o(.bss)
    pid_pit_speed_follow                     0x20000f50   Data          76  oldpid.o(.bss)
    pid_yaw_speed_follow                     0x20000f9c   Data          76  oldpid.o(.bss)
    pid_yaw_small_buff                       0x20000fe8   Data          76  oldpid.o(.bss)
    pid_pit_small_buff                       0x20001034   Data          76  oldpid.o(.bss)
    pid_pit_speed_small_buff                 0x20001080   Data          76  oldpid.o(.bss)
    pid_yaw_speed_small_buff                 0x200010cc   Data          76  oldpid.o(.bss)
    pid_yaw_small_buff1                      0x20001118   Data          76  oldpid.o(.bss)
    pid_pit_small_buff1                      0x20001164   Data          76  oldpid.o(.bss)
    pid_pit_speed_small_buff1                0x200011b0   Data          76  oldpid.o(.bss)
    pid_yaw_speed_small_buff1                0x200011fc   Data          76  oldpid.o(.bss)
    pid_yaw_big_buff                         0x20001248   Data          76  oldpid.o(.bss)
    pid_pit_big_buff                         0x20001294   Data          76  oldpid.o(.bss)
    pid_pit_speed_big_buff                   0x200012e0   Data          76  oldpid.o(.bss)
    pid_yaw_speed_big_buff                   0x2000132c   Data          76  oldpid.o(.bss)
    pid_yaw_big_buff1                        0x20001378   Data          76  oldpid.o(.bss)
    pid_pit_big_buff1                        0x200013c4   Data          76  oldpid.o(.bss)
    pid_pit_speed_big_buff1                  0x20001410   Data          76  oldpid.o(.bss)
    pid_yaw_speed_big_buff1                  0x2000145c   Data          76  oldpid.o(.bss)
    pid_yaw_auto_angle                       0x200014a8   Data          76  oldpid.o(.bss)
    pid_pit_auto_angle                       0x200014f4   Data          76  oldpid.o(.bss)
    pid_pit_speed_auto_angle                 0x20001540   Data          76  oldpid.o(.bss)
    pid_yaw_speed_auto_angle                 0x2000158c   Data          76  oldpid.o(.bss)
    pid_yaw_follow_chassis_angle             0x200015d8   Data          76  oldpid.o(.bss)
    pid_yaw_follow_chassis_speed             0x20001624   Data          76  oldpid.o(.bss)
    pid_yaw                                  0x20001670   Data          76  oldpid.o(.bss)
    pid_pit                                  0x200016bc   Data          76  oldpid.o(.bss)
    pid_auto_aim_yaw                         0x20001708   Data          76  oldpid.o(.bss)
    pid_auto_aim_pit                         0x20001754   Data          76  oldpid.o(.bss)
    pid_yaw_speed                            0x200017a0   Data          76  oldpid.o(.bss)
    pid_pit_speed                            0x200017ec   Data          76  oldpid.o(.bss)
    pid_spd                                  0x20001838   Data         304  oldpid.o(.bss)
    pid_chassis_angle                        0x20001968   Data          76  oldpid.o(.bss)
    pid_trigger                              0x200019b4   Data          76  oldpid.o(.bss)
    pid_trigger_speed                        0x20001a00   Data         152  oldpid.o(.bss)
    pid_trigger_second_speed                 0x20001a98   Data          76  oldpid.o(.bss)
    pid_rotate                               0x20001ae4   Data         304  oldpid.o(.bss)
    pid_imu_tmp                              0x20001c14   Data          76  oldpid.o(.bss)
    pid_voltage                              0x20001c60   Data          76  oldpid.o(.bss)
    pid_software_limit                       0x20001cac   Data          76  oldpid.o(.bss)
    pid_speed_bias                           0x20001cf8   Data          76  oldpid.o(.bss)
    pid_front_distance                       0x20001d44   Data          76  oldpid.o(.bss)
    pid_right_distance                       0x20001d90   Data          76  oldpid.o(.bss)
    pid_angle_distance                       0x20001ddc   Data          76  oldpid.o(.bss)
    pid_spring                               0x20001e28   Data         152  oldpid.o(.bss)
    pid_cha_6020_angle                       0x20001ec0   Data         304  oldpid.o(.bss)
    pid_cha_3508_angle                       0x20001ff0   Data         304  oldpid.o(.bss)
    pid_cha_6020_speed                       0x20002120   Data         304  oldpid.o(.bss)
    pid_cha_3508_speed                       0x20002250   Data         304  oldpid.o(.bss)
    gimbal_gyro                              0x20002380   Data          36  senior.o(.bss)
    chassis_gyro                             0x200023a4   Data          36  senior.o(.bss)
    steering_wheel_chassis                   0x200023c8   Data         704  senior.o(.bss)
    Mecanum_chassis                          0x20002688   Data         352  senior.o(.bss)
    Pitch_Encoder                            0x200027e8   Data          88  senior.o(.bss)
    yaw_Encoder                              0x20002840   Data          88  senior.o(.bss)
    hero_small_gimbal                        0x20002898   Data         176  senior.o(.bss)
    general_friction                         0x20002948   Data         528  senior.o(.bss)
    general_poke                             0x20002b58   Data         440  senior.o(.bss)
    judge_rece_mesg                          0x20002da4   Data         188  judge.o(.bss)
    RC_CtrlData                              0x20002e60   Data          73  remote.o(.bss)
    uart_cha_data                            0x20002ea9   Data          25  uart_cha_transmit.o(.bss)
    new_location                             0x20002ec4   Data          44  old_auto_shoot.o(.bss)
    msg                                      0x20002ef0   Data          32  old_auto_shoot.o(.bss)
    _UART5_DMA_RX_BUF                        0x20002f74   Data        1024  usart.o(.bss)
    _UART4_DMA_RX_BUF                        0x2000348a   Data         100  usart.o(.bss)
    USART2_DMA_TX_BUF                        0x20003552   Data          25  usart.o(.bss)
    UART4_DMA_TX_BUF                         0x2000356b   Data         100  usart.o(.bss)
    __libspace_start                         0x20003668   Data          96  libspace.o(.bss)
    __temporary_stack_top$libspace           0x200036c8   Data           0  libspace.o(.bss)



==============================================================================

Memory Map of the image

  Image Entry point : 0x08000189

  Load Region LR_IROM1 (Base: 0x08000000, Size: 0x00014120, Max: 0x00100000, ABSOLUTE, COMPRESSED[0x00013e28])

    Execution Region ER_IROM1 (Exec base: 0x08000000, Load base: 0x08000000, Size: 0x00013dbc, Max: 0x00100000, ABSOLUTE)

    Exec Addr    Load Addr    Size         Type   Attr      Idx    E Section Name        Object

    0x08000000   0x08000000   0x00000188   Data   RO         1662    RESET               startup_stm32f40_41xxx.o
    0x08000188   0x08000188   0x00000008   Code   RO         4260  * !!!main             c_w.l(__main.o)
    0x08000190   0x08000190   0x00000034   Code   RO         4778    !!!scatter          c_w.l(__scatter.o)
    0x080001c4   0x080001c4   0x0000005a   Code   RO         4776    !!dczerorl2         c_w.l(__dczerorl2.o)
    0x0800021e   0x0800021e   0x00000002   PAD
    0x08000220   0x08000220   0x0000001c   Code   RO         4780    !!handler_zi        c_w.l(__scatter_zi.o)
    0x0800023c   0x0800023c   0x00000002   Code   RO         4719    .ARM.Collect$$libinit$$00000000  c_w.l(libinit.o)
    0x0800023e   0x0800023e   0x00000004   Code   RO         4524    .ARM.Collect$$libinit$$00000001  c_w.l(libinit2.o)
    0x08000242   0x08000242   0x00000000   Code   RO         4527    .ARM.Collect$$libinit$$00000004  c_w.l(libinit2.o)
    0x08000242   0x08000242   0x00000008   Code   RO         4528    .ARM.Collect$$libinit$$00000005  c_w.l(libinit2.o)
    0x0800024a   0x0800024a   0x00000000   Code   RO         4530    .ARM.Collect$$libinit$$0000000A  c_w.l(libinit2.o)
    0x0800024a   0x0800024a   0x00000000   Code   RO         4532    .ARM.Collect$$libinit$$0000000C  c_w.l(libinit2.o)
    0x0800024a   0x0800024a   0x00000000   Code   RO         4534    .ARM.Collect$$libinit$$0000000E  c_w.l(libinit2.o)
    0x0800024a   0x0800024a   0x00000000   Code   RO         4537    .ARM.Collect$$libinit$$00000011  c_w.l(libinit2.o)
    0x0800024a   0x0800024a   0x00000000   Code   RO         4539    .ARM.Collect$$libinit$$00000013  c_w.l(libinit2.o)
    0x0800024a   0x0800024a   0x00000000   Code   RO         4541    .ARM.Collect$$libinit$$00000015  c_w.l(libinit2.o)
    0x0800024a   0x0800024a   0x00000000   Code   RO         4543    .ARM.Collect$$libinit$$00000017  c_w.l(libinit2.o)
    0x0800024a   0x0800024a   0x00000000   Code   RO         4545    .ARM.Collect$$libinit$$00000019  c_w.l(libinit2.o)
    0x0800024a   0x0800024a   0x00000000   Code   RO         4547    .ARM.Collect$$libinit$$0000001B  c_w.l(libinit2.o)
    0x0800024a   0x0800024a   0x00000000   Code   RO         4549    .ARM.Collect$$libinit$$0000001D  c_w.l(libinit2.o)
    0x0800024a   0x0800024a   0x00000000   Code   RO         4551    .ARM.Collect$$libinit$$0000001F  c_w.l(libinit2.o)
    0x0800024a   0x0800024a   0x00000000   Code   RO         4553    .ARM.Collect$$libinit$$00000021  c_w.l(libinit2.o)
    0x0800024a   0x0800024a   0x00000000   Code   RO         4555    .ARM.Collect$$libinit$$00000023  c_w.l(libinit2.o)
    0x0800024a   0x0800024a   0x00000000   Code   RO         4557    .ARM.Collect$$libinit$$00000025  c_w.l(libinit2.o)
    0x0800024a   0x0800024a   0x00000000   Code   RO         4561    .ARM.Collect$$libinit$$0000002C  c_w.l(libinit2.o)
    0x0800024a   0x0800024a   0x00000000   Code   RO         4563    .ARM.Collect$$libinit$$0000002E  c_w.l(libinit2.o)
    0x0800024a   0x0800024a   0x00000000   Code   RO         4565    .ARM.Collect$$libinit$$00000030  c_w.l(libinit2.o)
    0x0800024a   0x0800024a   0x00000000   Code   RO         4567    .ARM.Collect$$libinit$$00000032  c_w.l(libinit2.o)
    0x0800024a   0x0800024a   0x00000002   Code   RO         4568    .ARM.Collect$$libinit$$00000033  c_w.l(libinit2.o)
    0x0800024c   0x0800024c   0x00000002   Code   RO         4773    .ARM.Collect$$libshutdown$$00000000  c_w.l(libshutdown.o)
    0x0800024e   0x0800024e   0x00000000   Code   RO         4733    .ARM.Collect$$libshutdown$$00000002  c_w.l(libshutdown2.o)
    0x0800024e   0x0800024e   0x00000000   Code   RO         4735    .ARM.Collect$$libshutdown$$00000004  c_w.l(libshutdown2.o)
    0x0800024e   0x0800024e   0x00000000   Code   RO         4737    .ARM.Collect$$libshutdown$$00000006  c_w.l(libshutdown2.o)
    0x0800024e   0x0800024e   0x00000000   Code   RO         4740    .ARM.Collect$$libshutdown$$00000009  c_w.l(libshutdown2.o)
    0x0800024e   0x0800024e   0x00000000   Code   RO         4743    .ARM.Collect$$libshutdown$$0000000C  c_w.l(libshutdown2.o)
    0x0800024e   0x0800024e   0x00000000   Code   RO         4745    .ARM.Collect$$libshutdown$$0000000E  c_w.l(libshutdown2.o)
    0x0800024e   0x0800024e   0x00000000   Code   RO         4748    .ARM.Collect$$libshutdown$$00000011  c_w.l(libshutdown2.o)
    0x0800024e   0x0800024e   0x00000002   Code   RO         4749    .ARM.Collect$$libshutdown$$00000012  c_w.l(libshutdown2.o)
    0x08000250   0x08000250   0x00000000   Code   RO         4484    .ARM.Collect$$rtentry$$00000000  c_w.l(__rtentry.o)
    0x08000250   0x08000250   0x00000000   Code   RO         4645    .ARM.Collect$$rtentry$$00000002  c_w.l(__rtentry2.o)
    0x08000250   0x08000250   0x00000006   Code   RO         4657    .ARM.Collect$$rtentry$$00000004  c_w.l(__rtentry4.o)
    0x08000256   0x08000256   0x00000000   Code   RO         4647    .ARM.Collect$$rtentry$$00000009  c_w.l(__rtentry2.o)
    0x08000256   0x08000256   0x00000004   Code   RO         4648    .ARM.Collect$$rtentry$$0000000A  c_w.l(__rtentry2.o)
    0x0800025a   0x0800025a   0x00000000   Code   RO         4650    .ARM.Collect$$rtentry$$0000000C  c_w.l(__rtentry2.o)
    0x0800025a   0x0800025a   0x00000008   Code   RO         4651    .ARM.Collect$$rtentry$$0000000D  c_w.l(__rtentry2.o)
    0x08000262   0x08000262   0x00000002   Code   RO         4720    .ARM.Collect$$rtexit$$00000000  c_w.l(rtexit.o)
    0x08000264   0x08000264   0x00000000   Code   RO         4751    .ARM.Collect$$rtexit$$00000002  c_w.l(rtexit2.o)
    0x08000264   0x08000264   0x00000004   Code   RO         4752    .ARM.Collect$$rtexit$$00000003  c_w.l(rtexit2.o)
    0x08000268   0x08000268   0x00000006   Code   RO         4753    .ARM.Collect$$rtexit$$00000004  c_w.l(rtexit2.o)
    0x0800026e   0x0800026e   0x00000002   PAD
    0x08000270   0x08000270   0x00000000   Code   RO         4668    .emb_text           c_w.l(maybetermalloc1.o)
    0x08000270   0x08000270   0x0000000c   Code   RO            4    .text               main.o
    0x0800027c   0x0800027c   0x0000001a   Code   RO          347    .text               stm32f4xx_it.o
    0x08000296   0x08000296   0x00000002   PAD
    0x08000298   0x08000298   0x00000210   Code   RO          400    .text               system_stm32f4xx.o
    0x080004a8   0x080004a8   0x00000148   Code   RO          430    .text               bsp.o
    0x080005f0   0x080005f0   0x00000138   Code   RO          457    .text               control_task.o
    0x08000728   0x08000728   0x00001284   Code   RO          484    .text               gimbal_task.o
    0x080019ac   0x080019ac   0x00000494   Code   RO          515    .text               infantry_mode_switch_task.o
    0x08001e40   0x08001e40   0x00000314   Code   RO          547    .text               buff_karman_filter.o
    0x08002154   0x08002154   0x000009cc   Code   RO          578    .text               17mm_shoot_task.o
    0x08002b20   0x08002b20   0x00000528   Code   RO          610    .text               oldpid.o
    0x08003048   0x08003048   0x00002eec   Code   RO          661    .text               protobuf-c.o
    0x08005f34   0x08005f34   0x00000134   Code   RO          690    .text               recieve.pb-c.o
    0x08006068   0x08006068   0x00000130   Code   RO          716    .text               send.pb-c.o
    0x08006198   0x08006198   0x000000c0   Code   RO          738    .text               canbus.o
    0x08006258   0x08006258   0x00000108   Code   RO          762    .text               ch100.o
    0x08006360   0x08006360   0x00000388   Code   RO          798    .text               dji_motor.o
    0x080066e8   0x080066e8   0x00000584   Code   RO          833    .text               hi220.o
    0x08006c6c   0x08006c6c   0x000002e0   Code   RO          889    .text               judge.o
    0x08006f4c   0x08006f4c   0x000003fc   Code   RO          975    .text               remote.o
    0x08007348   0x08007348   0x00000070   Code   RO         1036    .text               uart_cha_transmit.o
    0x080073b8   0x080073b8   0x00000384   Code   RO         1066    .text               old_auto_shoot.o
    0x0800773c   0x0800773c   0x00000290   Code   RO         1097    .text               can.o
    0x080079cc   0x080079cc   0x00000c38   Code   RO         1195    .text               usart.o
    0x08008604   0x08008604   0x0000008c   Code   RO         1226    .text               timer.o
    0x08008690   0x08008690   0x000000e0   Code   RO         1253    .text               misc.o
    0x08008770   0x08008770   0x000009f0   Code   RO         1301    .text               stm32f4xx_can.o
    0x08009160   0x08009160   0x000003a8   Code   RO         1373    .text               stm32f4xx_dma.o
    0x08009508   0x08009508   0x00000294   Code   RO         1445    .text               stm32f4xx_gpio.o
    0x0800979c   0x0800979c   0x0000065c   Code   RO         1517    .text               stm32f4xx_rcc.o
    0x08009df8   0x08009df8   0x00000ca2   Code   RO         1615    .text               stm32f4xx_tim.o
    0x0800aa9a   0x0800aa9a   0x00000002   PAD
    0x0800aa9c   0x0800aa9c   0x00000454   Code   RO         1639    .text               stm32f4xx_usart.o
    0x0800aef0   0x0800aef0   0x00000040   Code   RO         1663    .text               startup_stm32f40_41xxx.o
    0x0800af30   0x0800af30   0x000009a4   Code   RO         1670    .text               basicmathfunctions.o
    0x0800b8d4   0x0800b8d4   0x0000478a   Code   RO         3004    .text               matrixfunctions.o
    0x0801005e   0x0801005e   0x00000002   PAD
    0x08010060   0x08010060   0x00000c10   Code   RO         3715    .text               supportfunctions.o
    0x08010c70   0x08010c70   0x0000005e   Code   RO         4174    .text               c_w.l(h1_alloc.o)
    0x08010cce   0x08010cce   0x0000004e   Code   RO         4176    .text               c_w.l(h1_free.o)
    0x08010d1c   0x08010d1c   0x00000026   Code   RO         4234    .text               c_w.l(llshl.o)
    0x08010d42   0x08010d42   0x00000002   PAD
    0x08010d44   0x08010d44   0x00000080   Code   RO         4240    .text               c_w.l(assert.o)
    0x08010dc4   0x08010dc4   0x00000024   Code   RO         4242    .text               c_w.l(strstr.o)
    0x08010de8   0x08010de8   0x0000003e   Code   RO         4244    .text               c_w.l(strlen.o)
    0x08010e26   0x08010e26   0x0000008a   Code   RO         4246    .text               c_w.l(rt_memcpy_v6.o)
    0x08010eb0   0x08010eb0   0x00000084   Code   RO         4248    .text               c_w.l(rt_memmove_v6.o)
    0x08010f34   0x08010f34   0x00000064   Code   RO         4250    .text               c_w.l(rt_memcpy_w.o)
    0x08010f98   0x08010f98   0x00000044   Code   RO         4252    .text               c_w.l(rt_memclr.o)
    0x08010fdc   0x08010fdc   0x0000004e   Code   RO         4254    .text               c_w.l(rt_memclr_w.o)
    0x0801102a   0x0801102a   0x00000002   PAD
    0x0801102c   0x0801102c   0x00000080   Code   RO         4256    .text               c_w.l(strcmpv7m.o)
    0x080110ac   0x080110ac   0x00000006   Code   RO         4258    .text               c_w.l(heapauxi.o)
    0x080110b2   0x080110b2   0x00000002   PAD
    0x080110b4   0x080110b4   0x00000008   Code   RO         4492    .text               c_w.l(rt_heap_descriptor_intlibspace.o)
    0x080110bc   0x080110bc   0x00000004   Code   RO         4494    .text               c_w.l(hguard.o)
    0x080110c0   0x080110c0   0x0000008a   Code   RO         4496    .text               c_w.l(init_alloc.o)
    0x0801114a   0x0801114a   0x0000000e   Code   RO         4500    .text               c_w.l(h1_init.o)
    0x08011158   0x08011158   0x00000016   Code   RO         4514    .text               c_w.l(_rserrno.o)
    0x0801116e   0x0801116e   0x00000016   Code   RO         4516    .text               c_w.l(abort.o)
    0x08011184   0x08011184   0x00000014   Code   RO         4518    .text               c_w.l(assert_puts.o)
    0x08011198   0x08011198   0x0000007a   Code   RO         4520    .text               c_w.l(rt_memmove_w.o)
    0x08011212   0x08011212   0x0000000e   Code   RO         4635    .text               c_w.l(sys_wrch.o)
    0x08011220   0x08011220   0x0000000c   Code   RO         4639    .text               c_w.l(sys_exit.o)
    0x0801122c   0x0801122c   0x00000008   Code   RO         4641    .text               c_w.l(libspace.o)
    0x08011234   0x08011234   0x00000008   Code   RO         4664    .text               c_w.l(rt_errno_addr_intlibspace.o)
    0x0801123c   0x0801123c   0x00000034   Code   RO         4670    .text               c_w.l(h1_extend.o)
    0x08011270   0x08011270   0x0000000e   Code   RO         4674    .text               c_w.l(defsig_abrt_outer.o)
    0x0801127e   0x0801127e   0x0000000e   Code   RO         4678    .text               c_w.l(defsig_rtmem_outer.o)
    0x0801128c   0x0801128c   0x00000002   Code   RO         4689    .text               c_w.l(use_no_semi.o)
    0x0801128e   0x0801128e   0x00000000   Code   RO         4691    .text               c_w.l(indicate_semi.o)
    0x0801128e   0x0801128e   0x0000004a   Code   RO         4692    .text               c_w.l(sys_stackheap_outer.o)
    0x080112d8   0x080112d8   0x00000012   Code   RO         4698    .text               c_w.l(exit.o)
    0x080112ea   0x080112ea   0x0000000a   Code   RO         4700    .text               c_w.l(defsig_exit.o)
    0x080112f4   0x080112f4   0x00000030   Code   RO         4702    .text               c_w.l(defsig_abrt_inner.o)
    0x08011324   0x08011324   0x00000050   Code   RO         4708    .text               c_w.l(defsig_rtmem_inner.o)
    0x08011374   0x08011374   0x00000032   Code   RO         4728    .text               c_w.l(defsig_general.o)
    0x080113a6   0x080113a6   0x00000030   Code   RO         4603    i.__ARM_fpclassify  m_wm.l(fpclassify.o)
    0x080113d6   0x080113d6   0x00000002   PAD
    0x080113d8   0x080113d8   0x000002d8   Code   RO         4308    i.__hardfp_atan     m_wm.l(atan.o)
    0x080116b0   0x080116b0   0x00000200   Code   RO         4322    i.__hardfp_atan2    m_wm.l(atan2.o)
    0x080118b0   0x080118b0   0x000000c8   Code   RO         4334    i.__hardfp_cos      m_wm.l(cos.o)
    0x08011978   0x08011978   0x00000014   Code   RO         4374    i.__hardfp_fabs     m_wm.l(fabs.o)
    0x0801198c   0x0801198c   0x00000104   Code   RO         4380    i.__hardfp_fmod     m_wm.l(fmod.o)
    0x08011a90   0x08011a90   0x000000c8   Code   RO         4434    i.__hardfp_sin      m_wm.l(sin.o)
    0x08011b58   0x08011b58   0x0000007a   Code   RO         4446    i.__hardfp_sqrt     m_wm.l(sqrt.o)
    0x08011bd2   0x08011bd2   0x0000003a   Code   RO         4458    i.__hardfp_sqrtf    m_wm.l(sqrtf.o)
    0x08011c0c   0x08011c0c   0x00000004   PAD
    0x08011c10   0x08011c10   0x00000438   Code   RO         4624    i.__ieee754_rem_pio2  m_wm.l(rred.o)
    0x08012048   0x08012048   0x00000170   Code   RO         4586    i.__kernel_cos      m_wm.l(cos_i.o)
    0x080121b8   0x080121b8   0x000000f8   Code   RO         4621    i.__kernel_poly     m_wm.l(poly.o)
    0x080122b0   0x080122b0   0x00000130   Code   RO         4629    i.__kernel_sin      m_wm.l(sin_i.o)
    0x080123e0   0x080123e0   0x00000014   Code   RO         4590    i.__mathlib_dbl_infnan  m_wm.l(dunder.o)
    0x080123f4   0x080123f4   0x00000014   Code   RO         4591    i.__mathlib_dbl_infnan2  m_wm.l(dunder.o)
    0x08012408   0x08012408   0x00000020   Code   RO         4592    i.__mathlib_dbl_invalid  m_wm.l(dunder.o)
    0x08012428   0x08012428   0x00000020   Code   RO         4595    i.__mathlib_dbl_underflow  m_wm.l(dunder.o)
    0x08012448   0x08012448   0x00000010   Code   RO         4310    i.atan              m_wm.l(atan.o)
    0x08012458   0x08012458   0x00000018   Code   RO         4376    i.fabs              m_wm.l(fabs.o)
    0x08012470   0x08012470   0x00000018   Code   RO         4262    x$fpl$basic         fz_wm.l(basic.o)
    0x08012488   0x08012488   0x00000062   Code   RO         4264    x$fpl$d2f           fz_wm.l(d2f.o)
    0x080124ea   0x080124ea   0x00000002   PAD
    0x080124ec   0x080124ec   0x00000150   Code   RO         4266    x$fpl$dadd          fz_wm.l(daddsub_clz.o)
    0x0801263c   0x0801263c   0x00000018   Code   RO         4569    x$fpl$dcmpinf       fz_wm.l(dcmpi.o)
    0x08012654   0x08012654   0x000002b0   Code   RO         4273    x$fpl$ddiv          fz_wm.l(ddiv.o)
    0x08012904   0x08012904   0x00000078   Code   RO         4276    x$fpl$deqf          fz_wm.l(deqf.o)
    0x0801297c   0x0801297c   0x0000005e   Code   RO         4278    x$fpl$dfix          fz_wm.l(dfix.o)
    0x080129da   0x080129da   0x00000002   PAD
    0x080129dc   0x080129dc   0x0000005a   Code   RO         4286    x$fpl$dfixu         fz_wm.l(dfixu.o)
    0x08012a36   0x08012a36   0x0000002e   Code   RO         4291    x$fpl$dflt          fz_wm.l(dflt_clz.o)
    0x08012a64   0x08012a64   0x00000026   Code   RO         4290    x$fpl$dfltu         fz_wm.l(dflt_clz.o)
    0x08012a8a   0x08012a8a   0x00000002   PAD
    0x08012a8c   0x08012a8c   0x00000078   Code   RO         4296    x$fpl$dleqf         fz_wm.l(dleqf.o)
    0x08012b04   0x08012b04   0x00000154   Code   RO         4298    x$fpl$dmul          fz_wm.l(dmul.o)
    0x08012c58   0x08012c58   0x0000009c   Code   RO         4571    x$fpl$dnaninf       fz_wm.l(dnaninf.o)
    0x08012cf4   0x08012cf4   0x00000150   Code   RO         4573    x$fpl$drem          fz_wm.l(drem_clz.o)
    0x08012e44   0x08012e44   0x0000000c   Code   RO         4575    x$fpl$dretinf       fz_wm.l(dretinf.o)
    0x08012e50   0x08012e50   0x0000006c   Code   RO         4300    x$fpl$drleqf        fz_wm.l(drleqf.o)
    0x08012ebc   0x08012ebc   0x00000016   Code   RO         4267    x$fpl$drsb          fz_wm.l(daddsub_clz.o)
    0x08012ed2   0x08012ed2   0x00000002   PAD
    0x08012ed4   0x08012ed4   0x00000198   Code   RO         4577    x$fpl$dsqrt         fz_wm.l(dsqrt_umaal.o)
    0x0801306c   0x0801306c   0x000001d4   Code   RO         4268    x$fpl$dsub          fz_wm.l(daddsub_clz.o)
    0x08013240   0x08013240   0x00000056   Code   RO         4302    x$fpl$f2d           fz_wm.l(f2d.o)
    0x08013296   0x08013296   0x0000008c   Code   RO         4579    x$fpl$fnaninf       fz_wm.l(fnaninf.o)
    0x08013322   0x08013322   0x0000000a   Code   RO         4687    x$fpl$fpinit        fz_wm.l(fpinit.o)
    0x0801332c   0x0801332c   0x0000000a   Code   RO         4581    x$fpl$fretinf       fz_wm.l(fretinf.o)
    0x08013336   0x08013336   0x00000002   PAD
    0x08013338   0x08013338   0x000000c2   Code   RO         4282    x$fpl$llsfromd      fz_wm.l(dfixll.o)
    0x080133fa   0x080133fa   0x00000002   PAD
    0x080133fc   0x080133fc   0x00000086   Code   RO         4304    x$fpl$llsfromf      fz_wm.l(ffixll.o)
    0x08013482   0x08013482   0x00000000   Code   RO         4585    x$fpl$usenofp       fz_wm.l(usenofp.o)
    0x08013482   0x08013482   0x00000002   PAD
    0x08013484   0x08013484   0x0000001c   Data   RO          662    .constdata          protobuf-c.o
    0x080134a0   0x080134a0   0x0000015c   Data   RO          691    .constdata          recieve.pb-c.o
    0x080135fc   0x080135fc   0x00000190   Data   RO          717    .constdata          send.pb-c.o
    0x0801378c   0x0801378c   0x00000302   Data   RO          891    .constdata          judge.o
    0x08013a8e   0x08013a8e   0x00000002   PAD
    0x08013a90   0x08013a90   0x00000098   Data   RO         4311    .constdata          m_wm.l(atan.o)
    0x08013b28   0x08013b28   0x00000030   Data   RO         4587    .constdata          m_wm.l(cos_i.o)
    0x08013b58   0x08013b58   0x00000008   Data   RO         4623    .constdata          m_wm.l(qnan.o)
    0x08013b60   0x08013b60   0x000000c8   Data   RO         4626    .constdata          m_wm.l(rred.o)
    0x08013c28   0x08013c28   0x00000028   Data   RO         4630    .constdata          m_wm.l(sin_i.o)
    0x08013c50   0x08013c50   0x00000047   Data   RO          663    .conststring        protobuf-c.o
    0x08013c97   0x08013c97   0x00000001   PAD
    0x08013c98   0x08013c98   0x0000008b   Data   RO          692    .conststring        recieve.pb-c.o
    0x08013d23   0x08013d23   0x00000001   PAD
    0x08013d24   0x08013d24   0x00000078   Data   RO          718    .conststring        send.pb-c.o
    0x08013d9c   0x08013d9c   0x00000020   Data   RO         4774    Region$$Table       anon$$obj.o


    Execution Region RW_IRAM1 (Exec base: 0x20000000, Load base: 0x08013dbc, Size: 0x00003cc8, Max: 0x00020000, ABSOLUTE, COMPRESSED[0x0000006c])

    Exec Addr    Load Addr    Size         Type   Attr      Idx    E Section Name        Object

    0x20000000   COMPRESSED   0x00000014   Data   RW          401    .data               system_stm32f4xx.o
    0x20000014   COMPRESSED   0x00000004   Data   RW          458    .data               control_task.o
    0x20000018   COMPRESSED   0x00000050   Data   RW          486    .data               gimbal_task.o
    0x20000068   COMPRESSED   0x00000004   Data   RW          517    .data               infantry_mode_switch_task.o
    0x2000006c   COMPRESSED   0x00000245   Data   RW          549    .data               buff_karman_filter.o
    0x200002b1   COMPRESSED   0x00000003   PAD
    0x200002b4   COMPRESSED   0x00000020   Data   RW          580    .data               17mm_shoot_task.o
    0x200002d4   COMPRESSED   0x0000000c   Data   RW          664    .data               protobuf-c.o
    0x200002e0   COMPRESSED   0x0000000c   Data   RW          764    .data               ch100.o
    0x200002ec   COMPRESSED   0x0000002c   Data   RW          835    .data               hi220.o
    0x20000318   COMPRESSED   0x00000002   Data   RW          892    .data               judge.o
    0x2000031a   COMPRESSED   0x00000020   Data   RW          977    .data               remote.o
    0x2000033a   COMPRESSED   0x00000002   PAD
    0x2000033c   COMPRESSED   0x0000000c   Data   RW         1068    .data               old_auto_shoot.o
    0x20000348   COMPRESSED   0x0000000c   Data   RW         1197    .data               usart.o
    0x20000354   COMPRESSED   0x00000010   Data   RW         1518    .data               stm32f4xx_rcc.o
    0x20000364        -       0x00000754   Zero   RW          485    .bss                gimbal_task.o
    0x20000ab8        -       0x000000a8   Zero   RW          516    .bss                infantry_mode_switch_task.o
    0x20000b60        -       0x00000100   Zero   RW          548    .bss                buff_karman_filter.o
    0x20000c60        -       0x00000258   Zero   RW          579    .bss                17mm_shoot_task.o
    0x20000eb8        -       0x000014c8   Zero   RW          611    .bss                oldpid.o
    0x20002380        -       0x00000990   Zero   RW          640    .bss                senior.o
    0x20002d10        -       0x0000004c   Zero   RW          763    .bss                ch100.o
    0x20002d5c        -       0x00000048   Zero   RW          834    .bss                hi220.o
    0x20002da4        -       0x000000bc   Zero   RW          890    .bss                judge.o
    0x20002e60        -       0x00000049   Zero   RW          976    .bss                remote.o
    0x20002ea9        -       0x00000019   Zero   RW         1037    .bss                uart_cha_transmit.o
    0x20002ec2   COMPRESSED   0x00000002   PAD
    0x20002ec4        -       0x000000b0   Zero   RW         1067    .bss                old_auto_shoot.o
    0x20002f74        -       0x000006f1   Zero   RW         1196    .bss                usart.o
    0x20003665   COMPRESSED   0x00000003   PAD
    0x20003668        -       0x00000060   Zero   RW         4642    .bss                c_w.l(libspace.o)
    0x200036c8        -       0x00000200   Zero   RW         1661    HEAP                startup_stm32f40_41xxx.o
    0x200038c8        -       0x00000400   Zero   RW         1660    STACK               startup_stm32f40_41xxx.o


==============================================================================

Image component sizes


      Code (inc. data)   RO Data    RW Data    ZI Data      Debug   Object Name

      2508        210          0         32        600       5624   17mm_shoot_task.o
      2468         14          0          0          0      51337   basicmathfunctions.o
       328         20          0          0          0       1242   bsp.o
       788         52          0        581        256       3943   buff_karman_filter.o
       656         22          0          0          0       2150   can.o
       192         32          0          0          0       1216   canbus.o
       264         26          0         12         76       3864   ch100.o
         0          0          0          0          0        796   complexmathfunctions.o
       312         48          0          4          0        933   control_task.o
       904          8          0          0          0       5033   dji_motor.o
      4740        422          0         80       1876       6171   gimbal_task.o
      1412        114          0         44         72       2424   hi220.o
      1172         64          0          4        168       3988   infantry_mode_switch_task.o
       736         16        770          2        188       9619   judge.o
        12          0          0          0          0     322149   main.o
     18314        110          0          0          0      79796   matrixfunctions.o
       224         20          0          0          0       1813   misc.o
       900         52          0         12        176       3705   old_auto_shoot.o
      1320          8          0          0       5320       7683   oldpid.o
     12012        636         99         12          0      51721   protobuf-c.o
       308        124        487          0          0       9208   recieve.pb-c.o
      1020        132          0         32         73       6287   remote.o
       304        120        520          0          0       3638   send.pb-c.o
         0          0          0          0       2448       1892   senior.o
        64         26        392          0       1536        832   startup_stm32f40_41xxx.o
      2544         38          0          0          0       8140   stm32f4xx_can.o
       936         32          0          0          0       6389   stm32f4xx_dma.o
       660         44          0          0          0       4153   stm32f4xx_gpio.o
        26          0          0          0          0       1218   stm32f4xx_it.o
      1628         52          0         16          0      13028   stm32f4xx_rcc.o
      3234         60          0          0          0      23008   stm32f4xx_tim.o
      1108         34          0          0          0       7876   stm32f4xx_usart.o
      3088         50          0          0          0      39632   supportfunctions.o
       528         46          0         20          0       1771   system_stm32f4xx.o
       140          4          0          0          0        717   timer.o
       112          4          0          0         25       2108   uart_cha_transmit.o
      3128        158          0         12       1777       6709   usart.o

    ----------------------------------------------------------------------
     68096       2798       2304        868      14596     701813   Object Totals
         0          0         32          0          0          0   (incl. Generated)
         6          0          4          5          5          0   (incl. Padding)

    ----------------------------------------------------------------------

      Code (inc. data)   RO Data    RW Data    ZI Data      Debug   Library Member Name

        90          0          0          0          0          0   __dczerorl2.o
         8          0          0          0          0         68   __main.o
         0          0          0          0          0          0   __rtentry.o
        12          0          0          0          0          0   __rtentry2.o
         6          0          0          0          0          0   __rtentry4.o
        52          8          0          0          0          0   __scatter.o
        28          0          0          0          0          0   __scatter_zi.o
        22          0          0          0          0        100   _rserrno.o
        22          0          0          0          0         80   abort.o
       128         42          0          0          0         76   assert.o
        20          0          0          0          0         76   assert_puts.o
        48         34          0          0          0         76   defsig_abrt_inner.o
        14          0          0          0          0         80   defsig_abrt_outer.o
        10          0          0          0          0         68   defsig_exit.o
        50          0          0          0          0         88   defsig_general.o
        80         58          0          0          0         76   defsig_rtmem_inner.o
        14          0          0          0          0         80   defsig_rtmem_outer.o
        18          0          0          0          0         80   exit.o
        94          0          0          0          0         80   h1_alloc.o
        52          0          0          0          0         68   h1_extend.o
        78          0          0          0          0         80   h1_free.o
        14          0          0          0          0         84   h1_init.o
         6          0          0          0          0        152   heapauxi.o
         4          0          0          0          0        136   hguard.o
         0          0          0          0          0          0   indicate_semi.o
       138          0          0          0          0        168   init_alloc.o
         2          0          0          0          0          0   libinit.o
        14          0          0          0          0          0   libinit2.o
         2          0          0          0          0          0   libshutdown.o
         2          0          0          0          0          0   libshutdown2.o
         8          4          0          0         96         68   libspace.o
        38          0          0          0          0         68   llshl.o
         0          0          0          0          0          0   maybetermalloc1.o
         8          4          0          0          0         68   rt_errno_addr_intlibspace.o
         8          4          0          0          0         68   rt_heap_descriptor_intlibspace.o
        68          0          0          0          0         68   rt_memclr.o
        78          0          0          0          0         80   rt_memclr_w.o
       138          0          0          0          0         68   rt_memcpy_v6.o
       100          0          0          0          0         80   rt_memcpy_w.o
       132          0          0          0          0         68   rt_memmove_v6.o
       122          0          0          0          0         80   rt_memmove_w.o
         2          0          0          0          0          0   rtexit.o
        10          0          0          0          0          0   rtexit2.o
       128          0          0          0          0         68   strcmpv7m.o
        62          0          0          0          0         76   strlen.o
        36          0          0          0          0         80   strstr.o
        12          4          0          0          0         68   sys_exit.o
        74          0          0          0          0         80   sys_stackheap_outer.o
        14          0          0          0          0         76   sys_wrch.o
         2          0          0          0          0         68   use_no_semi.o
        24          0          0          0          0        164   basic.o
        98          4          0          0          0        140   d2f.o
       826         16          0          0          0        492   daddsub_clz.o
        24          0          0          0          0        116   dcmpi.o
       688        140          0          0          0        256   ddiv.o
       120          4          0          0          0        140   deqf.o
        94          4          0          0          0        140   dfix.o
       194          4          0          0          0        164   dfixll.o
        90          4          0          0          0        140   dfixu.o
        84          0          0          0          0        232   dflt_clz.o
       120          4          0          0          0        140   dleqf.o
       340         12          0          0          0        152   dmul.o
       156          4          0          0          0        140   dnaninf.o
       336         12          0          0          0        136   drem_clz.o
        12          0          0          0          0        116   dretinf.o
       108          0          0          0          0        128   drleqf.o
       408         56          0          0          0        168   dsqrt_umaal.o
        86          4          0          0          0        132   f2d.o
       134          4          0          0          0        132   ffixll.o
       140          4          0          0          0        132   fnaninf.o
        10          0          0          0          0        116   fpinit.o
        10          0          0          0          0        116   fretinf.o
         0          0          0          0          0          0   usenofp.o
       744        106        152          0          0        352   atan.o
       512         64          0          0          0        208   atan2.o
       200         20          0          0          0        164   cos.o
       368         46         48          0          0        200   cos_i.o
       104         16          0          0          0        496   dunder.o
        44          0          0          0          0        248   fabs.o
       260          6          0          0          0        144   fmod.o
        48          0          0          0          0        124   fpclassify.o
       248          0          0          0          0        152   poly.o
         0          0          8          0          0          0   qnan.o
      1080        142        200          0          0        188   rred.o
       200         20          0          0          0        164   sin.o
       304         24         40          0          0        208   sin_i.o
       122          0          0          0          0        148   sqrt.o
        58          0          0          0          0        136   sqrtf.o

    ----------------------------------------------------------------------
     10492        878        448          0         96       9472   Library Totals
        30          0          0          0          0          0   (incl. Padding)

    ----------------------------------------------------------------------

      Code (inc. data)   RO Data    RW Data    ZI Data      Debug   Library Name

      2068        158          0          0         96       2948   c_w.l
      4102        276          0          0          0       3592   fz_wm.l
      4292        444        448          0          0       2932   m_wm.l

    ----------------------------------------------------------------------
     10492        878        448          0         96       9472   Library Totals

    ----------------------------------------------------------------------

==============================================================================


      Code (inc. data)   RO Data    RW Data    ZI Data      Debug   

     78588       3676       2752        868      14692     699169   Grand Totals
     78588       3676       2752        108      14692     699169   ELF Image Totals (compressed)
     78588       3676       2752        108          0          0   ROM Totals

==============================================================================

    Total RO  Size (Code + RO Data)                81340 (  79.43kB)
    Total RW  Size (RW Data + ZI Data)             15560 (  15.20kB)
    Total ROM Size (Code + RO Data + RW Data)      81448 (  79.54kB)

==============================================================================

