Component: ARM Compiler 5.06 update 7 (build 960) Tool: armlink [4d3601]

==============================================================================

Section Cross References

    main.o(.text) refers to bsp.o(.text) for BSP_Init
    main.o(.text) refers to control_task.o(.text) for control_task_Init
    system_stm32f4xx.o(.text) refers to system_stm32f4xx.o(.data) for SystemCoreClock
    bsp.o(.text) refers to misc.o(.text) for NVIC_PriorityGroupConfig
    bsp.o(.text) refers to led.o(.text) for LED_Init
    bsp.o(.text) refers to usart.o(.text) for usart1_init
    bsp.o(.text) refers to can.o(.text) for CAN1_Mode_Init
    bsp.o(.text) refers to timer.o(.text) for TIM6_Configuration
    bsp.o(.text) refers to fmod.o(i.__hardfp_fmod) for __hardfp_fmod
    bsp.o(.text) refers to d2f.o(x$fpl$d2f) for __aeabi_d2f
    bsp.o(.text) refers to f2d.o(x$fpl$f2d) for __aeabi_f2d
    bsp.o(.text) refers to daddsub_clz.o(x$fpl$dadd) for __aeabi_dadd
    bsp.o(.text) refers to drleqf.o(x$fpl$drleqf) for __aeabi_cdrcmple
    bsp.o(.text) refers to daddsub_clz.o(x$fpl$dsub) for __aeabi_dsub
    control_task.o(.text) refers to buff_karman_filter.o(.text) for buff_karman_filter_calc
    control_task.o(.text) refers to uart_cha_transmit.o(.text) for uart_cha_task
    control_task.o(.text) refers to 17mm_shoot_task.o(.text) for shoot_task
    control_task.o(.text) refers to bullet_hatch_task.o(.text) for bullet_hatch_task
    control_task.o(.text) refers to gimbal_task.o(.text) for gimbal_task
    control_task.o(.text) refers to canbus.o(.text) for can_bus_send_task
    control_task.o(.text) refers to old_auto_shoot.o(.text) for send_protocol
    control_task.o(.text) refers to client.o(.text) for Client_send_handle
    control_task.o(.text) refers to control_task.o(.data) for time_tick
    control_task.o(.text) refers to old_auto_shoot.o(.bss) for new_location
    control_task.o(.text) refers to gimbal_task.o(.data) for pit_angle_ref_aim
    control_task.o(.text) refers to buff_karman_filter.o(.data) for buff_kalman_filter
    control_task.o(.text) refers to judge.o(.bss) for judge_rece_mesg
    control_task.o(.text) refers to infantry_mode_switch_task.o(.bss) for chassis
    control_task.o(.text) refers to senior.o(.bss) for yaw_Encoder
    control_task.o(.text) refers to remote.o(.bss) for RC_CtrlData
    control_task.o(.text) refers to gimbal_task.o(.bss) for gimbal_data
    control_task.o(.text) refers to usart.o(.bss) for UART4_DMA_TX_BUF
    gimbal_task.o(.text) refers to rt_memclr_w.o(.text) for __aeabi_memclr4
    gimbal_task.o(.text) refers to oldpid.o(.text) for PID_struct_init
    gimbal_task.o(.text) refers to f2d.o(x$fpl$f2d) for __aeabi_f2d
    gimbal_task.o(.text) refers to cos.o(i.__hardfp_cos) for __hardfp_cos
    gimbal_task.o(.text) refers to ddiv.o(x$fpl$ddiv) for __aeabi_ddiv
    gimbal_task.o(.text) refers to d2f.o(x$fpl$d2f) for __aeabi_d2f
    gimbal_task.o(.text) refers to atan2.o(i.__hardfp_atan2) for __hardfp_atan2
    gimbal_task.o(.text) refers to dmul.o(x$fpl$dmul) for __aeabi_dmul
    gimbal_task.o(.text) refers to daddsub_clz.o(x$fpl$dadd) for __aeabi_dadd
    gimbal_task.o(.text) refers to sin.o(i.__hardfp_sin) for __hardfp_sin
    gimbal_task.o(.text) refers to gimbal_task.o(.bss) for gimbal_data
    gimbal_task.o(.text) refers to oldpid.o(.bss) for pid_chassis_angle
    gimbal_task.o(.text) refers to senior.o(.bss) for gimbal_gyro
    gimbal_task.o(.text) refers to daddsub_clz.o(x$fpl$dsub) for __aeabi_dsub
    gimbal_task.o(.text) refers to sqrt.o(i.__hardfp_sqrt) for __hardfp_sqrt
    gimbal_task.o(.text) refers to atan.o(i.__hardfp_atan) for __hardfp_atan
    gimbal_task.o(.text) refers to dflt_clz.o(x$fpl$dflt) for __aeabi_i2d
    gimbal_task.o(.text) refers to gimbal_task.o(.data) for first_flag
    gimbal_task.o(.text) refers to old_auto_shoot.o(.bss) for new_location
    gimbal_task.o(.text) refers to fmod.o(i.__hardfp_fmod) for __hardfp_fmod
    gimbal_task.o(.text) refers to fabs.o(i.__hardfp_fabs) for __hardfp_fabs
    gimbal_task.o(.text) refers to drleqf.o(x$fpl$drleqf) for __aeabi_cdrcmple
    gimbal_task.o(.text) refers to bsp.o(.text) for convert_ecd_angle_to__pi_pi
    gimbal_task.o(.text) refers to dleqf.o(x$fpl$dleqf) for __aeabi_cdcmple
    gimbal_task.o(.text) refers to remote.o(.bss) for RC_CtrlData
    gimbal_task.o(.text) refers to pow.o(i.__hardfp_pow) for __hardfp_pow
    gimbal_task.o(.text) refers to dfix.o(x$fpl$dfix) for __aeabi_d2iz
    gimbal_task.o(.text) refers to basic.o(x$fpl$basic) for __aeabi_dneg
    infantry_mode_switch_task.o(.text) refers to dflt_clz.o(x$fpl$dflt) for __aeabi_i2d
    infantry_mode_switch_task.o(.text) refers to dmul.o(x$fpl$dmul) for __aeabi_dmul
    infantry_mode_switch_task.o(.text) refers to f2d.o(x$fpl$f2d) for __aeabi_f2d
    infantry_mode_switch_task.o(.text) refers to daddsub_clz.o(x$fpl$dsub) for __aeabi_dsub
    infantry_mode_switch_task.o(.text) refers to d2f.o(x$fpl$d2f) for __aeabi_d2f
[...]
    arm_add_q7                               0x0800e22b   Thumb Code    32  basicmathfunctions.o(.text)
    arm_and_u16                              0x0800e24b   Thumb Code    28  basicmathfunctions.o(.text)
    arm_and_u32                              0x0800e267   Thumb Code    22  basicmathfunctions.o(.text)
    arm_and_u8                               0x0800e27d   Thumb Code    28  basicmathfunctions.o(.text)
    arm_dot_prod_f32                         0x0800e299   Thumb Code    46  basicmathfunctions.o(.text)
    arm_dot_prod_f64                         0x0800e2c7   Thumb Code   106  basicmathfunctions.o(.text)
    arm_dot_prod_q15                         0x0800e331   Thumb Code    54  basicmathfunctions.o(.text)
    arm_dot_prod_q31                         0x0800e367   Thumb Code    60  basicmathfunctions.o(.text)
    arm_dot_prod_q7                          0x0800e3a3   Thumb Code    30  basicmathfunctions.o(.text)
    arm_mult_f32                             0x0800e3c1   Thumb Code    30  basicmathfunctions.o(.text)
    arm_mult_f64                             0x0800e3df   Thumb Code    72  basicmathfunctions.o(.text)
    arm_mult_q15                             0x0800e427   Thumb Code    34  basicmathfunctions.o(.text)
    arm_mult_q31                             0x0800e449   Thumb Code    34  basicmathfunctions.o(.text)
    arm_mult_q7                              0x0800e46b   Thumb Code    34  basicmathfunctions.o(.text)
    arm_negate_f32                           0x0800e48d   Thumb Code    26  basicmathfunctions.o(.text)
    arm_negate_f64                           0x0800e4a7   Thumb Code    50  basicmathfunctions.o(.text)
    arm_negate_q15                           0x0800e4d9   Thumb Code    40  basicmathfunctions.o(.text)
    arm_negate_q31                           0x0800e501   Thumb Code    24  basicmathfunctions.o(.text)
    arm_negate_q7                            0x0800e519   Thumb Code    30  basicmathfunctions.o(.text)
    arm_not_u16                              0x0800e537   Thumb Code    24  basicmathfunctions.o(.text)
    arm_not_u32                              0x0800e54f   Thumb Code    20  basicmathfunctions.o(.text)
    arm_not_u8                               0x0800e563   Thumb Code    24  basicmathfunctions.o(.text)
    arm_offset_f32                           0x0800e57b   Thumb Code    26  basicmathfunctions.o(.text)
    arm_offset_f64                           0x0800e595   Thumb Code    70  basicmathfunctions.o(.text)
    arm_offset_q15                           0x0800e5db   Thumb Code    28  basicmathfunctions.o(.text)
    arm_offset_q31                           0x0800e5f7   Thumb Code    22  basicmathfunctions.o(.text)
    arm_offset_q7                            0x0800e60d   Thumb Code    28  basicmathfunctions.o(.text)
    arm_or_u16                               0x0800e629   Thumb Code    28  basicmathfunctions.o(.text)
    arm_or_u32                               0x0800e645   Thumb Code    22  basicmathfunctions.o(.text)
    arm_or_u8                                0x0800e65b   Thumb Code    42  basicmathfunctions.o(.text)
    arm_scale_f32                            0x0800e685   Thumb Code    26  basicmathfunctions.o(.text)
    arm_scale_f64                            0x0800e69f   Thumb Code    70  basicmathfunctions.o(.text)
    arm_scale_q15                            0x0800e6e5   Thumb Code    38  basicmathfunctions.o(.text)
    arm_scale_q31                            0x0800e70b   Thumb Code   108  basicmathfunctions.o(.text)
    arm_scale_q7                             0x0800e777   Thumb Code    38  basicmathfunctions.o(.text)
    arm_shift_q15                            0x0800e79d   Thumb Code    58  basicmathfunctions.o(.text)
    arm_shift_q31                            0x0800e7d7   Thumb Code   110  basicmathfunctions.o(.text)
    arm_shift_q7                             0x0800e845   Thumb Code    58  basicmathfunctions.o(.text)
    arm_sub_f32                              0x0800e87f   Thumb Code    30  basicmathfunctions.o(.text)
    arm_sub_f64                              0x0800e89d   Thumb Code    72  basicmathfunctions.o(.text)
    arm_sub_q15                              0x0800e8e5   Thumb Code    32  basicmathfunctions.o(.text)
    arm_sub_q31                              0x0800e905   Thumb Code    24  basicmathfunctions.o(.text)
    arm_sub_q7                               0x0800e91d   Thumb Code    32  basicmathfunctions.o(.text)
    arm_xor_u16                              0x0800e93d   Thumb Code    28  basicmathfunctions.o(.text)
    arm_xor_u32                              0x0800e959   Thumb Code    22  basicmathfunctions.o(.text)
    arm_xor_u8                               0x0800e96f   Thumb Code    28  basicmathfunctions.o(.text)
    arm_clip_f32                             0x0800e98b   Thumb Code    88  basicmathfunctions.o(.text)
    arm_clip_q31                             0x0800e9e3   Thumb Code    54  basicmathfunctions.o(.text)
    arm_clip_q15                             0x0800ea19   Thumb Code    54  basicmathfunctions.o(.text)
    arm_clip_q7                              0x0800ea4f   Thumb Code    42  basicmathfunctions.o(.text)
    arm_mat_add_f32                          0x0800ea79   Thumb Code    56  matrixfunctions.o(.text)
    arm_mat_add_q15                          0x0800eab1   Thumb Code    60  matrixfunctions.o(.text)
    arm_mat_add_q31                          0x0800eaed   Thumb Code    56  matrixfunctions.o(.text)
    arm_mat_cmplx_mult_f32                   0x0800eb25   Thumb Code   218  matrixfunctions.o(.text)
    arm_mat_cmplx_mult_q15                   0x0800ebff   Thumb Code   602  matrixfunctions.o(.text)
    arm_mat_cmplx_mult_q31                   0x0800ee59   Thumb Code   320  matrixfunctions.o(.text)
    arm_mat_init_f64                         0x0800ef99   Thumb Code     8  matrixfunctions.o(.text)
    arm_mat_init_f32                         0x0800efa1   Thumb Code     8  matrixfunctions.o(.text)
    arm_mat_init_q15                         0x0800efa9   Thumb Code     8  matrixfunctions.o(.text)
    arm_mat_init_q31                         0x0800efb1   Thumb Code     8  matrixfunctions.o(.text)
    arm_mat_inverse_f32                      0x0800efb9   Thumb Code  1120  matrixfunctions.o(.text)
    arm_mat_inverse_f64                      0x0800f419   Thumb Code  1424  matrixfunctions.o(.text)
    arm_mat_mult_f64                         0x0800f9a9   Thumb Code   294  matrixfunctions.o(.text)
    arm_mat_mult_f32                         0x0800facf   Thumb Code   182  matrixfunctions.o(.text)
    arm_mat_mult_fast_q15                    0x0800fb85   Thumb Code  1260  matrixfunctions.o(.text)
    arm_mat_mult_fast_q31                    0x08010071   Thumb Code   574  matrixfunctions.o(.text)
    arm_mat_mult_q7                          0x080102af   Thumb Code   158  matrixfunctions.o(.text)
    arm_mat_trans_q15                        0x0801034d   Thumb Code    70  matrixfunctions.o(.text)
    arm_mat_mult_q15                         0x08010393   Thumb Code   414  matrixfunctions.o(.text)
    arm_mat_mult_q31                         0x08010531   Thumb Code   172  matrixfunctions.o(.text)
    arm_mat_mult_opt_q31                     0x080105dd   Thumb Code   176  matrixfunctions.o(.text)
    arm_mat_scale_f32                        0x0801068d   Thumb Code    44  matrixfunctions.o(.text)
    arm_mat_scale_q15                        0x080106b9   Thumb Code    62  matrixfunctions.o(.text)
    arm_mat_scale_q31                        0x080106f7   Thumb Code    80  matrixfunctions.o(.text)
    arm_mat_sub_f64                          0x08010747   Thumb Code   112  matrixfunctions.o(.text)
    arm_mat_sub_f32                          0x080107b7   Thumb Code    56  matrixfunctions.o(.text)
    arm_mat_sub_q15                          0x080107ef   Thumb Code    60  matrixfunctions.o(.text)
    arm_mat_sub_q31                          0x0801082b   Thumb Code    56  matrixfunctions.o(.text)
    arm_mat_trans_f32                        0x08010863   Thumb Code    68  matrixfunctions.o(.text)
    arm_mat_trans_f64                        0x080108a7   Thumb Code   160  matrixfunctions.o(.text)
    arm_mat_trans_q7                         0x08010947   Thumb Code    84  matrixfunctions.o(.text)
    arm_mat_trans_q31                        0x0801099b   Thumb Code    68  matrixfunctions.o(.text)
    arm_mat_vec_mult_f32                     0x080109df   Thumb Code   384  matrixfunctions.o(.text)
    arm_mat_vec_mult_q31                     0x08010b5f   Thumb Code   468  matrixfunctions.o(.text)
    arm_mat_vec_mult_q15                     0x08010d33   Thumb Code  1070  matrixfunctions.o(.text)
    arm_mat_vec_mult_q7                      0x08011161   Thumb Code   930  matrixfunctions.o(.text)
    arm_mat_cmplx_trans_f32                  0x08011503   Thumb Code    94  matrixfunctions.o(.text)
    arm_mat_cmplx_trans_q31                  0x08011561   Thumb Code    94  matrixfunctions.o(.text)
    arm_mat_cmplx_trans_q15                  0x080115bf   Thumb Code    96  matrixfunctions.o(.text)
    arm_mat_cholesky_f64                     0x0801161f   Thumb Code   382  matrixfunctions.o(.text)
    arm_mat_cholesky_f32                     0x0801179d   Thumb Code   262  matrixfunctions.o(.text)
    arm_mat_solve_upper_triangular_f32       0x080118a3   Thumb Code   182  matrixfunctions.o(.text)
    arm_mat_solve_lower_triangular_f32       0x08011959   Thumb Code   184  matrixfunctions.o(.text)
    arm_mat_solve_upper_triangular_f64       0x08011a11   Thumb Code   298  matrixfunctions.o(.text)
    arm_mat_solve_lower_triangular_f64       0x08011b3b   Thumb Code   276  matrixfunctions.o(.text)
    arm_mat_ldlt_f32                         0x08011c4f   Thumb Code   620  matrixfunctions.o(.text)
    arm_mat_ldlt_f64                         0x08011ebb   Thumb Code   762  matrixfunctions.o(.text)
    arm_householder_f32                      0x080121b5   Thumb Code   238  matrixfunctions.o(.text)
    arm_mat_qr_f32                           0x080122a3   Thumb Code  1594  matrixfunctions.o(.text)
    arm_householder_f64                      0x080128dd   Thumb Code   310  matrixfunctions.o(.text)
    arm_mat_qr_f64                           0x08012a13   Thumb Code  2032  matrixfunctions.o(.text)
    arm_barycenter_f32                       0x08013205   Thumb Code   132  supportfunctions.o(.text)
    arm_bitonic_sort_f32                     0x08013333   Thumb Code    92  supportfunctions.o(.text)
    arm_bubble_sort_f32                      0x0801338f   Thumb Code   156  supportfunctions.o(.text)
    arm_copy_f32                             0x0801342b   Thumb Code    22  supportfunctions.o(.text)
    arm_copy_f64                             0x08013441   Thumb Code    22  supportfunctions.o(.text)
    arm_copy_q15                             0x08013457   Thumb Code    22  supportfunctions.o(.text)
    arm_copy_q31                             0x0801346d   Thumb Code    18  supportfunctions.o(.text)
    arm_copy_q7                              0x0801347f   Thumb Code    22  supportfunctions.o(.text)
    arm_fill_f32                             0x08013495   Thumb Code    16  supportfunctions.o(.text)
    arm_fill_f64                             0x080134a5   Thumb Code    16  supportfunctions.o(.text)
    arm_fill_q15                             0x080134b5   Thumb Code    18  supportfunctions.o(.text)
    arm_fill_q31                             0x080134c7   Thumb Code    16  supportfunctions.o(.text)
    arm_fill_q7                              0x080134d7   Thumb Code    18  supportfunctions.o(.text)
    arm_heap_sort_f32                        0x08013593   Thumb Code   126  supportfunctions.o(.text)
    arm_insertion_sort_f32                   0x08013611   Thumb Code   142  supportfunctions.o(.text)
    arm_merge_sort_f32                       0x08013761   Thumb Code    62  supportfunctions.o(.text)
    arm_merge_sort_init_f32                  0x0801379f   Thumb Code     6  supportfunctions.o(.text)
    arm_quick_sort_f32                       0x08013889   Thumb Code    50  supportfunctions.o(.text)
    arm_selection_sort_f32                   0x080138bb   Thumb Code   162  supportfunctions.o(.text)
    arm_sort_f32                             0x0801395d   Thumb Code   118  supportfunctions.o(.text)
    arm_sort_init_f32                        0x080139d3   Thumb Code     6  supportfunctions.o(.text)
    arm_weighted_sum_f32                     0x080139d9   Thumb Code    72  supportfunctions.o(.text)
    arm_f64_to_float                         0x08013a21   Thumb Code    52  supportfunctions.o(.text)
    arm_f64_to_q31                           0x08013a55   Thumb Code    94  supportfunctions.o(.text)
    arm_f64_to_q15                           0x08013ab3   Thumb Code    78  supportfunctions.o(.text)
    arm_f64_to_q7                            0x08013b01   Thumb Code    78  supportfunctions.o(.text)
    arm_float_to_f64                         0x08013b4f   Thumb Code    50  supportfunctions.o(.text)
    arm_float_to_q15                         0x08013b81   Thumb Code    44  supportfunctions.o(.text)
    arm_float_to_q31                         0x08013bad   Thumb Code    76  supportfunctions.o(.text)
    arm_float_to_q7                          0x08013bf9   Thumb Code    44  supportfunctions.o(.text)
    arm_q15_to_f64                           0x08013c25   Thumb Code    64  supportfunctions.o(.text)
    arm_q15_to_float                         0x08013c65   Thumb Code    40  supportfunctions.o(.text)
    arm_q15_to_q31                           0x08013c8d   Thumb Code    24  supportfunctions.o(.text)
    arm_q15_to_q7                            0x08013ca5   Thumb Code    26  supportfunctions.o(.text)
    arm_q31_to_f64                           0x08013cbf   Thumb Code    66  supportfunctions.o(.text)
    arm_q31_to_float                         0x08013d01   Thumb Code    36  supportfunctions.o(.text)
    arm_q31_to_q15                           0x08013d25   Thumb Code    24  supportfunctions.o(.text)
    arm_q31_to_q7                            0x08013d3d   Thumb Code    24  supportfunctions.o(.text)
    arm_q7_to_f64                            0x08013d55   Thumb Code    64  supportfunctions.o(.text)
    arm_q7_to_float                          0x08013d95   Thumb Code    40  supportfunctions.o(.text)
    arm_q7_to_q15                            0x08013dbd   Thumb Code    26  supportfunctions.o(.text)
    arm_q7_to_q31                            0x08013dd7   Thumb Code    24  supportfunctions.o(.text)
    malloc                                   0x08013e15   Thumb Code    94  h1_alloc.o(.text)
    free                                     0x08013e73   Thumb Code    78  h1_free.o(.text)
    __aeabi_llsl                             0x08013ec1   Thumb Code     0  llshl.o(.text)
    _ll_shift_l                              0x08013ec1   Thumb Code    38  llshl.o(.text)
    __2sprintf                               0x08013ee9   Thumb Code    34  noretval__2sprintf.o(.text)
    __printf                                 0x08013f11   Thumb Code   104  __printf.o(.text)
    __aeabi_assert                           0x08013f79   Thumb Code    86  assert.o(.text)
    __assert                                 0x08013f79   Thumb Code     0  assert.o(.text)
    strstr                                   0x08013ff9   Thumb Code    36  strstr.o(.text)
    strlen                                   0x0801401d   Thumb Code    62  strlen.o(.text)
    __aeabi_memcpy                           0x0801405b   Thumb Code     0  rt_memcpy_v6.o(.text)
    __rt_memcpy                              0x0801405b   Thumb Code   138  rt_memcpy_v6.o(.text)
    _memcpy_lastbytes                        0x080140c1   Thumb Code     0  rt_memcpy_v6.o(.text)
    __aeabi_memmove                          0x080140e5   Thumb Code     0  rt_memmove_v6.o(.text)
    __rt_memmove                             0x080140e5   Thumb Code   132  rt_memmove_v6.o(.text)
    __memmove_lastfew                        0x08014145   Thumb Code     0  rt_memmove_v6.o(.text)
    __aeabi_memcpy4                          0x08014169   Thumb Code     0  rt_memcpy_w.o(.text)
    __aeabi_memcpy8                          0x08014169   Thumb Code     0  rt_memcpy_w.o(.text)
    __rt_memcpy_w                            0x08014169   Thumb Code   100  rt_memcpy_w.o(.text)
    _memcpy_lastbytes_aligned                0x080141b1   Thumb Code     0  rt_memcpy_w.o(.text)
    __aeabi_memclr                           0x080141cd   Thumb Code     0  rt_memclr.o(.text)
    __rt_memclr                              0x080141cd   Thumb Code    68  rt_memclr.o(.text)
    _memset                                  0x080141d1   Thumb Code     0  rt_memclr.o(.text)
    __aeabi_memclr4                          0x08014211   Thumb Code     0  rt_memclr_w.o(.text)
    __aeabi_memclr8                          0x08014211   Thumb Code     0  rt_memclr_w.o(.text)
    __rt_memclr_w                            0x08014211   Thumb Code    78  rt_memclr_w.o(.text)
    _memset_w                                0x08014215   Thumb Code     0  rt_memclr_w.o(.text)
    strcmp                                   0x08014261   Thumb Code   128  strcmpv7m.o(.text)
    __use_two_region_memory                  0x080142e1   Thumb Code     2  heapauxi.o(.text)
    __rt_heap_escrow                         0x080142e3   Thumb Code     2  heapauxi.o(.text)
    __rt_heap_expand                         0x080142e5   Thumb Code     2  heapauxi.o(.text)
    __rt_heap_descriptor                     0x080142e9   Thumb Code     8  rt_heap_descriptor_intlibspace.o(.text)
    __use_no_heap                            0x080142f1   Thumb Code     2  hguard.o(.text)
    __heap$guard                             0x080142f3   Thumb Code     2  hguard.o(.text)
    _terminate_user_alloc                    0x080142f5   Thumb Code     2  init_alloc.o(.text)
    _init_user_alloc                         0x080142f7   Thumb Code     2  init_alloc.o(.text)
    __Heap_Full                              0x080142f9   Thumb Code    34  init_alloc.o(.text)
    __Heap_Broken                            0x0801431b   Thumb Code     6  init_alloc.o(.text)
    _init_alloc                              0x08014321   Thumb Code    94  init_alloc.o(.text)
    __Heap_Initialize                        0x0801437f   Thumb Code    10  h1_init.o(.text)
    __Heap_DescSize                          0x08014389   Thumb Code     4  h1_init.o(.text)
    __read_errno                             0x0801438d   Thumb Code    10  _rserrno.o(.text)
    __set_errno                              0x08014397   Thumb Code    12  _rserrno.o(.text)
    __lib_sel_fp_printf                      0x080143a3   Thumb Code     2  _printf_fp_dec.o(.text)
    _printf_fp_dec_real                      0x08014555   Thumb Code   620  _printf_fp_dec.o(.text)
    _printf_char_common                      0x080147cb   Thumb Code    32  _printf_char_common.o(.text)
    _sputc                                   0x080147f1   Thumb Code    10  _sputc.o(.text)
    abort                                    0x080147fb   Thumb Code    22  abort.o(.text)
    __assert_puts                            0x08014811   Thumb Code    20  assert_puts.o(.text)
    __aeabi_memmove4                         0x08014825   Thumb Code     0  rt_memmove_w.o(.text)
    __aeabi_memmove8                         0x08014825   Thumb Code     0  rt_memmove_w.o(.text)
    __rt_memmove_w                           0x08014825   Thumb Code   122  rt_memmove_w.o(.text)
    __memmove_aligned                        0x0801484b   Thumb Code     0  rt_memmove_w.o(.text)
    __memmove_lastfew_aligned                0x08014883   Thumb Code     0  rt_memmove_w.o(.text)
    _ttywrch                                 0x0801489f   Thumb Code    14  sys_wrch.o(.text)
    _sys_exit                                0x080148ad   Thumb Code     8  sys_exit.o(.text)
    __user_libspace                          0x080148b9   Thumb Code     8  libspace.o(.text)
    __user_perproc_libspace                  0x080148b9   Thumb Code     0  libspace.o(.text)
    __user_perthread_libspace                0x080148b9   Thumb Code     0  libspace.o(.text)
    __rt_locale                              0x080148c1   Thumb Code     8  rt_locale_intlibspace.o(.text)
    __aeabi_errno_addr                       0x080148c9   Thumb Code     8  rt_errno_addr_intlibspace.o(.text)
    __errno$intlibspace                      0x080148c9   Thumb Code     0  rt_errno_addr_intlibspace.o(.text)
    __rt_errno_addr$intlibspace              0x080148c9   Thumb Code     0  rt_errno_addr_intlibspace.o(.text)
    __Heap_ProvideMemory                     0x080148d1   Thumb Code    52  h1_extend.o(.text)
    _ll_udiv10                               0x08014905   Thumb Code   138  lludiv10.o(.text)
    _printf_fp_infnan                        0x08014991   Thumb Code   112  _printf_fp_infnan.o(.text)
    _btod_etento                             0x08014a11   Thumb Code   224  bigflt0.o(.text)
    __rt_SIGABRT                             0x08014af5   Thumb Code    14  defsig_abrt_outer.o(.text)
    __rt_SIGRTMEM                            0x08014b03   Thumb Code    14  defsig_rtmem_outer.o(.text)
    __I$use$semihosting                      0x08014b11   Thumb Code     0  use_no_semi.o(.text)
    __use_no_semihosting_swi                 0x08014b11   Thumb Code     2  use_no_semi.o(.text)
    __semihosting_library_function           0x08014b13   Thumb Code     0  indicate_semi.o(.text)
    __user_setup_stackheap                   0x08014b13   Thumb Code    74  sys_stackheap_outer.o(.text)
    exit                                     0x08014b5d   Thumb Code    18  exit.o(.text)
    __sig_exit                               0x08014b6f   Thumb Code    10  defsig_exit.o(.text)
    __rt_SIGABRT_inner                       0x08014b79   Thumb Code    14  defsig_abrt_inner.o(.text)
    __rt_SIGRTMEM_inner                      0x08014ba9   Thumb Code    22  defsig_rtmem_inner.o(.text)
    __default_signal_display                 0x08014bf9   Thumb Code    50  defsig_general.o(.text)
    _btod_d2e                                0x08014c2b   Thumb Code    62  btod.o(CL$$btod_d2e)
    _d2e_denorm_low                          0x08014c69   Thumb Code    70  btod.o(CL$$btod_d2e_denorm_low)
    _d2e_norm_op1                            0x08014caf   Thumb Code    96  btod.o(CL$$btod_d2e_norm_op1)
    __btod_div_common                        0x08014d0f   Thumb Code   696  btod.o(CL$$btod_div_common)
    _e2e                                     0x08015047   Thumb Code   220  btod.o(CL$$btod_e2e)
    _btod_ediv                               0x08015123   Thumb Code    42  btod.o(CL$$btod_ediv)
    _btod_emul                               0x0801514d   Thumb Code    42  btod.o(CL$$btod_emul)
    __btod_mult_common                       0x08015177   Thumb Code   580  btod.o(CL$$btod_mult_common)
    __ARM_fpclassify                         0x080153bb   Thumb Code    48  fpclassify.o(i.__ARM_fpclassify)
    __hardfp_atan                            0x080153f1   Thumb Code   622  atan.o(i.__hardfp_atan)
    __hardfp_atan2                           0x080156c9   Thumb Code   448  atan2.o(i.__hardfp_atan2)
    __hardfp_cos                             0x080158c9   Thumb Code   180  cos.o(i.__hardfp_cos)
    __hardfp_fabs                            0x08015991   Thumb Code    20  fabs.o(i.__hardfp_fabs)
    __hardfp_fmod                            0x080159a5   Thumb Code   254  fmod.o(i.__hardfp_fmod)
    __hardfp_pow                             0x08015aa9   Thumb Code  3072  pow.o(i.__hardfp_pow)
    __hardfp_sin                             0x080166f9   Thumb Code   180  sin.o(i.__hardfp_sin)
    __hardfp_sqrt                            0x080167c1   Thumb Code   122  sqrt.o(i.__hardfp_sqrt)
    __hardfp_sqrtf                           0x0801683b   Thumb Code    58  sqrtf.o(i.__hardfp_sqrtf)
    __ieee754_rem_pio2                       0x08016879   Thumb Code   938  rred.o(i.__ieee754_rem_pio2)
    __kernel_cos                             0x08016cb1   Thumb Code   322  cos_i.o(i.__kernel_cos)
    __kernel_poly                            0x08016e21   Thumb Code   248  poly.o(i.__kernel_poly)
    __kernel_sin                             0x08016f19   Thumb Code   280  sin_i.o(i.__kernel_sin)
    __mathlib_dbl_divzero                    0x08017049   Thumb Code    28  dunder.o(i.__mathlib_dbl_divzero)
    __mathlib_dbl_infnan                     0x08017079   Thumb Code    20  dunder.o(i.__mathlib_dbl_infnan)
    __mathlib_dbl_infnan2                    0x0801708d   Thumb Code    20  dunder.o(i.__mathlib_dbl_infnan2)
    __mathlib_dbl_invalid                    0x080170a1   Thumb Code    24  dunder.o(i.__mathlib_dbl_invalid)
    __mathlib_dbl_overflow                   0x080170c1   Thumb Code    24  dunder.o(i.__mathlib_dbl_overflow)
    __mathlib_dbl_underflow                  0x080170e1   Thumb Code    24  dunder.o(i.__mathlib_dbl_underflow)
    atan                                     0x08017101   Thumb Code    16  atan.o(i.atan)
    fabs                                     0x08017111   Thumb Code    24  fabs.o(i.fabs)
    sqrt                                     0x08017129   Thumb Code   110  sqrt.o(i.sqrt)
    _get_lc_numeric                          0x08017199   Thumb Code    44  lc_numeric_c.o(locale$$code)
    __aeabi_dneg                             0x080171c5   Thumb Code     0  basic.o(x$fpl$basic)
    _dneg                                    0x080171c5   Thumb Code     6  basic.o(x$fpl$basic)
    __aeabi_fneg                             0x080171cb   Thumb Code     0  basic.o(x$fpl$basic)
    _fneg                                    0x080171cb   Thumb Code     6  basic.o(x$fpl$basic)
    _dabs                                    0x080171d1   Thumb Code     6  basic.o(x$fpl$basic)
    _fabs                                    0x080171d7   Thumb Code     6  basic.o(x$fpl$basic)
    __aeabi_d2f                              0x080171dd   Thumb Code     0  d2f.o(x$fpl$d2f)
    _d2f                                     0x080171dd   Thumb Code    98  d2f.o(x$fpl$d2f)
    __aeabi_dadd                             0x08017241   Thumb Code     0  daddsub_clz.o(x$fpl$dadd)
    _dadd                                    0x08017241   Thumb Code   332  daddsub_clz.o(x$fpl$dadd)
    __fpl_dcheck_NaN1                        0x08017391   Thumb Code    10  dcheck1.o(x$fpl$dcheck1)
    __fpl_dcmp_Inf                           0x080173a1   Thumb Code    24  dcmpi.o(x$fpl$dcmpinf)
    __aeabi_ddiv                             0x080173b9   Thumb Code     0  ddiv.o(x$fpl$ddiv)
    _ddiv                                    0x080173b9   Thumb Code   552  ddiv.o(x$fpl$ddiv)
    __aeabi_cdcmpeq                          0x08017669   Thumb Code     0  deqf.o(x$fpl$deqf)
    _dcmpeq                                  0x08017669   Thumb Code   120  deqf.o(x$fpl$deqf)
    __aeabi_d2iz                             0x080176e1   Thumb Code     0  dfix.o(x$fpl$dfix)
    _dfix                                    0x080176e1   Thumb Code    94  dfix.o(x$fpl$dfix)
    __aeabi_d2uiz                            0x08017741   Thumb Code     0  dfixu.o(x$fpl$dfixu)
    _dfixu                                   0x08017741   Thumb Code    90  dfixu.o(x$fpl$dfixu)
    __aeabi_i2d                              0x0801779b   Thumb Code     0  dflt_clz.o(x$fpl$dflt)
    _dflt                                    0x0801779b   Thumb Code    46  dflt_clz.o(x$fpl$dflt)
    __aeabi_ui2d                             0x080177c9   Thumb Code     0  dflt_clz.o(x$fpl$dfltu)
    _dfltu                                   0x080177c9   Thumb Code    38  dflt_clz.o(x$fpl$dfltu)
    __aeabi_cdcmple                          0x080177f1   Thumb Code     0  dleqf.o(x$fpl$dleqf)
    _dcmple                                  0x080177f1   Thumb Code   120  dleqf.o(x$fpl$dleqf)
    __fpl_dcmple_InfNaN                      0x08017853   Thumb Code     0  dleqf.o(x$fpl$dleqf)
    __aeabi_dmul                             0x08017869   Thumb Code     0  dmul.o(x$fpl$dmul)
    _dmul                                    0x08017869   Thumb Code   332  dmul.o(x$fpl$dmul)
    __fpl_dnaninf                            0x080179bd   Thumb Code   156  dnaninf.o(x$fpl$dnaninf)
    _drem                                    0x08017a59   Thumb Code   328  drem_clz.o(x$fpl$drem)
    __fpl_dretinf                            0x08017ba9   Thumb Code    12  dretinf.o(x$fpl$dretinf)
    __aeabi_cdrcmple                         0x08017bb5   Thumb Code     0  drleqf.o(x$fpl$drleqf)
    _drcmple                                 0x08017bb5   Thumb Code   108  drleqf.o(x$fpl$drleqf)
    __aeabi_drsub                            0x08017c21   Thumb Code     0  daddsub_clz.o(x$fpl$drsb)
    _drsb                                    0x08017c21   Thumb Code    22  daddsub_clz.o(x$fpl$drsb)
    _dsqrt                                   0x08017c39   Thumb Code   404  dsqrt_umaal.o(x$fpl$dsqrt)
    __aeabi_dsub                             0x08017dd1   Thumb Code     0  daddsub_clz.o(x$fpl$dsub)
    _dsub                                    0x08017dd1   Thumb Code   464  daddsub_clz.o(x$fpl$dsub)
    __aeabi_f2d                              0x08017fa5   Thumb Code     0  f2d.o(x$fpl$f2d)
    _f2d                                     0x08017fa5   Thumb Code    86  f2d.o(x$fpl$f2d)
    __fpl_fnaninf                            0x08017ffb   Thumb Code   140  fnaninf.o(x$fpl$fnaninf)
    _fp_init                                 0x08018087   Thumb Code    10  fpinit.o(x$fpl$fpinit)
    __fplib_config_fpu_vfp                   0x0801808f   Thumb Code     0  fpinit.o(x$fpl$fpinit)
    __fplib_config_pureend_doubles           0x0801808f   Thumb Code     0  fpinit.o(x$fpl$fpinit)
    __fpl_fretinf                            0x08018091   Thumb Code    10  fretinf.o(x$fpl$fretinf)
    __aeabi_d2lz                             0x0801809d   Thumb Code     0  dfixll.o(x$fpl$llsfromd)
    _ll_sfrom_d                              0x0801809d   Thumb Code   194  dfixll.o(x$fpl$llsfromd)
    __aeabi_f2lz                             0x08018161   Thumb Code     0  ffixll.o(x$fpl$llsfromf)
    _ll_sfrom_f                              0x08018161   Thumb Code   134  ffixll.o(x$fpl$llsfromf)
    _printf_fp_dec                           0x080181e7   Thumb Code     4  printf1.o(x$fpl$printf1)
    __fpl_return_NaN                         0x080181eb   Thumb Code   100  retnan.o(x$fpl$retnan)
    __ARM_scalbn                             0x0801824f   Thumb Code    92  scalbn.o(x$fpl$scalbn)
    __fpl_cmpreturn                          0x080182ab   Thumb Code    48  trapv.o(x$fpl$trapveneer)
    __I$use$fp                               0x080182da   Number         0  usenofp.o(x$fpl$usenofp)
    protobuf_c_empty_string                  0x080182dc   Data           1  protobuf-c.o(.constdata)
    device_to_host__frame__descriptor        0x080183f8   Data          60  recieve.pb-c.o(.constdata)
    host_to_device__frame__descriptor        0x08018584   Data          60  send.pb-c.o(.constdata)
    CRC8_INIT                                0x080185e4   Data           1  judge.o(.constdata)
    CRC8_TAB                                 0x080185e5   Data         256  judge.o(.constdata)
    wCRC_Table                               0x080186e6   Data         512  judge.o(.constdata)
    __mathlib_zero                           0x08018a38   Data           8  qnan.o(.constdata)
    Region$$Table$$Base                      0x08018d10   Number         0  anon$$obj.o(Region$$Table)
    Region$$Table$$Limit                     0x08018d30   Number         0  anon$$obj.o(Region$$Table)
    SystemCoreClock                          0x20000000   Data           4  system_stm32f4xx.o(.data)
    AHBPrescTable                            0x20000004   Data          16  system_stm32f4xx.o(.data)
    time_tick                                0x20000014   Data           4  control_task.o(.data)
    pitch_min                                0x20000018   Data           4  gimbal_task.o(.data)
    pitch_max                                0x2000001c   Data           4  gimbal_task.o(.data)
    pitch_middle                             0x20000020   Data           4  gimbal_task.o(.data)
    Pitch_min                                0x20000024   Data           4  gimbal_task.o(.data)
    Pitch_max                                0x20000028   Data           4  gimbal_task.o(.data)
    Buff_Yaw_remain                          0x2000002c   Data           4  gimbal_task.o(.data)
    Buff_pitch_remain                        0x20000030   Data           4  gimbal_task.o(.data)
    auto_aim_Yaw_remain                      0x20000034   Data           4  gimbal_task.o(.data)
    auto_aim_pitch_remain                    0x20000038   Data           4  gimbal_task.o(.data)
    last_pitch_angle                         0x2000003c   Data           4  gimbal_task.o(.data)
    last_yaw_angle                           0x20000040   Data           4  gimbal_task.o(.data)
    yaw_angle_ref_aim                        0x20000044   Data           4  gimbal_task.o(.data)
    pit_angle_ref_aim                        0x20000048   Data           4  gimbal_task.o(.data)
    last_yaw                                 0x2000004c   Data           4  gimbal_task.o(.data)
    last_pit                                 0x20000050   Data           4  gimbal_task.o(.data)
    first_flag                               0x20000054   Data           1  gimbal_task.o(.data)
    ved                                      0x20000055   Data           1  gimbal_task.o(.data)
    Delta_Dect_Angle_Yaw                     0x20000058   Data           4  gimbal_task.o(.data)
    Delta_Dect_Angle_Pit                     0x2000005c   Data           4  gimbal_task.o(.data)
    K_X                                      0x20000060   Data           4  gimbal_task.o(.data)
    K_Y                                      0x20000064   Data           4  gimbal_task.o(.data)
    Error                                    0x20000068   Data           4  gimbal_task.o(.data)
    Error_2                                  0x2000006c   Data           4  gimbal_task.o(.data)
    Pol                                      0x20000070   Data           4  gimbal_task.o(.data)
    K_S                                      0x20000074   Data           4  gimbal_task.o(.data)
    K_V                                      0x20000078   Data           4  gimbal_task.o(.data)
    K_3                                      0x2000007c   Data           4  gimbal_task.o(.data)
    K_yaw                                    0x20000080   Data           4  gimbal_task.o(.data)
    yaw_angle                                0x20000084   Data           4  gimbal_task.o(.data)
    yaw_angle360                             0x20000088   Data           4  gimbal_task.o(.data)
    get_speedw                               0x2000008c   Data           4  gimbal_task.o(.data)
    chassis_speed                            0x20000090   Data           2  infantry_mode_switch_task.o(.data)
    this_input_mode                          0x20000092   Data           1  infantry_mode_switch_task.o(.data)
    last_input_mode                          0x20000093   Data           1  infantry_mode_switch_task.o(.data)
    buff_kf_flag                             0x20000094   Data           4  buff_karman_filter.o(.data)
    buff_kalman_filter                       0x20000098   Data         560  buff_karman_filter.o(.data)
    TEMP__2_data                             0x200002c8   Data           8  buff_karman_filter.o(.data)
    TEMP_2_data                              0x200002d0   Data           8  buff_karman_filter.o(.data)
    rotate_flag                              0x200002dc   Data           1  17mm_shoot_task.o(.data)
    reverse_once_flag                        0x200002dd   Data           1  17mm_shoot_task.o(.data)
    poke_cnt                                 0x200002e0   Data           4  17mm_shoot_task.o(.data)
    poke_lock_cnt                            0x200002e4   Data           4  17mm_shoot_task.o(.data)
    poke_reach_flag                          0x200002e8   Data           1  17mm_shoot_task.o(.data)
    poke_lock_flag                           0x200002e9   Data           1  17mm_shoot_task.o(.data)
    buff_poke_init                           0x200002ea   Data           1  17mm_shoot_task.o(.data)
    start_shooting_count                     0x200002ec   Data           4  17mm_shoot_task.o(.data)
    start_reversal_count1                    0x200002f0   Data           4  17mm_shoot_task.o(.data)
    lock_rotor1                              0x200002f4   Data           1  17mm_shoot_task.o(.data)
    press_l_flag                             0x200002f5   Data           1  17mm_shoot_task.o(.data)
    friction_cnt                             0x200002f6   Data           2  17mm_shoot_task.o(.data)
    CRC_INIT                                 0x20000344   Data           2  judge.o(.data)
    remote_flagW1                            0x20000346   Data           1  remote.o(.data)
    remote_flagW2                            0x20000347   Data           1  remote.o(.data)
    remote_flagA1                            0x20000348   Data           1  remote.o(.data)
    remote_flagA2                            0x20000349   Data           1  remote.o(.data)
    remote_flagS1                            0x2000034a   Data           1  remote.o(.data)
    remote_flagS2                            0x2000034b   Data           1  remote.o(.data)
    remote_flagD1                            0x2000034c   Data           1  remote.o(.data)
    remote_flagD2                            0x2000034d   Data           1  remote.o(.data)
    remote_flagSHIFT1                        0x2000034e   Data           1  remote.o(.data)
    remote_flagSHIFT2                        0x2000034f   Data           1  remote.o(.data)
    remote_flagCTRL1                         0x20000350   Data           1  remote.o(.data)
    remote_flagCTRL2                         0x20000351   Data           1  remote.o(.data)
    remote_flagQ1                            0x20000352   Data           1  remote.o(.data)
    remote_flagQ2                            0x20000353   Data           1  remote.o(.data)
    remote_flagE1                            0x20000354   Data           1  remote.o(.data)
    remote_flagE2                            0x20000355   Data           1  remote.o(.data)
    remote_flagR1                            0x20000356   Data           1  remote.o(.data)
    remote_flagR2                            0x20000357   Data           1  remote.o(.data)
    remote_flagF1                            0x20000358   Data           1  remote.o(.data)
    remote_flagF2                            0x20000359   Data           1  remote.o(.data)
    remote_flagG1                            0x2000035a   Data           1  remote.o(.data)
    remote_flagG2                            0x2000035b   Data           1  remote.o(.data)
    remote_flagZ1                            0x2000035c   Data           1  remote.o(.data)
    remote_flagZ2                            0x2000035d   Data           1  remote.o(.data)
    remote_flagX1                            0x2000035e   Data           1  remote.o(.data)
    remote_flagX2                            0x2000035f   Data           1  remote.o(.data)
    remote_flagC1                            0x20000360   Data           1  remote.o(.data)
    remote_flagC2                            0x20000361   Data           1  remote.o(.data)
    remote_flagV1                            0x20000362   Data           1  remote.o(.data)
    remote_flagV2                            0x20000363   Data           1  remote.o(.data)
    remote_flagB1                            0x20000364   Data           1  remote.o(.data)
    remote_flagB2                            0x20000365   Data           1  remote.o(.data)
    usart_down_capacitance_message           0x20000366   Data           4  uart_cha_transmit.o(.data)
    Uart4_Protobuf_Receive_Gimbal_Angle      0x2000036c   Data           4  old_auto_shoot.o(.data)
    DateLength                               0x20000370   Data           1  old_auto_shoot.o(.data)
    draw_cnt                                 0x20000378   Data           1  client.o(.data)
    draw_int                                 0x20000379   Data           1  client.o(.data)
    draw_data_ID                             0x2000037a   Data           2  client.o(.data)
    data_ID                                  0x2000037c   Data           2  client.o(.data)
    client_custom_ID                         0x2000037e   Data           2  client.o(.data)
    Energy_organs_flag                       0x20000380   Data           4  client.o(.data)
    qwe                                      0x20000384   Data           4  client.o(.data)
    qwer                                     0x20000388   Data           4  client.o(.data)
    last_qwe                                 0x2000038c   Data           4  client.o(.data)
    qwert                                    0x20000390   Data           4  client.o(.data)
    NX_time_flag                             0x20000394   Data           4  client.o(.data)
    NX_time                                  0x20000398   Data           8  client.o(.data)
    NX_time_qwe                              0x200003a0   Data           8  client.o(.data)
    auto_clck                                0x200003a8   Data           8  client.o(.data)
    gimbal_data                              0x200003cc   Data        1876  gimbal_task.o(.bss)
    chassis                                  0x20000b20   Data         168  infantry_mode_switch_task.o(.bss)
    TEMP41_data                              0x20000bc8   Data          16  buff_karman_filter.o(.bss)
    bTEMP2_data                              0x20000bd8   Data          64  buff_karman_filter.o(.bss)
    TEMP24_data                              0x20000c18   Data          32  buff_karman_filter.o(.bss)
    TEMP_22_data                             0x20000c38   Data          16  buff_karman_filter.o(.bss)
    bTEMP_data                               0x20000c48   Data          64  buff_karman_filter.o(.bss)
    TEMP42_data                              0x20000c88   Data          32  buff_karman_filter.o(.bss)
    TEMP22_data                              0x20000ca8   Data          16  buff_karman_filter.o(.bss)
    TEMP_41_data                             0x20000cb8   Data          16  buff_karman_filter.o(.bss)
    shoot                                    0x20000cc8   Data         144  17mm_shoot_task.o(.bss)
    pid_trigger_angle                        0x20000d58   Data         304  17mm_shoot_task.o(.bss)
    pid_trigger_angle_buf                    0x20000e88   Data          76  17mm_shoot_task.o(.bss)
    pid_trigger_speed_buf                    0x20000ed4   Data          76  17mm_shoot_task.o(.bss)
    bullet_hatch                             0x20000f20   Data         332  bullet_hatch_task.o(.bss)
    pid_yaw_follow                           0x2000106c   Data          76  oldpid.o(.bss)
    pid_pit_follow                           0x200010b8   Data          76  oldpid.o(.bss)
    pid_pit_speed_follow                     0x20001104   Data          76  oldpid.o(.bss)
    pid_yaw_speed_follow                     0x20001150   Data          76  oldpid.o(.bss)
    pid_yaw_small_buff                       0x2000119c   Data          76  oldpid.o(.bss)
    pid_pit_small_buff                       0x200011e8   Data          76  oldpid.o(.bss)
    pid_pit_speed_small_buff                 0x20001234   Data          76  oldpid.o(.bss)
    pid_yaw_speed_small_buff                 0x20001280   Data          76  oldpid.o(.bss)
    pid_yaw_small_buff1                      0x200012cc   Data          76  oldpid.o(.bss)
    pid_pit_small_buff1                      0x20001318   Data          76  oldpid.o(.bss)
    pid_pit_speed_small_buff1                0x20001364   Data          76  oldpid.o(.bss)
    pid_yaw_speed_small_buff1                0x200013b0   Data          76  oldpid.o(.bss)
    pid_yaw_big_buff                         0x200013fc   Data          76  oldpid.o(.bss)
    pid_pit_big_buff                         0x20001448   Data          76  oldpid.o(.bss)
    pid_pit_speed_big_buff                   0x20001494   Data          76  oldpid.o(.bss)
    pid_yaw_speed_big_buff                   0x200014e0   Data          76  oldpid.o(.bss)
    pid_yaw_big_buff1                        0x2000152c   Data          76  oldpid.o(.bss)
    pid_pit_big_buff1                        0x20001578   Data          76  oldpid.o(.bss)
    pid_pit_speed_big_buff1                  0x200015c4   Data          76  oldpid.o(.bss)
    pid_yaw_speed_big_buff1                  0x20001610   Data          76  oldpid.o(.bss)
    pid_yaw_auto_angle                       0x2000165c   Data          76  oldpid.o(.bss)
    pid_pit_auto_angle                       0x200016a8   Data          76  oldpid.o(.bss)
    pid_pit_speed_auto_angle                 0x200016f4   Data          76  oldpid.o(.bss)
    pid_yaw_speed_auto_angle                 0x20001740   Data          76  oldpid.o(.bss)
    pid_yaw_follow_chassis_angle             0x2000178c   Data          76  oldpid.o(.bss)
    pid_yaw_follow_chassis_speed             0x200017d8   Data          76  oldpid.o(.bss)
    pid_yaw                                  0x20001824   Data          76  oldpid.o(.bss)
    pid_pit                                  0x20001870   Data          76  oldpid.o(.bss)
    pid_auto_aim_yaw                         0x200018bc   Data          76  oldpid.o(.bss)
    pid_auto_aim_pit                         0x20001908   Data          76  oldpid.o(.bss)
    pid_yaw_speed                            0x20001954   Data          76  oldpid.o(.bss)
    pid_pit_speed                            0x200019a0   Data          76  oldpid.o(.bss)
    pid_spd                                  0x200019ec   Data         304  oldpid.o(.bss)
    pid_chassis_angle                        0x20001b1c   Data          76  oldpid.o(.bss)
    pid_trigger                              0x20001b68   Data          76  oldpid.o(.bss)
    pid_trigger_speed                        0x20001bb4   Data         152  oldpid.o(.bss)
    pid_trigger_second_speed                 0x20001c4c   Data          76  oldpid.o(.bss)
    pid_rotate                               0x20001c98   Data         304  oldpid.o(.bss)
    pid_imu_tmp                              0x20001dc8   Data          76  oldpid.o(.bss)
    pid_voltage                              0x20001e14   Data          76  oldpid.o(.bss)
    pid_software_limit                       0x20001e60   Data          76  oldpid.o(.bss)
    pid_speed_bias                           0x20001eac   Data          76  oldpid.o(.bss)
    pid_front_distance                       0x20001ef8   Data          76  oldpid.o(.bss)
    pid_right_distance                       0x20001f44   Data          76  oldpid.o(.bss)
    pid_angle_distance                       0x20001f90   Data          76  oldpid.o(.bss)
    pid_spring                               0x20001fdc   Data         152  oldpid.o(.bss)
    pid_cha_6020_angle                       0x20002074   Data         304  oldpid.o(.bss)
    pid_cha_3508_angle                       0x200021a4   Data         304  oldpid.o(.bss)
    pid_cha_6020_speed                       0x200022d4   Data         304  oldpid.o(.bss)
    pid_cha_3508_speed                       0x20002404   Data         304  oldpid.o(.bss)
    gimbal_gyro                              0x20002538   Data          36  senior.o(.bss)
    chassis_gyro                             0x2000255c   Data          36  senior.o(.bss)
    steering_wheel_chassis                   0x20002580   Data         704  senior.o(.bss)
    Mecanum_chassis                          0x20002840   Data         352  senior.o(.bss)
    Pitch_Encoder                            0x200029a0   Data          88  senior.o(.bss)
    yaw_Encoder                              0x200029f8   Data          88  senior.o(.bss)
    hero_small_gimbal                        0x20002a50   Data         176  senior.o(.bss)
    general_friction                         0x20002b00   Data         528  senior.o(.bss)
    general_poke                             0x20002d10   Data         440  senior.o(.bss)
    bullet_hatch_encoder                     0x20002ec8   Data          88  senior.o(.bss)
    judge_rece_mesg                          0x20002fb4   Data         188  judge.o(.bss)
    RC_CtrlData                              0x20003070   Data          73  remote.o(.bss)
    uart_cha_data                            0x200030b9   Data          25  uart_cha_transmit.o(.bss)
    new_location                             0x200030d4   Data          44  old_auto_shoot.o(.bss)
    msg                                      0x20003100   Data          32  old_auto_shoot.o(.bss)
    ddata                                    0x20003184   Data          66  client.o(.bss)
    tx_buf                                   0x200031c6   Data         150  client.o(.bss)
    bomb_hatch_cover                         0x2000325c   Data          45  client.o(.bss)
    client_custom_characte_remaining_capacity 0x20003289   Data          45  client.o(.bss)
    client_custom_character                  0x200032b6   Data          45  client.o(.bss)
    client_custom_character_voltage          0x200032e3   Data          45  client.o(.bss)
    client_custom_character_voltage_num      0x20003310   Data          45  client.o(.bss)
    client_custom_character_Energy_organs    0x2000333d   Data          45  client.o(.bss)
    client_custom_character_NX_time          0x2000336a   Data          45  client.o(.bss)
    client_custom_emission_frequency         0x20003397   Data          45  client.o(.bss)
    client_custom_graphic_seven              0x200033c4   Data         105  client.o(.bss)
    client_custom_sight_bead                 0x2000342d   Data         105  client.o(.bss)
    client_custom_Attack_Energy              0x20003496   Data         105  client.o(.bss)
    client_custom_Magazine_graphics          0x200034ff   Data         105  client.o(.bss)
    client_custom_character_graphics         0x20003568   Data         105  client.o(.bss)
    client_custom_emission_frequency_graphics 0x200035d1   Data         105  client.o(.bss)
    _UART5_DMA_RX_BUF                        0x2000363a   Data        1024  usart.o(.bss)
    _USART2_DMA_RX_BUF                       0x20003aba   Data          25  usart.o(.bss)
    _UART4_DMA_RX_BUF                        0x20003b37   Data         100  usart.o(.bss)
    USART2_DMA_TX_BUF                        0x20003bff   Data          25  usart.o(.bss)
    UART4_DMA_TX_BUF                         0x20003c18   Data         100  usart.o(.bss)
    __libspace_start                         0x20003d14   Data          96  libspace.o(.bss)
    __temporary_stack_top$libspace           0x20003d74   Data           0  libspace.o(.bss)



==============================================================================

Memory Map of the image

  Image Entry point : 0x08000189

  Load Region LR_IROM1 (Base: 0x08000000, Size: 0x00019118, Max: 0x00100000, ABSOLUTE, COMPRESSED[0x00018dcc])

    Execution Region ER_IROM1 (Exec base: 0x08000000, Load base: 0x08000000, Size: 0x00018d4c, Max: 0x00100000, ABSOLUTE)

    Exec Addr    Load Addr    Size         Type   Attr      Idx    E Section Name        Object

    0x08000000   0x08000000   0x00000188   Data   RO         1765    RESET               startup_stm32f40_41xxx.o
    0x08000188   0x08000188   0x00000008   Code   RO         4391  * !!!main             c_w.l(__main.o)
    0x08000190   0x08000190   0x00000034   Code   RO         4979    !!!scatter          c_w.l(__scatter.o)
    0x080001c4   0x080001c4   0x0000005a   Code   RO         4977    !!dczerorl2         c_w.l(__dczerorl2.o)
    0x0800021e   0x0800021e   0x00000002   PAD
    0x08000220   0x08000220   0x0000001c   Code   RO         4981    !!handler_zi        c_w.l(__scatter_zi.o)
    0x0800023c   0x0800023c   0x00000000   Code   RO         4370    .ARM.Collect$$_printf_percent$$00000000  c_w.l(_printf_percent.o)
    0x0800023c   0x0800023c   0x00000006   Code   RO         4369    .ARM.Collect$$_printf_percent$$00000003  c_w.l(_printf_f.o)
    0x08000242   0x08000242   0x00000004   Code   RO         4669    .ARM.Collect$$_printf_percent$$00000017  c_w.l(_printf_percent_end.o)
    0x08000246   0x08000246   0x00000002   Code   RO         4916    .ARM.Collect$$libinit$$00000000  c_w.l(libinit.o)
    0x08000248   0x08000248   0x00000004   Code   RO         4678    .ARM.Collect$$libinit$$00000001  c_w.l(libinit2.o)
    0x0800024c   0x0800024c   0x00000000   Code   RO         4681    .ARM.Collect$$libinit$$00000004  c_w.l(libinit2.o)
    0x0800024c   0x0800024c   0x00000008   Code   RO         4682    .ARM.Collect$$libinit$$00000005  c_w.l(libinit2.o)
    0x08000254   0x08000254   0x00000000   Code   RO         4684    .ARM.Collect$$libinit$$0000000A  c_w.l(libinit2.o)
    0x08000254   0x08000254   0x00000000   Code   RO         4686    .ARM.Collect$$libinit$$0000000C  c_w.l(libinit2.o)
    0x08000254   0x08000254   0x00000000   Code   RO         4688    .ARM.Collect$$libinit$$0000000E  c_w.l(libinit2.o)
    0x08000254   0x08000254   0x00000006   Code   RO         4689    .ARM.Collect$$libinit$$0000000F  c_w.l(libinit2.o)
    0x0800025a   0x0800025a   0x00000000   Code   RO         4691    .ARM.Collect$$libinit$$00000011  c_w.l(libinit2.o)
    0x0800025a   0x0800025a   0x00000000   Code   RO         4693    .ARM.Collect$$libinit$$00000013  c_w.l(libinit2.o)
    0x0800025a   0x0800025a   0x00000000   Code   RO         4695    .ARM.Collect$$libinit$$00000015  c_w.l(libinit2.o)
    0x0800025a   0x0800025a   0x0000000a   Code   RO         4696    .ARM.Collect$$libinit$$00000016  c_w.l(libinit2.o)
    0x08000264   0x08000264   0x00000000   Code   RO         4697    .ARM.Collect$$libinit$$00000017  c_w.l(libinit2.o)
    0x08000264   0x08000264   0x00000000   Code   RO         4699    .ARM.Collect$$libinit$$00000019  c_w.l(libinit2.o)
    0x08000264   0x08000264   0x00000000   Code   RO         4701    .ARM.Collect$$libinit$$0000001B  c_w.l(libinit2.o)
    0x08000264   0x08000264   0x00000000   Code   RO         4703    .ARM.Collect$$libinit$$0000001D  c_w.l(libinit2.o)
    0x08000264   0x08000264   0x00000000   Code   RO         4705    .ARM.Collect$$libinit$$0000001F  c_w.l(libinit2.o)
    0x08000264   0x08000264   0x00000000   Code   RO         4707    .ARM.Collect$$libinit$$00000021  c_w.l(libinit2.o)
    0x08000264   0x08000264   0x00000000   Code   RO         4709    .ARM.Collect$$libinit$$00000023  c_w.l(libinit2.o)
    0x08000264   0x08000264   0x00000000   Code   RO         4711    .ARM.Collect$$libinit$$00000025  c_w.l(libinit2.o)
    0x08000264   0x08000264   0x00000000   Code   RO         4715    .ARM.Collect$$libinit$$0000002C  c_w.l(libinit2.o)
    0x08000264   0x08000264   0x00000000   Code   RO         4717    .ARM.Collect$$libinit$$0000002E  c_w.l(libinit2.o)
    0x08000264   0x08000264   0x00000000   Code   RO         4719    .ARM.Collect$$libinit$$00000030  c_w.l(libinit2.o)
    0x08000264   0x08000264   0x00000000   Code   RO         4721    .ARM.Collect$$libinit$$00000032  c_w.l(libinit2.o)
    0x08000264   0x08000264   0x00000002   Code   RO         4722    .ARM.Collect$$libinit$$00000033  c_w.l(libinit2.o)
    0x08000266   0x08000266   0x00000002   Code   RO         4974    .ARM.Collect$$libshutdown$$00000000  c_w.l(libshutdown.o)
    0x08000268   0x08000268   0x00000000   Code   RO         4932    .ARM.Collect$$libshutdown$$00000002  c_w.l(libshutdown2.o)
    0x08000268   0x08000268   0x00000000   Code   RO         4934    .ARM.Collect$$libshutdown$$00000004  c_w.l(libshutdown2.o)
    0x08000268   0x08000268   0x00000000   Code   RO         4936    .ARM.Collect$$libshutdown$$00000006  c_w.l(libshutdown2.o)
    0x08000268   0x08000268   0x00000000   Code   RO         4939    .ARM.Collect$$libshutdown$$00000009  c_w.l(libshutdown2.o)
    0x08000268   0x08000268   0x00000000   Code   RO         4942    .ARM.Collect$$libshutdown$$0000000C  c_w.l(libshutdown2.o)
    0x08000268   0x08000268   0x00000000   Code   RO         4944    .ARM.Collect$$libshutdown$$0000000E  c_w.l(libshutdown2.o)
    0x08000268   0x08000268   0x00000000   Code   RO         4947    .ARM.Collect$$libshutdown$$00000011  c_w.l(libshutdown2.o)
    0x08000268   0x08000268   0x00000002   Code   RO         4948    .ARM.Collect$$libshutdown$$00000012  c_w.l(libshutdown2.o)
    0x0800026a   0x0800026a   0x00000000   Code   RO         4631    .ARM.Collect$$rtentry$$00000000  c_w.l(__rtentry.o)
    0x0800026a   0x0800026a   0x00000000   Code   RO         4801    .ARM.Collect$$rtentry$$00000002  c_w.l(__rtentry2.o)
    0x0800026a   0x0800026a   0x00000006   Code   RO         4813    .ARM.Collect$$rtentry$$00000004  c_w.l(__rtentry4.o)
    0x08000270   0x08000270   0x00000000   Code   RO         4803    .ARM.Collect$$rtentry$$00000009  c_w.l(__rtentry2.o)
    0x08000270   0x08000270   0x00000004   Code   RO         4804    .ARM.Collect$$rtentry$$0000000A  c_w.l(__rtentry2.o)
    0x08000274   0x08000274   0x00000000   Code   RO         4806    .ARM.Collect$$rtentry$$0000000C  c_w.l(__rtentry2.o)
    0x08000274   0x08000274   0x00000008   Code   RO         4807    .ARM.Collect$$rtentry$$0000000D  c_w.l(__rtentry2.o)
    0x0800027c   0x0800027c   0x00000002   Code   RO         4919    .ARM.Collect$$rtexit$$00000000  c_w.l(rtexit.o)
    0x0800027e   0x0800027e   0x00000000   Code   RO         4952    .ARM.Collect$$rtexit$$00000002  c_w.l(rtexit2.o)
    0x0800027e   0x0800027e   0x00000004   Code   RO         4953    .ARM.Collect$$rtexit$$00000003  c_w.l(rtexit2.o)
    0x08000282   0x08000282   0x00000006   Code   RO         4954    .ARM.Collect$$rtexit$$00000004  c_w.l(rtexit2.o)
    0x08000288   0x08000288   0x00000000   Code   RO         4829    .emb_text           c_w.l(maybetermalloc1.o)
    0x08000288   0x08000288   0x0000000c   Code   RO            4    .text               main.o
    0x08000294   0x08000294   0x0000001a   Code   RO          355    .text               stm32f4xx_it.o
    0x080002ae   0x080002ae   0x00000002   PAD
    0x080002b0   0x080002b0   0x00000210   Code   RO          408    .text               system_stm32f4xx.o
    0x080004c0   0x080004c0   0x0000014c   Code   RO          438    .text               bsp.o
    0x0800060c   0x0800060c   0x00000168   Code   RO          465    .text               control_task.o
    0x08000774   0x08000774   0x000016e8   Code   RO          492    .text               gimbal_task.o
    0x08001e5c   0x08001e5c   0x0000048c   Code   RO          523    .text               infantry_mode_switch_task.o
    0x080022e8   0x080022e8   0x00000314   Code   RO          555    .text               buff_karman_filter.o
    0x080025fc   0x080025fc   0x00000a18   Code   RO          586    .text               17mm_shoot_task.o
    0x08003014   0x08003014   0x000002c0   Code   RO          618    .text               bullet_hatch_task.o
    0x080032d4   0x080032d4   0x000007f0   Code   RO          649    .text               oldpid.o
    0x08003ac4   0x08003ac4   0x00002eec   Code   RO          700    .text               protobuf-c.o
    0x080069b0   0x080069b0   0x00000134   Code   RO          729    .text               recieve.pb-c.o
    0x08006ae4   0x08006ae4   0x000000d4   Code   RO          758    .text               canbus.o
    0x08006bb8   0x08006bb8   0x00000130   Code   RO          779    .text               send.pb-c.o
    0x08006ce8   0x08006ce8   0x00000108   Code   RO          801    .text               ch100.o
    0x08006df0   0x08006df0   0x000004d8   Code   RO          837    .text               dji_motor.o
    0x080072c8   0x080072c8   0x00000584   Code   RO          872    .text               hi220.o
    0x0800784c   0x0800784c   0x000002e0   Code   RO          928    .text               judge.o
    0x08007b2c   0x08007b2c   0x000003fc   Code   RO         1014    .text               remote.o
    0x08007f28   0x08007f28   0x00000078   Code   RO         1075    .text               uart_cha_transmit.o
    0x08007fa0   0x08007fa0   0x00000384   Code   RO         1106    .text               old_auto_shoot.o
    0x08008324   0x08008324   0x000023cc   Code   RO         1137    .text               client.o
    0x0800a6f0   0x0800a6f0   0x00000290   Code   RO         1200    .text               can.o
    0x0800a980   0x0800a980   0x00000074   Code   RO         1274    .text               led.o
    0x0800a9f4   0x0800a9f4   0x00000db4   Code   RO         1298    .text               usart.o
    0x0800b7a8   0x0800b7a8   0x0000008c   Code   RO         1329    .text               timer.o
    0x0800b834   0x0800b834   0x000000e0   Code   RO         1356    .text               misc.o
    0x0800b914   0x0800b914   0x000009f0   Code   RO         1404    .text               stm32f4xx_can.o
    0x0800c304   0x0800c304   0x000003a8   Code   RO         1476    .text               stm32f4xx_dma.o
    0x0800c6ac   0x0800c6ac   0x00000294   Code   RO         1548    .text               stm32f4xx_gpio.o
    0x0800c940   0x0800c940   0x0000065c   Code   RO         1620    .text               stm32f4xx_rcc.o
    0x0800cf9c   0x0800cf9c   0x00000ca2   Code   RO         1718    .text               stm32f4xx_tim.o
    0x0800dc3e   0x0800dc3e   0x00000002   PAD
    0x0800dc40   0x0800dc40   0x00000454   Code   RO         1742    .text               stm32f4xx_usart.o
    0x0800e094   0x0800e094   0x00000040   Code   RO         1766    .text               startup_stm32f40_41xxx.o
    0x0800e0d4   0x0800e0d4   0x000009a4   Code   RO         1773    .text               basicmathfunctions.o
    0x0800ea78   0x0800ea78   0x0000478a   Code   RO         3107    .text               matrixfunctions.o
    0x08013202   0x08013202   0x00000002   PAD
    0x08013204   0x08013204   0x00000c10   Code   RO         3818    .text               supportfunctions.o
    0x08013e14   0x08013e14   0x0000005e   Code   RO         4277    .text               c_w.l(h1_alloc.o)
    0x08013e72   0x08013e72   0x0000004e   Code   RO         4279    .text               c_w.l(h1_free.o)
    0x08013ec0   0x08013ec0   0x00000026   Code   RO         4337    .text               c_w.l(llshl.o)
    0x08013ee6   0x08013ee6   0x00000002   PAD
    0x08013ee8   0x08013ee8   0x00000028   Code   RO         4345    .text               c_w.l(noretval__2sprintf.o)
    0x08013f10   0x08013f10   0x00000068   Code   RO         4347    .text               c_w.l(__printf.o)
    0x08013f78   0x08013f78   0x00000080   Code   RO         4371    .text               c_w.l(assert.o)
    0x08013ff8   0x08013ff8   0x00000024   Code   RO         4373    .text               c_w.l(strstr.o)
    0x0801401c   0x0801401c   0x0000003e   Code   RO         4375    .text               c_w.l(strlen.o)
    0x0801405a   0x0801405a   0x0000008a   Code   RO         4377    .text               c_w.l(rt_memcpy_v6.o)
    0x080140e4   0x080140e4   0x00000084   Code   RO         4379    .text               c_w.l(rt_memmove_v6.o)
    0x08014168   0x08014168   0x00000064   Code   RO         4381    .text               c_w.l(rt_memcpy_w.o)
    0x080141cc   0x080141cc   0x00000044   Code   RO         4383    .text               c_w.l(rt_memclr.o)
    0x08014210   0x08014210   0x0000004e   Code   RO         4385    .text               c_w.l(rt_memclr_w.o)
    0x0801425e   0x0801425e   0x00000002   PAD
    0x08014260   0x08014260   0x00000080   Code   RO         4387    .text               c_w.l(strcmpv7m.o)
    0x080142e0   0x080142e0   0x00000006   Code   RO         4389    .text               c_w.l(heapauxi.o)
    0x080142e6   0x080142e6   0x00000002   PAD
    0x080142e8   0x080142e8   0x00000008   Code   RO         4639    .text               c_w.l(rt_heap_descriptor_intlibspace.o)
    0x080142f0   0x080142f0   0x00000004   Code   RO         4641    .text               c_w.l(hguard.o)
    0x080142f4   0x080142f4   0x0000008a   Code   RO         4643    .text               c_w.l(init_alloc.o)
    0x0801437e   0x0801437e   0x0000000e   Code   RO         4647    .text               c_w.l(h1_init.o)
    0x0801438c   0x0801438c   0x00000016   Code   RO         4661    .text               c_w.l(_rserrno.o)
    0x080143a2   0x080143a2   0x0000041e   Code   RO         4663    .text               c_w.l(_printf_fp_dec.o)
    0x080147c0   0x080147c0   0x00000030   Code   RO         4665    .text               c_w.l(_printf_char_common.o)
    0x080147f0   0x080147f0   0x0000000a   Code   RO         4667    .text               c_w.l(_sputc.o)
    0x080147fa   0x080147fa   0x00000016   Code   RO         4670    .text               c_w.l(abort.o)
    0x08014810   0x08014810   0x00000014   Code   RO         4672    .text               c_w.l(assert_puts.o)
    0x08014824   0x08014824   0x0000007a   Code   RO         4674    .text               c_w.l(rt_memmove_w.o)
    0x0801489e   0x0801489e   0x0000000e   Code   RO         4791    .text               c_w.l(sys_wrch.o)
    0x080148ac   0x080148ac   0x0000000c   Code   RO         4795    .text               c_w.l(sys_exit.o)
    0x080148b8   0x080148b8   0x00000008   Code   RO         4797    .text               c_w.l(libspace.o)
    0x080148c0   0x080148c0   0x00000008   Code   RO         4820    .text               c_w.l(rt_locale_intlibspace.o)
    0x080148c8   0x080148c8   0x00000008   Code   RO         4825    .text               c_w.l(rt_errno_addr_intlibspace.o)
    0x080148d0   0x080148d0   0x00000034   Code   RO         4831    .text               c_w.l(h1_extend.o)
    0x08014904   0x08014904   0x0000008a   Code   RO         4835    .text               c_w.l(lludiv10.o)
    0x0801498e   0x0801498e   0x00000002   PAD
    0x08014990   0x08014990   0x00000080   Code   RO         4837    .text               c_w.l(_printf_fp_infnan.o)
    0x08014a10   0x08014a10   0x000000e4   Code   RO         4841    .text               c_w.l(bigflt0.o)
    0x08014af4   0x08014af4   0x0000000e   Code   RO         4869    .text               c_w.l(defsig_abrt_outer.o)
    0x08014b02   0x08014b02   0x0000000e   Code   RO         4873    .text               c_w.l(defsig_rtmem_outer.o)
    0x08014b10   0x08014b10   0x00000002   Code   RO         4886    .text               c_w.l(use_no_semi.o)
    0x08014b12   0x08014b12   0x00000000   Code   RO         4888    .text               c_w.l(indicate_semi.o)
    0x08014b12   0x08014b12   0x0000004a   Code   RO         4889    .text               c_w.l(sys_stackheap_outer.o)
    0x08014b5c   0x08014b5c   0x00000012   Code   RO         4895    .text               c_w.l(exit.o)
    0x08014b6e   0x08014b6e   0x0000000a   Code   RO         4897    .text               c_w.l(defsig_exit.o)
    0x08014b78   0x08014b78   0x00000030   Code   RO         4899    .text               c_w.l(defsig_abrt_inner.o)
    0x08014ba8   0x08014ba8   0x00000050   Code   RO         4905    .text               c_w.l(defsig_rtmem_inner.o)
    0x08014bf8   0x08014bf8   0x00000032   Code   RO         4927    .text               c_w.l(defsig_general.o)
    0x08014c2a   0x08014c2a   0x0000003e   Code   RO         4844    CL$$btod_d2e        c_w.l(btod.o)
    0x08014c68   0x08014c68   0x00000046   Code   RO         4846    CL$$btod_d2e_denorm_low  c_w.l(btod.o)
    0x08014cae   0x08014cae   0x00000060   Code   RO         4845    CL$$btod_d2e_norm_op1  c_w.l(btod.o)
    0x08014d0e   0x08014d0e   0x00000338   Code   RO         4854    CL$$btod_div_common  c_w.l(btod.o)
    0x08015046   0x08015046   0x000000dc   Code   RO         4851    CL$$btod_e2e        c_w.l(btod.o)
    0x08015122   0x08015122   0x0000002a   Code   RO         4848    CL$$btod_ediv       c_w.l(btod.o)
    0x0801514c   0x0801514c   0x0000002a   Code   RO         4847    CL$$btod_emul       c_w.l(btod.o)
    0x08015176   0x08015176   0x00000244   Code   RO         4853    CL$$btod_mult_common  c_w.l(btod.o)
    0x080153ba   0x080153ba   0x00000030   Code   RO         4759    i.__ARM_fpclassify  m_wm.l(fpclassify.o)
    0x080153ea   0x080153ea   0x00000006   PAD
    0x080153f0   0x080153f0   0x000002d8   Code   RO         4441    i.__hardfp_atan     m_wm.l(atan.o)
    0x080156c8   0x080156c8   0x00000200   Code   RO         4455    i.__hardfp_atan2    m_wm.l(atan2.o)
    0x080158c8   0x080158c8   0x000000c8   Code   RO         4467    i.__hardfp_cos      m_wm.l(cos.o)
    0x08015990   0x08015990   0x00000014   Code   RO         4507    i.__hardfp_fabs     m_wm.l(fabs.o)
    0x080159a4   0x080159a4   0x00000104   Code   RO         4513    i.__hardfp_fmod     m_wm.l(fmod.o)
    0x08015aa8   0x08015aa8   0x00000c50   Code   RO         4553    i.__hardfp_pow      m_wm.l(pow.o)
    0x080166f8   0x080166f8   0x000000c8   Code   RO         4581    i.__hardfp_sin      m_wm.l(sin.o)
    0x080167c0   0x080167c0   0x0000007a   Code   RO         4593    i.__hardfp_sqrt     m_wm.l(sqrt.o)
    0x0801683a   0x0801683a   0x0000003a   Code   RO         4605    i.__hardfp_sqrtf    m_wm.l(sqrtf.o)
    0x08016874   0x08016874   0x00000004   PAD
    0x08016878   0x08016878   0x00000438   Code   RO         4780    i.__ieee754_rem_pio2  m_wm.l(rred.o)
    0x08016cb0   0x08016cb0   0x00000170   Code   RO         4742    i.__kernel_cos      m_wm.l(cos_i.o)
    0x08016e20   0x08016e20   0x000000f8   Code   RO         4777    i.__kernel_poly     m_wm.l(poly.o)
    0x08016f18   0x08016f18   0x00000130   Code   RO         4785    i.__kernel_sin      m_wm.l(sin_i.o)
    0x08017048   0x08017048   0x00000030   Code   RO         4745    i.__mathlib_dbl_divzero  m_wm.l(dunder.o)
    0x08017078   0x08017078   0x00000014   Code   RO         4746    i.__mathlib_dbl_infnan  m_wm.l(dunder.o)
    0x0801708c   0x0801708c   0x00000014   Code   RO         4747    i.__mathlib_dbl_infnan2  m_wm.l(dunder.o)
    0x080170a0   0x080170a0   0x00000020   Code   RO         4748    i.__mathlib_dbl_invalid  m_wm.l(dunder.o)
    0x080170c0   0x080170c0   0x00000020   Code   RO         4749    i.__mathlib_dbl_overflow  m_wm.l(dunder.o)
    0x080170e0   0x080170e0   0x00000020   Code   RO         4751    i.__mathlib_dbl_underflow  m_wm.l(dunder.o)
    0x08017100   0x08017100   0x00000010   Code   RO         4443    i.atan              m_wm.l(atan.o)
    0x08017110   0x08017110   0x00000018   Code   RO         4509    i.fabs              m_wm.l(fabs.o)
    0x08017128   0x08017128   0x0000006e   Code   RO         4595    i.sqrt              m_wm.l(sqrt.o)
    0x08017196   0x08017196   0x00000002   PAD
    0x08017198   0x08017198   0x0000002c   Code   RO         4867    locale$$code        c_w.l(lc_numeric_c.o)
    0x080171c4   0x080171c4   0x00000018   Code   RO         4393    x$fpl$basic         fz_wm.l(basic.o)
    0x080171dc   0x080171dc   0x00000062   Code   RO         4395    x$fpl$d2f           fz_wm.l(d2f.o)
    0x0801723e   0x0801723e   0x00000002   PAD
    0x08017240   0x08017240   0x00000150   Code   RO         4397    x$fpl$dadd          fz_wm.l(daddsub_clz.o)
    0x08017390   0x08017390   0x00000010   Code   RO         4882    x$fpl$dcheck1       fz_wm.l(dcheck1.o)
    0x080173a0   0x080173a0   0x00000018   Code   RO         4723    x$fpl$dcmpinf       fz_wm.l(dcmpi.o)
    0x080173b8   0x080173b8   0x000002b0   Code   RO         4404    x$fpl$ddiv          fz_wm.l(ddiv.o)
    0x08017668   0x08017668   0x00000078   Code   RO         4407    x$fpl$deqf          fz_wm.l(deqf.o)
    0x080176e0   0x080176e0   0x0000005e   Code   RO         4409    x$fpl$dfix          fz_wm.l(dfix.o)
    0x0801773e   0x0801773e   0x00000002   PAD
    0x08017740   0x08017740   0x0000005a   Code   RO         4417    x$fpl$dfixu         fz_wm.l(dfixu.o)
    0x0801779a   0x0801779a   0x0000002e   Code   RO         4422    x$fpl$dflt          fz_wm.l(dflt_clz.o)
    0x080177c8   0x080177c8   0x00000026   Code   RO         4421    x$fpl$dfltu         fz_wm.l(dflt_clz.o)
    0x080177ee   0x080177ee   0x00000002   PAD
    0x080177f0   0x080177f0   0x00000078   Code   RO         4427    x$fpl$dleqf         fz_wm.l(dleqf.o)
    0x08017868   0x08017868   0x00000154   Code   RO         4429    x$fpl$dmul          fz_wm.l(dmul.o)
    0x080179bc   0x080179bc   0x0000009c   Code   RO         4725    x$fpl$dnaninf       fz_wm.l(dnaninf.o)
    0x08017a58   0x08017a58   0x00000150   Code   RO         4727    x$fpl$drem          fz_wm.l(drem_clz.o)
    0x08017ba8   0x08017ba8   0x0000000c   Code   RO         4729    x$fpl$dretinf       fz_wm.l(dretinf.o)
    0x08017bb4   0x08017bb4   0x0000006c   Code   RO         4431    x$fpl$drleqf        fz_wm.l(drleqf.o)
    0x08017c20   0x08017c20   0x00000016   Code   RO         4398    x$fpl$drsb          fz_wm.l(daddsub_clz.o)
    0x08017c36   0x08017c36   0x00000002   PAD
    0x08017c38   0x08017c38   0x00000198   Code   RO         4731    x$fpl$dsqrt         fz_wm.l(dsqrt_umaal.o)
    0x08017dd0   0x08017dd0   0x000001d4   Code   RO         4399    x$fpl$dsub          fz_wm.l(daddsub_clz.o)
    0x08017fa4   0x08017fa4   0x00000056   Code   RO         4433    x$fpl$f2d           fz_wm.l(f2d.o)
    0x08017ffa   0x08017ffa   0x0000008c   Code   RO         4733    x$fpl$fnaninf       fz_wm.l(fnaninf.o)
    0x08018086   0x08018086   0x0000000a   Code   RO         4884    x$fpl$fpinit        fz_wm.l(fpinit.o)
    0x08018090   0x08018090   0x0000000a   Code   RO         4735    x$fpl$fretinf       fz_wm.l(fretinf.o)
    0x0801809a   0x0801809a   0x00000002   PAD
    0x0801809c   0x0801809c   0x000000c2   Code   RO         4413    x$fpl$llsfromd      fz_wm.l(dfixll.o)
    0x0801815e   0x0801815e   0x00000002   PAD
    0x08018160   0x08018160   0x00000086   Code   RO         4435    x$fpl$llsfromf      fz_wm.l(ffixll.o)
    0x080181e6   0x080181e6   0x00000004   Code   RO         4439    x$fpl$printf1       fz_wm.l(printf1.o)
    0x080181ea   0x080181ea   0x00000064   Code   RO         4917    x$fpl$retnan        fz_wm.l(retnan.o)
    0x0801824e   0x0801824e   0x0000005c   Code   RO         4739    x$fpl$scalbn        fz_wm.l(scalbn.o)
    0x080182aa   0x080182aa   0x00000030   Code   RO         4949    x$fpl$trapveneer    fz_wm.l(trapv.o)
    0x080182da   0x080182da   0x00000000   Code   RO         4741    x$fpl$usenofp       fz_wm.l(usenofp.o)
    0x080182da   0x080182da   0x00000002   PAD
    0x080182dc   0x080182dc   0x0000001c   Data   RO          701    .constdata          protobuf-c.o
    0x080182f8   0x080182f8   0x0000015c   Data   RO          730    .constdata          recieve.pb-c.o
    0x08018454   0x08018454   0x00000190   Data   RO          780    .constdata          send.pb-c.o
    0x080185e4   0x080185e4   0x00000302   Data   RO          930    .constdata          judge.o
    0x080188e6   0x080188e6   0x00000002   PAD
    0x080188e8   0x080188e8   0x00000098   Data   RO         4444    .constdata          m_wm.l(atan.o)
    0x08018980   0x08018980   0x00000088   Data   RO         4556    .constdata          m_wm.l(pow.o)
    0x08018a08   0x08018a08   0x00000030   Data   RO         4743    .constdata          m_wm.l(cos_i.o)
    0x08018a38   0x08018a38   0x00000008   Data   RO         4779    .constdata          m_wm.l(qnan.o)
    0x08018a40   0x08018a40   0x000000c8   Data   RO         4782    .constdata          m_wm.l(rred.o)
    0x08018b08   0x08018b08   0x00000028   Data   RO         4786    .constdata          m_wm.l(sin_i.o)
    0x08018b30   0x08018b30   0x00000094   Data   RO         4842    .constdata          c_w.l(bigflt0.o)
    0x08018bc4   0x08018bc4   0x00000047   Data   RO          702    .conststring        protobuf-c.o
    0x08018c0b   0x08018c0b   0x00000001   PAD
    0x08018c0c   0x08018c0c   0x0000008b   Data   RO          731    .conststring        recieve.pb-c.o
    0x08018c97   0x08018c97   0x00000001   PAD
    0x08018c98   0x08018c98   0x00000078   Data   RO          781    .conststring        send.pb-c.o
    0x08018d10   0x08018d10   0x00000020   Data   RO         4975    Region$$Table       anon$$obj.o
    0x08018d30   0x08018d30   0x0000001c   Data   RO         4866    locale$$data        c_w.l(lc_numeric_c.o)


    Execution Region RW_IRAM1 (Exec base: 0x20000000, Load base: 0x08018d4c, Size: 0x00004378, Max: 0x00020000, ABSOLUTE, COMPRESSED[0x00000080])

    Exec Addr    Load Addr    Size         Type   Attr      Idx    E Section Name        Object

    0x20000000   COMPRESSED   0x00000014   Data   RW          409    .data               system_stm32f4xx.o
    0x20000014   COMPRESSED   0x00000004   Data   RW          466    .data               control_task.o
    0x20000018   COMPRESSED   0x00000078   Data   RW          494    .data               gimbal_task.o
    0x20000090   COMPRESSED   0x00000004   Data   RW          525    .data               infantry_mode_switch_task.o
    0x20000094   COMPRESSED   0x00000245   Data   RW          557    .data               buff_karman_filter.o
    0x200002d9   COMPRESSED   0x00000003   PAD
    0x200002dc   COMPRESSED   0x00000020   Data   RW          588    .data               17mm_shoot_task.o
    0x200002fc   COMPRESSED   0x00000002   Data   RW          620    .data               bullet_hatch_task.o
    0x200002fe   COMPRESSED   0x00000002   PAD
    0x20000300   COMPRESSED   0x0000000c   Data   RW          703    .data               protobuf-c.o
    0x2000030c   COMPRESSED   0x0000000c   Data   RW          803    .data               ch100.o
    0x20000318   COMPRESSED   0x0000002c   Data   RW          874    .data               hi220.o
    0x20000344   COMPRESSED   0x00000002   Data   RW          931    .data               judge.o
    0x20000346   COMPRESSED   0x00000020   Data   RW         1016    .data               remote.o
    0x20000366   COMPRESSED   0x00000004   Data   RW         1077    .data               uart_cha_transmit.o
    0x2000036a   COMPRESSED   0x00000002   PAD
    0x2000036c   COMPRESSED   0x0000000c   Data   RW         1108    .data               old_auto_shoot.o
    0x20000378   COMPRESSED   0x00000038   Data   RW         1139    .data               client.o
    0x200003b0   COMPRESSED   0x0000000c   Data   RW         1300    .data               usart.o
    0x200003bc   COMPRESSED   0x00000010   Data   RW         1621    .data               stm32f4xx_rcc.o
    0x200003cc        -       0x00000754   Zero   RW          493    .bss                gimbal_task.o
    0x20000b20        -       0x000000a8   Zero   RW          524    .bss                infantry_mode_switch_task.o
    0x20000bc8        -       0x00000100   Zero   RW          556    .bss                buff_karman_filter.o
    0x20000cc8        -       0x00000258   Zero   RW          587    .bss                17mm_shoot_task.o
    0x20000f20        -       0x0000014c   Zero   RW          619    .bss                bullet_hatch_task.o
    0x2000106c        -       0x000014c8   Zero   RW          650    .bss                oldpid.o
    0x20002534   COMPRESSED   0x00000004   PAD
    0x20002538        -       0x000009e8   Zero   RW          679    .bss                senior.o
    0x20002f20        -       0x0000004c   Zero   RW          802    .bss                ch100.o
    0x20002f6c        -       0x00000048   Zero   RW          873    .bss                hi220.o
    0x20002fb4        -       0x000000bc   Zero   RW          929    .bss                judge.o
    0x20003070        -       0x00000049   Zero   RW         1015    .bss                remote.o
    0x200030b9        -       0x00000019   Zero   RW         1076    .bss                uart_cha_transmit.o
    0x200030d2   COMPRESSED   0x00000002   PAD
    0x200030d4        -       0x000000b0   Zero   RW         1107    .bss                old_auto_shoot.o
    0x20003184        -       0x000004b6   Zero   RW         1138    .bss                client.o
    0x2000363a        -       0x000006d8   Zero   RW         1299    .bss                usart.o
    0x20003d12   COMPRESSED   0x00000002   PAD
    0x20003d14        -       0x00000060   Zero   RW         4798    .bss                c_w.l(libspace.o)
    0x20003d74   COMPRESSED   0x00000004   PAD
    0x20003d78        -       0x00000200   Zero   RW         1764    HEAP                startup_stm32f40_41xxx.o
    0x20003f78        -       0x00000400   Zero   RW         1763    STACK               startup_stm32f40_41xxx.o


==============================================================================

Image component sizes


      Code (inc. data)   RO Data    RW Data    ZI Data      Debug   Object Name

      2584        212          0         32        600       5761   17mm_shoot_task.o
      2468         14          0          0          0      48765   basicmathfunctions.o
       332         20          0          0          0       1258   bsp.o
       788         52          0        581        256       3991   buff_karman_filter.o
       704         48          0          2        332       2251   bullet_hatch_task.o
       656         22          0          0          0       2162   can.o
       212         36          0          0          0       1252   canbus.o
       264         26          0         12         76       3920   ch100.o
      9164        490          0         56       1206       7189   client.o
         0          0          0          0          0        764   complexmathfunctions.o
       360         50          0          4          0        977   control_task.o
      1240          8          0          0          0       5305   dji_motor.o
      5864        576          0        120       1876       7045   gimbal_task.o
      1412        114          0         44         72       2448   hi220.o
      1164         66          0          4        168       4020   infantry_mode_switch_task.o
       736         16        770          2        188       9667   judge.o
       116         10          0          0          0        583   led.o
        12          0          0          0          0     327742   main.o
     18314        110          0          0          0      77556   matrixfunctions.o
       224         20          0          0          0       1837   misc.o
       900         52          0         12        176       3757   old_auto_shoot.o
      2032          8          0          0       5320       8359   oldpid.o
     12012        636         99         12          0      51753   protobuf-c.o
       308        124        487          0          0       9260   recieve.pb-c.o
      1020        132          0         32         73       6347   remote.o
       304        120        520          0          0       3698   send.pb-c.o
         0          0          0          0       2536       1989   senior.o
        64         26        392          0       1536        848   startup_stm32f40_41xxx.o
      2544         38          0          0          0       8164   stm32f4xx_can.o
       936         32          0          0          0       6413   stm32f4xx_dma.o
       660         44          0          0          0       4177   stm32f4xx_gpio.o
        26          0          0          0          0       1234   stm32f4xx_it.o
      1628         52          0         16          0      13064   stm32f4xx_rcc.o
      3234         60          0          0          0      23036   stm32f4xx_tim.o
      1108         34          0          0          0       7904   stm32f4xx_usart.o
      3088         50          0          0          0      37740   supportfunctions.o
       528         46          0         20          0       1807   system_stm32f4xx.o
       140          4          0          0          0        733   timer.o
       120          6          0          4         25       2956   uart_cha_transmit.o
      3508        174          0         12       1752       8442   usart.o

    ----------------------------------------------------------------------
     80780       3528       2304        972      16200     716174   Object Totals
         0          0         32          0          0          0   (incl. Generated)
         6          0          4          7          8          0   (incl. Padding)

    ----------------------------------------------------------------------

      Code (inc. data)   RO Data    RW Data    ZI Data      Debug   Library Member Name

        90          0          0          0          0          0   __dczerorl2.o
         8          0          0          0          0         68   __main.o
       104          0          0          0          0         84   __printf.o
         0          0          0          0          0          0   __rtentry.o
        12          0          0          0          0          0   __rtentry2.o
         6          0          0          0          0          0   __rtentry4.o
        52          8          0          0          0          0   __scatter.o
        28          0          0          0          0          0   __scatter_zi.o
        48          6          0          0          0         96   _printf_char_common.o
         6          0          0          0          0          0   _printf_f.o
      1054          0          0          0          0        216   _printf_fp_dec.o
       128         16          0          0          0         84   _printf_fp_infnan.o
         0          0          0          0          0          0   _printf_percent.o
         4          0          0          0          0          0   _printf_percent_end.o
        22          0          0          0          0        100   _rserrno.o
        10          0          0          0          0         68   _sputc.o
        22          0          0          0          0         80   abort.o
       128         42          0          0          0         76   assert.o
        20          0          0          0          0         76   assert_puts.o
       228          4        148          0          0         96   bigflt0.o
      1936        128          0          0          0        672   btod.o
        48         34          0          0          0         76   defsig_abrt_inner.o
        14          0          0          0          0         80   defsig_abrt_outer.o
        10          0          0          0          0         68   defsig_exit.o
        50          0          0          0          0         88   defsig_general.o
        80         58          0          0          0         76   defsig_rtmem_inner.o
        14          0          0          0          0         80   defsig_rtmem_outer.o
        18          0          0          0          0         80   exit.o
        94          0          0          0          0         80   h1_alloc.o
        52          0          0          0          0         68   h1_extend.o
        78          0          0          0          0         80   h1_free.o
        14          0          0          0          0         84   h1_init.o
         6          0          0          0          0        152   heapauxi.o
         4          0          0          0          0        136   hguard.o
         0          0          0          0          0          0   indicate_semi.o
       138          0          0          0          0        168   init_alloc.o
        44         10         28          0          0         76   lc_numeric_c.o
         2          0          0          0          0          0   libinit.o
        30          0          0          0          0          0   libinit2.o
         2          0          0          0          0          0   libshutdown.o
         2          0          0          0          0          0   libshutdown2.o
         8          4          0          0         96         68   libspace.o
        38          0          0          0          0         68   llshl.o
       138          0          0          0          0         80   lludiv10.o
         0          0          0          0          0          0   maybetermalloc1.o
        40          6          0          0          0         84   noretval__2sprintf.o
         8          4          0          0          0         68   rt_errno_addr_intlibspace.o
         8          4          0          0          0         68   rt_heap_descriptor_intlibspace.o
         8          4          0          0          0         68   rt_locale_intlibspace.o
        68          0          0          0          0         68   rt_memclr.o
        78          0          0          0          0         80   rt_memclr_w.o
       138          0          0          0          0         68   rt_memcpy_v6.o
       100          0          0          0          0         80   rt_memcpy_w.o
       132          0          0          0          0         68   rt_memmove_v6.o
       122          0          0          0          0         80   rt_memmove_w.o
         2          0          0          0          0          0   rtexit.o
        10          0          0          0          0          0   rtexit2.o
       128          0          0          0          0         68   strcmpv7m.o
        62          0          0          0          0         76   strlen.o
        36          0          0          0          0         80   strstr.o
        12          4          0          0          0         68   sys_exit.o
        74          0          0          0          0         80   sys_stackheap_outer.o
        14          0          0          0          0         76   sys_wrch.o
         2          0          0          0          0         68   use_no_semi.o
        24          0          0          0          0        164   basic.o
        98          4          0          0          0        140   d2f.o
       826         16          0          0          0        492   daddsub_clz.o
        16          4          0          0          0        116   dcheck1.o
        24          0          0          0          0        116   dcmpi.o
       688        140          0          0          0        256   ddiv.o
       120          4          0          0          0        140   deqf.o
        94          4          0          0          0        140   dfix.o
       194          4          0          0          0        164   dfixll.o
        90          4          0          0          0        140   dfixu.o
        84          0          0          0          0        232   dflt_clz.o
       120          4          0          0          0        140   dleqf.o
       340         12          0          0          0        152   dmul.o
       156          4          0          0          0        140   dnaninf.o
       336         12          0          0          0        136   drem_clz.o
        12          0          0          0          0        116   dretinf.o
       108          0          0          0          0        128   drleqf.o
       408         56          0          0          0        168   dsqrt_umaal.o
        86          4          0          0          0        132   f2d.o
       134          4          0          0          0        132   ffixll.o
       140          4          0          0          0        132   fnaninf.o
        10          0          0          0          0        116   fpinit.o
        10          0          0          0          0        116   fretinf.o
         4          0          0          0          0        116   printf1.o
       100          0          0          0          0        116   retnan.o
        92          0          0          0          0        116   scalbn.o
        48          0          0          0          0        116   trapv.o
         0          0          0          0          0          0   usenofp.o
       744        106        152          0          0        352   atan.o
       512         64          0          0          0        208   atan2.o
       200         20          0          0          0        164   cos.o
       368         46         48          0          0        200   cos_i.o
       184         44          0          0          0        744   dunder.o
        44          0          0          0          0        248   fabs.o
       260          6          0          0          0        144   fmod.o
        48          0          0          0          0        124   fpclassify.o
       248          0          0          0          0        152   poly.o
      3152        296        136          0          0        352   pow.o
         0          0          8          0          0          0   qnan.o
      1080        142        200          0          0        188   rred.o
       200         20          0          0          0        164   sin.o
       304         24         40          0          0        208   sin_i.o
       232          0          0          0          0        296   sqrt.o
        58          0          0          0          0        136   sqrtf.o

    ----------------------------------------------------------------------
     17864       1380        760          0        100      12424   Library Totals
        36          0          0          0          4          0   (incl. Padding)

    ----------------------------------------------------------------------

      Code (inc. data)   RO Data    RW Data    ZI Data      Debug   Library Name

      5832        332        176          0         96       4572   c_w.l
      4362        280          0          0          0       4172   fz_wm.l
      7634        768        584          0          0       3680   m_wm.l

    ----------------------------------------------------------------------
     17864       1380        760          0        100      12424   Library Totals

    ----------------------------------------------------------------------

==============================================================================


      Code (inc. data)   RO Data    RW Data    ZI Data      Debug   

     98644       4908       3064        972      16300     713994   Grand Totals
     98644       4908       3064        128      16300     713994   ELF Image Totals (compressed)
     98644       4908       3064        128          0          0   ROM Totals

==============================================================================

    Total RO  Size (Code + RO Data)               101708 (  99.32kB)
    Total RW  Size (RW Data + ZI Data)             17272 (  16.87kB)
    Total ROM Size (Code + RO Data + RW Data)     101836 (  99.45kB)

==============================================================================

