<!doctype html public "-//w3c//dtd html 4.0 transitional//en">
<html><head>
<title>Static Call Graph - [..\OBJ\Template.axf]</title></head>
<body><HR>
<H1>Static Call Graph for image ..\OBJ\Template.axf</H1><HR>
<BR><P>#&#060CALLGRAPH&#062# ARM Linker, 5060960: Last Updated: Thu May 09 02:54:30 2024
<BR><P>
<H3>Maximum Stack Usage =        920 bytes + Unknown(Functions without stacksize, Cycles, Untraceable Function Pointers)</H3><H3>
Call chain for Maximum Stack Depth:</H3>
UART4_IRQHandler &rArr; vision_process_general_message &rArr; host_to_device__frame__unpack &rArr; protobuf_c_message_unpack &rArr; parse_member &rArr; parse_oneof_member &rArr; parse_required_member &rArr;  protobuf_c_message_unpack (Cycle)
<P>
<H3>
Functions with no stack information
</H3><UL>
 <LI><a href="#[206]">__user_initial_stackheap</a>
</UL>
</UL>
<P>
<H3>
Mutually Recursive functions
</H3> <LI><a href="#[117]">protobuf_c_message_free_unpacked</a>&nbsp;&nbsp;&nbsp;&rArr;&nbsp;&nbsp;&nbsp;<a href="#[117]">protobuf_c_message_free_unpacked</a><BR>
 <LI><a href="#[119]">parse_required_member</a>&nbsp;&nbsp;&nbsp;&rArr;&nbsp;&nbsp;&nbsp;<a href="#[124]">protobuf_c_message_unpack</a><BR>
 <LI><a href="#[10f]">merge_messages</a>&nbsp;&nbsp;&nbsp;&rArr;&nbsp;&nbsp;&nbsp;<a href="#[10f]">merge_messages</a><BR>
 <LI><a href="#[fa]">prefixed_message_pack</a>&nbsp;&nbsp;&nbsp;&rArr;&nbsp;&nbsp;&nbsp;<a href="#[104]">protobuf_c_message_pack</a><BR>
 <LI><a href="#[eb]">required_field_get_packed_size</a>&nbsp;&nbsp;&nbsp;&rArr;&nbsp;&nbsp;&nbsp;<a href="#[e7]">protobuf_c_message_get_packed_size</a><BR>
 <LI><a href="#[e1]">repeated_field_get_packed_size</a>&nbsp;&nbsp;&nbsp;&rArr;&nbsp;&nbsp;&nbsp;<a href="#[e7]">protobuf_c_message_get_packed_size</a><BR>
 <LI><a href="#[27]">ADC_IRQHandler</a>&nbsp;&nbsp;&nbsp;&rArr;&nbsp;&nbsp;&nbsp;<a href="#[27]">ADC_IRQHandler</a><BR>
</UL>
<P>
<H3>
Function Pointers
</H3><UL>
 <LI><a href="#[27]">ADC_IRQHandler</a> from startup_stm32f40_41xxx.o(.text) referenced from startup_stm32f40_41xxx.o(RESET)
 <LI><a href="#[f]">BusFault_Handler</a> from stm32f4xx_it.o(.text) referenced from startup_stm32f40_41xxx.o(RESET)
 <LI><a href="#[29]">CAN1_RX0_IRQHandler</a> from can.o(.text) referenced from startup_stm32f40_41xxx.o(RESET)
 <LI><a href="#[2a]">CAN1_RX1_IRQHandler</a> from startup_stm32f40_41xxx.o(.text) referenced from startup_stm32f40_41xxx.o(RESET)
 <LI><a href="#[2b]">CAN1_SCE_IRQHandler</a> from startup_stm32f40_41xxx.o(.text) referenced from startup_stm32f40_41xxx.o(RESET)
 <LI><a href="#[28]">CAN1_TX_IRQHandler</a> from can.o(.text) referenced from startup_stm32f40_41xxx.o(RESET)
 <LI><a href="#[55]">CAN2_RX0_IRQHandler</a> from can.o(.text) referenced from startup_stm32f40_41xxx.o(RESET)
 <LI><a href="#[56]">CAN2_RX1_IRQHandler</a> from startup_stm32f40_41xxx.o(.text) referenced from startup_stm32f40_41xxx.o(RESET)
 <LI><a href="#[57]">CAN2_SCE_IRQHandler</a> from startup_stm32f40_41xxx.o(.text) referenced from startup_stm32f40_41xxx.o(RESET)
 <LI><a href="#[54]">CAN2_TX_IRQHandler</a> from can.o(.text) referenced from startup_stm32f40_41xxx.o(RESET)
 <LI><a href="#[64]">CRYP_IRQHandler</a> from startup_stm32f40_41xxx.o(.text) referenced from startup_stm32f40_41xxx.o(RESET)
 <LI><a href="#[63]">DCMI_IRQHandler</a> from startup_stm32f40_41xxx.o(.text) referenced from startup_stm32f40_41xxx.o(RESET)
 <LI><a href="#[20]">DMA1_Stream0_IRQHandler</a> from startup_stm32f40_41xxx.o(.text) referenced from startup_stm32f40_41xxx.o(RESET)
 <LI><a href="#[21]">DMA1_Stream1_IRQHandler</a> from startup_stm32f40_41xxx.o(.text) referenced from startup_stm32f40_41xxx.o(RESET)
 <LI><a href="#[22]">DMA1_Stream2_IRQHandler</a> from startup_stm32f40_41xxx.o(.text) referenced from startup_stm32f40_41xxx.o(RESET)
 <LI><a href="#[23]">DMA1_Stream3_IRQHandler</a> from startup_stm32f40_41xxx.o(.text) referenced from startup_stm32f40_41xxx.o(RESET)
 <LI><a href="#[24]">DMA1_Stream4_IRQHandler</a> from usart.o(.text) referenced from startup_stm32f40_41xxx.o(RESET)
 <LI><a href="#[25]">DMA1_Stream5_IRQHandler</a> from startup_stm32f40_41xxx.o(.text) referenced from startup_stm32f40_41xxx.o(RESET)
 <LI><a href="#[26]">DMA1_Stream6_IRQHandler</a> from startup_stm32f40_41xxx.o(.text) referenced from startup_stm32f40_41xxx.o(RESET)
 <LI><a href="#[44]">DMA1_Stream7_IRQHandler</a> from startup_stm32f40_41xxx.o(.text) referenced from startup_stm32f40_41xxx.o(RESET)
 <LI><a href="#[4d]">DMA2_Stream0_IRQHandler</a> from startup_stm32f40_41xxx.o(.text) referenced from startup_stm32f40_41xxx.o(RESET)
 <LI><a href="#[4e]">DMA2_Stream1_IRQHandler</a> from startup_stm32f40_41xxx.o(.text) referenced from startup_stm32f40_41xxx.o(RESET)
 <LI><a href="#[4f]">DMA2_Stream2_IRQHandler</a> from startup_stm32f40_41xxx.o(.text) referenced from startup_stm32f40_41xxx.o(RESET)
 <LI><a href="#[50]">DMA2_Stream3_IRQHandler</a> from startup_stm32f40_41xxx.o(.text) referenced from startup_stm32f40_41xxx.o(RESET)
 <LI><a href="#[51]">DMA2_Stream4_IRQHandler</a> from startup_stm32f40_41xxx.o(.text) referenced from startup_stm32f40_41xxx.o(RESET)
 <LI><a href="#[59]">DMA2_Stream5_IRQHandler</a> from startup_stm32f40_41xxx.o(.text) referenced from startup_stm32f40_41xxx.o(RESET)
 <LI><a href="#[5a]">DMA2_Stream6_IRQHandler</a> from startup_stm32f40_41xxx.o(.text) referenced from startup_stm32f40_41xxx.o(RESET)
 <LI><a href="#[5b]">DMA2_Stream7_IRQHandler</a> from startup_stm32f40_41xxx.o(.text) referenced from startup_stm32f40_41xxx.o(RESET)
 <LI><a href="#[12]">DebugMon_Handler</a> from stm32f4xx_it.o(.text) referenced from startup_stm32f40_41xxx.o(RESET)
 <LI><a href="#[52]">ETH_IRQHandler</a> from startup_stm32f40_41xxx.o(.text) referenced from startup_stm32f40_41xxx.o(RESET)
 <LI><a href="#[53]">ETH_WKUP_IRQHandler</a> from startup_stm32f40_41xxx.o(.text) referenced from startup_stm32f40_41xxx.o(RESET)
 <LI><a href="#[1b]">EXTI0_IRQHandler</a> from startup_stm32f40_41xxx.o(.text) referenced from startup_stm32f40_41xxx.o(RESET)
 <LI><a href="#[3d]">EXTI15_10_IRQHandler</a> from startup_stm32f40_41xxx.o(.text) referenced from startup_stm32f40_41xxx.o(RESET)
 <LI><a href="#[1c]">EXTI1_IRQHandler</a> from startup_stm32f40_41xxx.o(.text) referenced from startup_stm32f40_41xxx.o(RESET)
 <LI><a href="#[1d]">EXTI2_IRQHandler</a> from startup_stm32f40_41xxx.o(.text) referenced from startup_stm32f40_41xxx.o(RESET)
 <LI><a href="#[1e]">EXTI3_IRQHandler</a> from startup_stm32f40_41xxx.o(.text) referenced from startup_stm32f40_41xxx.o(RESET)
 <LI><a href="#[1f]">EXTI4_IRQHandler</a> from startup_stm32f40_41xxx.o(.text) referenced from startup_stm32f40_41xxx.o(RESET)
 <LI><a href="#[2c]">EXTI9_5_IRQHandler</a> from startup_stm32f40_41xxx.o(.text) referenced from startup_stm32f40_41xxx.o(RESET)
 <LI><a href="#[19]">FLASH_IRQHandler</a> from startup_stm32f40_41xxx.o(.text) referenced from startup_stm32f40_41xxx.o(RESET)
 <LI><a href="#[66]">FPU_IRQHandler</a> from startup_stm32f40_41xxx.o(.text) referenced from startup_stm32f40_41xxx.o(RESET)
 <LI><a href="#[45]">FSMC_IRQHandler</a> from startup_stm32f40_41xxx.o(.text) referenced from startup_stm32f40_41xxx.o(RESET)
 <LI><a href="#[65]">HASH_RNG_IRQHandler</a> from startup_stm32f40_41xxx.o(.text) referenced from startup_stm32f40_41xxx.o(RESET)
 <LI><a href="#[d]">HardFault_Handler</a> from stm32f4xx_it.o(.text) referenced from startup_stm32f40_41xxx.o(RESET)
 <LI><a href="#[35]">I2C1_ER_IRQHandler</a> from startup_stm32f40_41xxx.o(.text) referenced from startup_stm32f40_41xxx.o(RESET)
 <LI><a href="#[34]">I2C1_EV_IRQHandler</a> from startup_stm32f40_41xxx.o(.text) referenced from startup_stm32f40_41xxx.o(RESET)
 <LI><a href="#[37]">I2C2_ER_IRQHandler</a> from startup_stm32f40_41xxx.o(.text) referenced from startup_stm32f40_41xxx.o(RESET)
 <LI><a href="#[36]">I2C2_EV_IRQHandler</a> from startup_stm32f40_41xxx.o(.text) referenced from startup_stm32f40_41xxx.o(RESET)
 <LI><a href="#[5e]">I2C3_ER_IRQHandler</a> from startup_stm32f40_41xxx.o(.text) referenced from startup_stm32f40_41xxx.o(RESET)
 <LI><a href="#[5d]">I2C3_EV_IRQHandler</a> from startup_stm32f40_41xxx.o(.text) referenced from startup_stm32f40_41xxx.o(RESET)
 <LI><a href="#[e]">MemManage_Handler</a> from stm32f4xx_it.o(.text) referenced from startup_stm32f40_41xxx.o(RESET)
 <LI><a href="#[c]">NMI_Handler</a> from stm32f4xx_it.o(.text) referenced from startup_stm32f40_41xxx.o(RESET)
 <LI><a href="#[58]">OTG_FS_IRQHandler</a> from startup_stm32f40_41xxx.o(.text) referenced from startup_stm32f40_41xxx.o(RESET)
 <LI><a href="#[3f]">OTG_FS_WKUP_IRQHandler</a> from startup_stm32f40_41xxx.o(.text) referenced from startup_stm32f40_41xxx.o(RESET)
 <LI><a href="#[60]">OTG_HS_EP1_IN_IRQHandler</a> from startup_stm32f40_41xxx.o(.text) referenced from startup_stm32f40_41xxx.o(RESET)
 <LI><a href="#[5f]">OTG_HS_EP1_OUT_IRQHandler</a> from startup_stm32f40_41xxx.o(.text) referenced from startup_stm32f40_41xxx.o(RESET)
 <LI><a href="#[62]">OTG_HS_IRQHandler</a> from startup_stm32f40_41xxx.o(.text) referenced from startup_stm32f40_41xxx.o(RESET)
 <LI><a href="#[61]">OTG_HS_WKUP_IRQHandler</a> from startup_stm32f40_41xxx.o(.text) referenced from startup_stm32f40_41xxx.o(RESET)
 <LI><a href="#[16]">PVD_IRQHandler</a> from startup_stm32f40_41xxx.o(.text) referenced from startup_stm32f40_41xxx.o(RESET)
 <LI><a href="#[13]">PendSV_Handler</a> from stm32f4xx_it.o(.text) referenced from startup_stm32f40_41xxx.o(RESET)
 <LI><a href="#[1a]">RCC_IRQHandler</a> from startup_stm32f40_41xxx.o(.text) referenced from startup_stm32f40_41xxx.o(RESET)
 <LI><a href="#[3e]">RTC_Alarm_IRQHandler</a> from startup_stm32f40_41xxx.o(.text) referenced from startup_stm32f40_41xxx.o(RESET)
 <LI><a href="#[18]">RTC_WKUP_IRQHandler</a> from startup_stm32f40_41xxx.o(.text) referenced from startup_stm32f40_41xxx.o(RESET)
 <LI><a href="#[b]">Reset_Handler</a> from startup_stm32f40_41xxx.o(.text) referenced from startup_stm32f40_41xxx.o(RESET)
 <LI><a href="#[46]">SDIO_IRQHandler</a> from startup_stm32f40_41xxx.o(.text) referenced from startup_stm32f40_41xxx.o(RESET)
 <LI><a href="#[38]">SPI1_IRQHandler</a> from startup_stm32f40_41xxx.o(.text) referenced from startup_stm32f40_41xxx.o(RESET)
 <LI><a href="#[39]">SPI2_IRQHandler</a> from startup_stm32f40_41xxx.o(.text) referenced from startup_stm32f40_41xxx.o(RESET)
 <LI><a href="#[48]">SPI3_IRQHandler</a> from startup_stm32f40_41xxx.o(.text) referenced from startup_stm32f40_41xxx.o(RESET)
 <LI><a href="#[11]">SVC_Handler</a> from stm32f4xx_it.o(.text) referenced from startup_stm32f40_41xxx.o(RESET)
 <LI><a href="#[14]">SysTick_Handler</a> from stm32f4xx_it.o(.text) referenced from startup_stm32f40_41xxx.o(RESET)
 <LI><a href="#[68]">SystemInit</a> from system_stm32f4xx.o(.text) referenced from startup_stm32f40_41xxx.o(.text)
 <LI><a href="#[17]">TAMP_STAMP_IRQHandler</a> from startup_stm32f40_41xxx.o(.text) referenced from startup_stm32f40_41xxx.o(RESET)
 <LI><a href="#[2d]">TIM1_BRK_TIM9_IRQHandler</a> from startup_stm32f40_41xxx.o(.text) referenced from startup_stm32f40_41xxx.o(RESET)
 <LI><a href="#[30]">TIM1_CC_IRQHandler</a> from startup_stm32f40_41xxx.o(.text) referenced from startup_stm32f40_41xxx.o(RESET)
 <LI><a href="#[2f]">TIM1_TRG_COM_TIM11_IRQHandler</a> from startup_stm32f40_41xxx.o(.text) referenced from startup_stm32f40_41xxx.o(RESET)
 <LI><a href="#[2e]">TIM1_UP_TIM10_IRQHandler</a> from startup_stm32f40_41xxx.o(.text) referenced from startup_stm32f40_41xxx.o(RESET)
 <LI><a href="#[31]">TIM2_IRQHandler</a> from startup_stm32f40_41xxx.o(.text) referenced from startup_stm32f40_41xxx.o(RESET)
 <LI><a href="#[32]">TIM3_IRQHandler</a> from startup_stm32f40_41xxx.o(.text) referenced from startup_stm32f40_41xxx.o(RESET)
 <LI><a href="#[33]">TIM4_IRQHandler</a> from startup_stm32f40_41xxx.o(.text) referenced from startup_stm32f40_41xxx.o(RESET)
 <LI><a href="#[47]">TIM5_IRQHandler</a> from startup_stm32f40_41xxx.o(.text) referenced from startup_stm32f40_41xxx.o(RESET)
 <LI><a href="#[4b]">TIM6_DAC_IRQHandler</a> from timer.o(.text) referenced from startup_stm32f40_41xxx.o(RESET)
 <LI><a href="#[4c]">TIM7_IRQHandler</a> from startup_stm32f40_41xxx.o(.text) referenced from startup_stm32f40_41xxx.o(RESET)
 <LI><a href="#[40]">TIM8_BRK_TIM12_IRQHandler</a> from startup_stm32f40_41xxx.o(.text) referenced from startup_stm32f40_41xxx.o(RESET)
 <LI><a href="#[43]">TIM8_CC_IRQHandler</a> from startup_stm32f40_41xxx.o(.text) referenced from startup_stm32f40_41xxx.o(RESET)
 <LI><a href="#[42]">TIM8_TRG_COM_TIM14_IRQHandler</a> from startup_stm32f40_41xxx.o(.text) referenced from startup_stm32f40_41xxx.o(RESET)
 <LI><a href="#[41]">TIM8_UP_TIM13_IRQHandler</a> from startup_stm32f40_41xxx.o(.text) referenced from startup_stm32f40_41xxx.o(RESET)
 <LI><a href="#[49]">UART4_IRQHandler</a> from usart.o(.text) referenced from startup_stm32f40_41xxx.o(RESET)
 <LI><a href="#[4a]">UART5_IRQHandler</a> from usart.o(.text) referenced from startup_stm32f40_41xxx.o(RESET)
 <LI><a href="#[3a]">USART1_IRQHandler</a> from usart.o(.text) referenced from startup_stm32f40_41xxx.o(RESET)
 <LI><a href="#[3b]">USART2_IRQHandler</a> from startup_stm32f40_41xxx.o(.text) referenced from startup_stm32f40_41xxx.o(RESET)
 <LI><a href="#[3c]">USART3_IRQHandler</a> from usart.o(.text) referenced from startup_stm32f40_41xxx.o(RESET)
 <LI><a href="#[5c]">USART6_IRQHandler</a> from usart.o(.text) referenced from startup_stm32f40_41xxx.o(RESET)
 <LI><a href="#[10]">UsageFault_Handler</a> from stm32f4xx_it.o(.text) referenced from startup_stm32f40_41xxx.o(RESET)
 <LI><a href="#[15]">WWDG_IRQHandler</a> from startup_stm32f40_41xxx.o(.text) referenced from startup_stm32f40_41xxx.o(RESET)
 <LI><a href="#[6f]">__main</a> from __main.o(!!!main) referenced from startup_stm32f40_41xxx.o(.text)
 <LI><a href="#[6b]">_printf_input_char</a> from _printf_char_common.o(.text) referenced from _printf_char_common.o(.text)
 <LI><a href="#[6a]">_sputc</a> from _sputc.o(.text) referenced from noretval__2sprintf.o(.text)
 <LI><a href="#[6d]">device_to_host__frame__init</a> from recieve.pb-c.o(.text) referenced from recieve.pb-c.o(.constdata)
 <LI><a href="#[6e]">host_to_device__frame__init</a> from send.pb-c.o(.text) referenced from send.pb-c.o(.constdata)
 <LI><a href="#[67]">pid_param_init</a> from oldpid.o(.text) referenced from oldpid.o(.text)
 <LI><a href="#[6c]">protobuf_c_buffer_simple_append</a> from protobuf-c.o(.text) referenced from protobuf-c.o(.constdata)
 <LI><a href="#[12a]">protobuf_c_service_invoke_internal</a> from protobuf-c.o(.text) referenced from protobuf-c.o(.text)
 <LI><a href="#[9]">system_alloc</a> from protobuf-c.o(.text) referenced 2 times from protobuf-c.o(.data)
 <LI><a href="#[a]">system_free</a> from protobuf-c.o(.text) referenced 2 times from protobuf-c.o(.data)
</UL>
<P>
<H3>
Global Symbols
</H3>
<P><STRONG><a name="[6f]"></a>__main</STRONG> (Thumb, 8 bytes, Stack size 0 bytes, __main.o(!!!main))
<BR><BR>[Calls]<UL><LI><a href="#[71]">&gt;&gt;</a>&nbsp;&nbsp;&nbsp;__rt_entry
<LI><a href="#[70]">&gt;&gt;</a>&nbsp;&nbsp;&nbsp;__scatterload
</UL>

<P><STRONG><a name="[70]"></a>__scatterload</STRONG> (Thumb, 0 bytes, Stack size unknown bytes, __scatter.o(!!!scatter))
<BR><BR>[Called By]<UL><LI><a href="#[6f]">&gt;&gt;</a>&nbsp;&nbsp;&nbsp;__main
</UL>

<P><STRONG><a name="[72]"></a>__scatterload_rt2</STRONG> (Thumb, 44 bytes, Stack size unknown bytes, __scatter.o(!!!scatter), UNUSED)
<BR><BR>[Calls]<UL><LI><a href="#[71]">&gt;&gt;</a>&nbsp;&nbsp;&nbsp;__rt_entry
</UL>

<P><STRONG><a name="[237]"></a>__scatterload_rt2_thumb_only</STRONG> (Thumb, 0 bytes, Stack size unknown bytes, __scatter.o(!!!scatter), UNUSED)

<P><STRONG><a name="[238]"></a>__scatterload_null</STRONG> (Thumb, 0 bytes, Stack size unknown bytes, __scatter.o(!!!scatter), UNUSED)

<P><STRONG><a name="[239]"></a>__decompress</STRONG> (Thumb, 90 bytes, Stack size unknown bytes, __dczerorl2.o(!!dczerorl2), UNUSED)

<P><STRONG><a name="[23a]"></a>__decompress1</STRONG> (Thumb, 0 bytes, Stack size unknown bytes, __dczerorl2.o(!!dczerorl2), UNUSED)

<P><STRONG><a name="[23b]"></a>__scatterload_zeroinit</STRONG> (Thumb, 28 bytes, Stack size unknown bytes, __scatter_zi.o(!!handler_zi), UNUSED)

<P><STRONG><a name="[73]"></a>_printf_f</STRONG> (Thumb, 0 bytes, Stack size unknown bytes, _printf_f.o(.ARM.Collect$$_printf_percent$$00000003))
<BR><BR>[Stack]<UL><LI>Max Depth = 324 + Unknown Stack Size
<LI>Call Chain = _printf_f &rArr; _printf_fp_dec &rArr; _printf_fp_dec_real &rArr; _fp_digits &rArr; _btod_etento &rArr; _btod_emul &rArr; _e2e
</UL>
<BR>[Calls]<UL><LI><a href="#[74]">&gt;&gt;</a>&nbsp;&nbsp;&nbsp;_printf_fp_dec
</UL>

<P><STRONG><a name="[1e7]"></a>_printf_percent</STRONG> (Thumb, 0 bytes, Stack size unknown bytes, _printf_percent.o(.ARM.Collect$$_printf_percent$$00000000))
<BR><BR>[Called By]<UL><LI><a href="#[1e6]">&gt;&gt;</a>&nbsp;&nbsp;&nbsp;__printf
</UL>

<P><STRONG><a name="[23c]"></a>_printf_percent_end</STRONG> (Thumb, 0 bytes, Stack size unknown bytes, _printf_percent_end.o(.ARM.Collect$$_printf_percent$$00000017))

<P><STRONG><a name="[80]"></a>__rt_lib_init</STRONG> (Thumb, 0 bytes, Stack size unknown bytes, libinit.o(.ARM.Collect$$libinit$$00000000))
<BR><BR>[Called By]<UL><LI><a href="#[7f]">&gt;&gt;</a>&nbsp;&nbsp;&nbsp;__rt_entry_li
</UL>

<P><STRONG><a name="[75]"></a>__rt_lib_init_fp_1</STRONG> (Thumb, 0 bytes, Stack size unknown bytes, libinit2.o(.ARM.Collect$$libinit$$00000001))
<BR><BR>[Calls]<UL><LI><a href="#[76]">&gt;&gt;</a>&nbsp;&nbsp;&nbsp;_fp_init
</UL>

<P><STRONG><a name="[77]"></a>__rt_lib_init_heap_2</STRONG> (Thumb, 0 bytes, Stack size unknown bytes, libinit2.o(.ARM.Collect$$libinit$$00000005))
<BR><BR>[Stack]<UL><LI>Max Depth = 64 + Unknown Stack Size
<LI>Call Chain = __rt_lib_init_heap_2 &rArr; _init_alloc &rArr; __rt_SIGRTMEM &rArr; __rt_SIGRTMEM_inner &rArr; __default_signal_display &rArr; _ttywrch
</UL>
<BR>[Calls]<UL><LI><a href="#[78]">&gt;&gt;</a>&nbsp;&nbsp;&nbsp;_init_alloc
</UL>

<P><STRONG><a name="[23d]"></a>__rt_lib_init_preinit_1</STRONG> (Thumb, 0 bytes, Stack size unknown bytes, libinit2.o(.ARM.Collect$$libinit$$00000004))

<P><STRONG><a name="[23e]"></a>__rt_lib_init_heap_1</STRONG> (Thumb, 0 bytes, Stack size unknown bytes, libinit2.o(.ARM.Collect$$libinit$$0000000A))

<P><STRONG><a name="[79]"></a>__rt_lib_init_lc_common</STRONG> (Thumb, 0 bytes, Stack size unknown bytes, libinit2.o(.ARM.Collect$$libinit$$0000000F))
<BR><BR>[Calls]<UL><LI><a href="#[7a]">&gt;&gt;</a>&nbsp;&nbsp;&nbsp;__rt_locale
</UL>

<P><STRONG><a name="[23f]"></a>__rt_lib_init_rand_1</STRONG> (Thumb, 0 bytes, Stack size unknown bytes, libinit2.o(.ARM.Collect$$libinit$$0000000E))

<P><STRONG><a name="[240]"></a>__rt_lib_init_user_alloc_1</STRONG> (Thumb, 0 bytes, Stack size unknown bytes, libinit2.o(.ARM.Collect$$libinit$$0000000C))

<P><STRONG><a name="[241]"></a>__rt_lib_init_lc_collate_1</STRONG> (Thumb, 0 bytes, Stack size unknown bytes, libinit2.o(.ARM.Collect$$libinit$$00000011))

<P><STRONG><a name="[242]"></a>__rt_lib_init_lc_ctype_1</STRONG> (Thumb, 0 bytes, Stack size unknown bytes, libinit2.o(.ARM.Collect$$libinit$$00000013))

<P><STRONG><a name="[243]"></a>__rt_lib_init_lc_monetary_1</STRONG> (Thumb, 0 bytes, Stack size unknown bytes, libinit2.o(.ARM.Collect$$libinit$$00000015))

<P><STRONG><a name="[7b]"></a>__rt_lib_init_lc_numeric_2</STRONG> (Thumb, 0 bytes, Stack size unknown bytes, libinit2.o(.ARM.Collect$$libinit$$00000016))
<BR><BR>[Stack]<UL><LI>Max Depth = 8 + Unknown Stack Size
<LI>Call Chain = __rt_lib_init_lc_numeric_2 &rArr; _get_lc_numeric
</UL>
<BR>[Calls]<UL><LI><a href="#[7c]">&gt;&gt;</a>&nbsp;&nbsp;&nbsp;_get_lc_numeric
</UL>

<P><STRONG><a name="[244]"></a>__rt_lib_init_alloca_1</STRONG> (Thumb, 0 bytes, Stack size unknown bytes, libinit2.o(.ARM.Collect$$libinit$$0000002E))

<P><STRONG><a name="[245]"></a>__rt_lib_init_argv_1</STRONG> (Thumb, 0 bytes, Stack size unknown bytes, libinit2.o(.ARM.Collect$$libinit$$0000002C))

<P><STRONG><a name="[246]"></a>__rt_lib_init_atexit_1</STRONG> (Thumb, 0 bytes, Stack size unknown bytes, libinit2.o(.ARM.Collect$$libinit$$0000001B))

<P><STRONG><a name="[247]"></a>__rt_lib_init_clock_1</STRONG> (Thumb, 0 bytes, Stack size unknown bytes, libinit2.o(.ARM.Collect$$libinit$$00000021))

<P><STRONG><a name="[248]"></a>__rt_lib_init_cpp_1</STRONG> (Thumb, 0 bytes, Stack size unknown bytes, libinit2.o(.ARM.Collect$$libinit$$00000032))

<P><STRONG><a name="[249]"></a>__rt_lib_init_exceptions_1</STRONG> (Thumb, 0 bytes, Stack size unknown bytes, libinit2.o(.ARM.Collect$$libinit$$00000030))

<P><STRONG><a name="[24a]"></a>__rt_lib_init_fp_trap_1</STRONG> (Thumb, 0 bytes, Stack size unknown bytes, libinit2.o(.ARM.Collect$$libinit$$0000001F))

<P><STRONG><a name="[24b]"></a>__rt_lib_init_getenv_1</STRONG> (Thumb, 0 bytes, Stack size unknown bytes, libinit2.o(.ARM.Collect$$libinit$$00000023))

<P><STRONG><a name="[24c]"></a>__rt_lib_init_lc_numeric_1</STRONG> (Thumb, 0 bytes, Stack size unknown bytes, libinit2.o(.ARM.Collect$$libinit$$00000017))

<P><STRONG><a name="[24d]"></a>__rt_lib_init_lc_time_1</STRONG> (Thumb, 0 bytes, Stack size unknown bytes, libinit2.o(.ARM.Collect$$libinit$$00000019))

<P><STRONG><a name="[24e]"></a>__rt_lib_init_return</STRONG> (Thumb, 0 bytes, Stack size unknown bytes, libinit2.o(.ARM.Collect$$libinit$$00000033))

<P><STRONG><a name="[24f]"></a>__rt_lib_init_signal_1</STRONG> (Thumb, 0 bytes, Stack size unknown bytes, libinit2.o(.ARM.Collect$$libinit$$0000001D))

<P><STRONG><a name="[250]"></a>__rt_lib_init_stdio_1</STRONG> (Thumb, 0 bytes, Stack size unknown bytes, libinit2.o(.ARM.Collect$$libinit$$00000025))

<P><STRONG><a name="[85]"></a>__rt_lib_shutdown</STRONG> (Thumb, 0 bytes, Stack size unknown bytes, libshutdown.o(.ARM.Collect$$libshutdown$$00000000))
<BR><BR>[Called By]<UL><LI><a href="#[1e9]">&gt;&gt;</a>&nbsp;&nbsp;&nbsp;abort
<LI><a href="#[84]">&gt;&gt;</a>&nbsp;&nbsp;&nbsp;__rt_exit_ls
</UL>

<P><STRONG><a name="[251]"></a>__rt_lib_shutdown_cpp_1</STRONG> (Thumb, 0 bytes, Stack size unknown bytes, libshutdown2.o(.ARM.Collect$$libshutdown$$00000004))

<P><STRONG><a name="[252]"></a>__rt_lib_shutdown_fini_1</STRONG> (Thumb, 0 bytes, Stack size unknown bytes, libshutdown2.o(.ARM.Collect$$libshutdown$$00000002))

<P><STRONG><a name="[253]"></a>__rt_lib_shutdown_fp_trap_1</STRONG> (Thumb, 0 bytes, Stack size unknown bytes, libshutdown2.o(.ARM.Collect$$libshutdown$$00000009))

<P><STRONG><a name="[254]"></a>__rt_lib_shutdown_heap_1</STRONG> (Thumb, 0 bytes, Stack size unknown bytes, libshutdown2.o(.ARM.Collect$$libshutdown$$00000011))

<P><STRONG><a name="[255]"></a>__rt_lib_shutdown_return</STRONG> (Thumb, 0 bytes, Stack size unknown bytes, libshutdown2.o(.ARM.Collect$$libshutdown$$00000012))

<P><STRONG><a name="[256]"></a>__rt_lib_shutdown_signal_1</STRONG> (Thumb, 0 bytes, Stack size unknown bytes, libshutdown2.o(.ARM.Collect$$libshutdown$$0000000C))

<P><STRONG><a name="[257]"></a>__rt_lib_shutdown_stdio_1</STRONG> (Thumb, 0 bytes, Stack size unknown bytes, libshutdown2.o(.ARM.Collect$$libshutdown$$00000006))

<P><STRONG><a name="[258]"></a>__rt_lib_shutdown_user_alloc_1</STRONG> (Thumb, 0 bytes, Stack size unknown bytes, libshutdown2.o(.ARM.Collect$$libshutdown$$0000000E))

<P><STRONG><a name="[71]"></a>__rt_entry</STRONG> (Thumb, 0 bytes, Stack size unknown bytes, __rtentry.o(.ARM.Collect$$rtentry$$00000000))
<BR><BR>[Called By]<UL><LI><a href="#[6f]">&gt;&gt;</a>&nbsp;&nbsp;&nbsp;__main
<LI><a href="#[72]">&gt;&gt;</a>&nbsp;&nbsp;&nbsp;__scatterload_rt2
</UL>

<P><STRONG><a name="[259]"></a>__rt_entry_presh_1</STRONG> (Thumb, 0 bytes, Stack size unknown bytes, __rtentry2.o(.ARM.Collect$$rtentry$$00000002))

<P><STRONG><a name="[7d]"></a>__rt_entry_sh</STRONG> (Thumb, 0 bytes, Stack size unknown bytes, __rtentry4.o(.ARM.Collect$$rtentry$$00000004))
<BR><BR>[Stack]<UL><LI>Max Depth = 8 + Unknown Stack Size
<LI>Call Chain = __rt_entry_sh &rArr; __user_setup_stackheap
</UL>
<BR>[Calls]<UL><LI><a href="#[7e]">&gt;&gt;</a>&nbsp;&nbsp;&nbsp;__user_setup_stackheap
</UL>

<P><STRONG><a name="[7f]"></a>__rt_entry_li</STRONG> (Thumb, 0 bytes, Stack size unknown bytes, __rtentry2.o(.ARM.Collect$$rtentry$$0000000A))
<BR><BR>[Calls]<UL><LI><a href="#[80]">&gt;&gt;</a>&nbsp;&nbsp;&nbsp;__rt_lib_init
</UL>

<P><STRONG><a name="[25a]"></a>__rt_entry_postsh_1</STRONG> (Thumb, 0 bytes, Stack size unknown bytes, __rtentry2.o(.ARM.Collect$$rtentry$$00000009))

<P><STRONG><a name="[81]"></a>__rt_entry_main</STRONG> (Thumb, 0 bytes, Stack size unknown bytes, __rtentry2.o(.ARM.Collect$$rtentry$$0000000D))
<BR><BR>[Stack]<UL><LI>Max Depth = 172 + Unknown Stack Size
<LI>Call Chain = __rt_entry_main &rArr; main &rArr; BSP_Init &rArr; usart6_init &rArr; USART_Init &rArr; RCC_GetClocksFreq
</UL>
<BR>[Calls]<UL><LI><a href="#[82]">&gt;&gt;</a>&nbsp;&nbsp;&nbsp;main
<LI><a href="#[83]">&gt;&gt;</a>&nbsp;&nbsp;&nbsp;exit
</UL>

<P><STRONG><a name="[25b]"></a>__rt_entry_postli_1</STRONG> (Thumb, 0 bytes, Stack size unknown bytes, __rtentry2.o(.ARM.Collect$$rtentry$$0000000C))

<P><STRONG><a name="[207]"></a>__rt_exit</STRONG> (Thumb, 0 bytes, Stack size unknown bytes, rtexit.o(.ARM.Collect$$rtexit$$00000000))
<BR><BR>[Called By]<UL><LI><a href="#[83]">&gt;&gt;</a>&nbsp;&nbsp;&nbsp;exit
</UL>

<P><STRONG><a name="[84]"></a>__rt_exit_ls</STRONG> (Thumb, 0 bytes, Stack size unknown bytes, rtexit2.o(.ARM.Collect$$rtexit$$00000003))
<BR><BR>[Calls]<UL><LI><a href="#[85]">&gt;&gt;</a>&nbsp;&nbsp;&nbsp;__rt_lib_shutdown
</UL>

<P><STRONG><a name="[25c]"></a>__rt_exit_prels_1</STRONG> (Thumb, 0 bytes, Stack size unknown bytes, rtexit2.o(.ARM.Collect$$rtexit$$00000002))

<P><STRONG><a name="[86]"></a>__rt_exit_exit</STRONG> (Thumb, 0 bytes, Stack size unknown bytes, rtexit2.o(.ARM.Collect$$rtexit$$00000004))
<BR><BR>[Calls]<UL><LI><a href="#[87]">&gt;&gt;</a>&nbsp;&nbsp;&nbsp;_sys_exit
</UL>

<P><STRONG><a name="[25d]"></a>_maybe_terminate_alloc</STRONG> (Thumb, 0 bytes, Stack size 0 bytes, maybetermalloc1.o(.emb_text), UNUSED)

<P><STRONG><a name="[82]"></a>main</STRONG> (Thumb, 12 bytes, Stack size 0 bytes, main.o(.text))
<BR><BR>[Stack]<UL><LI>Max Depth = 172<LI>Call Chain = main &rArr; BSP_Init &rArr; usart6_init &rArr; USART_Init &rArr; RCC_GetClocksFreq
</UL>
<BR>[Calls]<UL><LI><a href="#[89]">&gt;&gt;</a>&nbsp;&nbsp;&nbsp;control_task_Init
<LI><a href="#[88]">&gt;&gt;</a>&nbsp;&nbsp;&nbsp;BSP_Init
</UL>
<BR>[Called By]<UL><LI><a href="#[81]">&gt;&gt;</a>&nbsp;&nbsp;&nbsp;__rt_entry_main
</UL>

<P><STRONG><a name="[c]"></a>NMI_Handler</STRONG> (Thumb, 2 bytes, Stack size 0 bytes, stm32f4xx_it.o(.text))
<BR>[Address Reference Count : 1]<UL><LI> startup_stm32f40_41xxx.o(RESET)
</UL>
<P><STRONG><a name="[d]"></a>HardFault_Handler</STRONG> (Thumb, 4 bytes, Stack size 0 bytes, stm32f4xx_it.o(.text))
<BR>[Address Reference Count : 1]<UL><LI> startup_stm32f40_41xxx.o(RESET)
</UL>
<P><STRONG><a name="[e]"></a>MemManage_Handler</STRONG> (Thumb, 4 bytes, Stack size 0 bytes, stm32f4xx_it.o(.text))
<BR>[Address Reference Count : 1]<UL><LI> startup_stm32f40_41xxx.o(RESET)
</UL>
<P><STRONG><a name="[f]"></a>BusFault_Handler</STRONG> (Thumb, 4 bytes, Stack size 0 bytes, stm32f4xx_it.o(.text))
<BR>[Address Reference Count : 1]<UL><LI> startup_stm32f40_41xxx.o(RESET)
</UL>
<P><STRONG><a name="[10]"></a>UsageFault_Handler</STRONG> (Thumb, 4 bytes, Stack size 0 bytes, stm32f4xx_it.o(.text))
<BR>[Address Reference Count : 1]<UL><LI> startup_stm32f40_41xxx.o(RESET)
</UL>
<P><STRONG><a name="[11]"></a>SVC_Handler</STRONG> (Thumb, 2 bytes, Stack size 0 bytes, stm32f4xx_it.o(.text))
<BR>[Address Reference Count : 1]<UL><LI> startup_stm32f40_41xxx.o(RESET)
</UL>
<P><STRONG><a name="[12]"></a>DebugMon_Handler</STRONG> (Thumb, 2 bytes, Stack size 0 bytes, stm32f4xx_it.o(.text))
<BR>[Address Reference Count : 1]<UL><LI> startup_stm32f40_41xxx.o(RESET)
</UL>
<P><STRONG><a name="[13]"></a>PendSV_Handler</STRONG> (Thumb, 2 bytes, Stack size 0 bytes, stm32f4xx_it.o(.text))
<BR>[Address Reference Count : 1]<UL><LI> startup_stm32f40_41xxx.o(RESET)
</UL>
<P><STRONG><a name="[14]"></a>SysTick_Handler</STRONG> (Thumb, 2 bytes, Stack size 0 bytes, stm32f4xx_it.o(.text))
<BR>[Address Reference Count : 1]<UL><LI> startup_stm32f40_41xxx.o(RESET)
</UL>
<P><STRONG><a name="[68]"></a>SystemInit</STRONG> (Thumb, 88 bytes, Stack size 8 bytes, system_stm32f4xx.o(.text))
<BR><BR>[Stack]<UL><LI>Max Depth = 20<LI>Call Chain = SystemInit &rArr; SetSysClock
</UL>
<BR>[Calls]<UL><LI><a href="#[8a]">&gt;&gt;</a>&nbsp;&nbsp;&nbsp;SetSysClock
</UL>
<BR>[Address Reference Count : 1]<UL><LI> startup_stm32f40_41xxx.o(.text)
</UL>
<P><STRONG><a name="[25e]"></a>SystemCoreClockUpdate</STRONG> (Thumb, 174 bytes, Stack size 16 bytes, system_stm32f4xx.o(.text), UNUSED)

<P><STRONG><a name="[88]"></a>BSP_Init</STRONG> (Thumb, 86 bytes, Stack size 8 bytes, bsp.o(.text))
<BR><BR>[Stack]<UL><LI>Max Depth = 172<LI>Call Chain = BSP_Init &rArr; usart6_init &rArr; USART_Init &rArr; RCC_GetClocksFreq
</UL>
<BR>[Calls]<UL><LI><a href="#[92]">&gt;&gt;</a>&nbsp;&nbsp;&nbsp;usart6_init
<LI><a href="#[8f]">&gt;&gt;</a>&nbsp;&nbsp;&nbsp;usart3_init
<LI><a href="#[8e]">&gt;&gt;</a>&nbsp;&nbsp;&nbsp;usart2_init
<LI><a href="#[8d]">&gt;&gt;</a>&nbsp;&nbsp;&nbsp;usart1_init
<LI><a href="#[91]">&gt;&gt;</a>&nbsp;&nbsp;&nbsp;uart5_init
<LI><a href="#[90]">&gt;&gt;</a>&nbsp;&nbsp;&nbsp;uart4_init
<LI><a href="#[95]">&gt;&gt;</a>&nbsp;&nbsp;&nbsp;TIM6_Configuration
<LI><a href="#[8b]">&gt;&gt;</a>&nbsp;&nbsp;&nbsp;NVIC_PriorityGroupConfig
<LI><a href="#[8c]">&gt;&gt;</a>&nbsp;&nbsp;&nbsp;LED_Init
<LI><a href="#[94]">&gt;&gt;</a>&nbsp;&nbsp;&nbsp;CAN2_Mode_Init
<LI><a href="#[93]">&gt;&gt;</a>&nbsp;&nbsp;&nbsp;CAN1_Mode_Init
</UL>
<BR>[Called By]<UL><LI><a href="#[82]">&gt;&gt;</a>&nbsp;&nbsp;&nbsp;main
</UL>

<P><STRONG><a name="[96]"></a>convert_ecd_angle_to_0_2pi</STRONG> (Thumb, 110 bytes, Stack size 40 bytes, bsp.o(.text))
<BR><BR>[Stack]<UL><LI>Max Depth = 128<LI>Call Chain = convert_ecd_angle_to_0_2pi &rArr; __hardfp_fmod &rArr; __mathlib_dbl_invalid &rArr; __aeabi_ddiv
</UL>
<BR>[Calls]<UL><LI><a href="#[9a]">&gt;&gt;</a>&nbsp;&nbsp;&nbsp;__aeabi_dadd
<LI><a href="#[98]">&gt;&gt;</a>&nbsp;&nbsp;&nbsp;__aeabi_d2f
<LI><a href="#[97]">&gt;&gt;</a>&nbsp;&nbsp;&nbsp;__hardfp_fmod
<LI><a href="#[99]">&gt;&gt;</a>&nbsp;&nbsp;&nbsp;__aeabi_f2d
</UL>
<BR>[Called By]<UL><LI><a href="#[9b]">&gt;&gt;</a>&nbsp;&nbsp;&nbsp;convert_ecd_angle_to__pi_pi
</UL>

<P><STRONG><a name="[9b]"></a>convert_ecd_angle_to__pi_pi</STRONG> (Thumb, 116 bytes, Stack size 40 bytes, bsp.o(.text))
<BR><BR>[Stack]<UL><LI>Max Depth = 168<LI>Call Chain = convert_ecd_angle_to__pi_pi &rArr; convert_ecd_angle_to_0_2pi &rArr; __hardfp_fmod &rArr; __mathlib_dbl_invalid &rArr; __aeabi_ddiv
</UL>
<BR>[Calls]<UL><LI><a href="#[96]">&gt;&gt;</a>&nbsp;&nbsp;&nbsp;convert_ecd_angle_to_0_2pi
<LI><a href="#[9d]">&gt;&gt;</a>&nbsp;&nbsp;&nbsp;__aeabi_dsub
<LI><a href="#[98]">&gt;&gt;</a>&nbsp;&nbsp;&nbsp;__aeabi_d2f
<LI><a href="#[99]">&gt;&gt;</a>&nbsp;&nbsp;&nbsp;__aeabi_f2d
<LI><a href="#[9c]">&gt;&gt;</a>&nbsp;&nbsp;&nbsp;__aeabi_cdrcmple
</UL>
<BR>[Called By]<UL><LI><a href="#[b7]">&gt;&gt;</a>&nbsp;&nbsp;&nbsp;gimbal_follow_gyro_handle
</UL>

<P><STRONG><a name="[9e]"></a>control_task</STRONG> (Thumb, 290 bytes, Stack size 40 bytes, control_task.o(.text))
<BR><BR>[Stack]<UL><LI>Max Depth = 432 + Unknown Stack Size
<LI>Call Chain = control_task &rArr; gimbal_task &rArr; auto_small_buff_handle &rArr; raw_data_to_pitch_angle &rArr; __hardfp_sin &rArr; __ieee754_rem_pio2 &rArr; __aeabi_d2iz
</UL>
<BR>[Calls]<UL><LI><a href="#[a0]">&gt;&gt;</a>&nbsp;&nbsp;&nbsp;uart_cha_task
<LI><a href="#[a1]">&gt;&gt;</a>&nbsp;&nbsp;&nbsp;shoot_task
<LI><a href="#[a4]">&gt;&gt;</a>&nbsp;&nbsp;&nbsp;send_protocol
<LI><a href="#[a2]">&gt;&gt;</a>&nbsp;&nbsp;&nbsp;gimbal_task
<LI><a href="#[a3]">&gt;&gt;</a>&nbsp;&nbsp;&nbsp;can_bus_send_task
<LI><a href="#[9f]">&gt;&gt;</a>&nbsp;&nbsp;&nbsp;buff_karman_filter_calc
<LI><a href="#[a5]">&gt;&gt;</a>&nbsp;&nbsp;&nbsp;Client_send_handle
</UL>
<BR>[Called By]<UL><LI><a href="#[4b]">&gt;&gt;</a>&nbsp;&nbsp;&nbsp;TIM6_DAC_IRQHandler
</UL>

<P><STRONG><a name="[89]"></a>control_task_Init</STRONG> (Thumb, 12 bytes, Stack size 8 bytes, control_task.o(.text))
<BR><BR>[Stack]<UL><LI>Max Depth = 56<LI>Call Chain = control_task_Init &rArr; shot_param_init &rArr; PID_struct_init
</UL>
<BR>[Calls]<UL><LI><a href="#[a7]">&gt;&gt;</a>&nbsp;&nbsp;&nbsp;shot_param_init
<LI><a href="#[a6]">&gt;&gt;</a>&nbsp;&nbsp;&nbsp;gimbal_parameter_Init
</UL>
<BR>[Called By]<UL><LI><a href="#[82]">&gt;&gt;</a>&nbsp;&nbsp;&nbsp;main
</UL>

<P><STRONG><a name="[a6]"></a>gimbal_parameter_Init</STRONG> (Thumb, 594 bytes, Stack size 8 bytes, gimbal_task.o(.text))
<BR><BR>[Stack]<UL><LI>Max Depth = 48<LI>Call Chain = gimbal_parameter_Init &rArr; PID_struct_init
</UL>
<BR>[Calls]<UL><LI><a href="#[a9]">&gt;&gt;</a>&nbsp;&nbsp;&nbsp;PID_struct_init
<LI><a href="#[a8]">&gt;&gt;</a>&nbsp;&nbsp;&nbsp;__aeabi_memclr4
</UL>
<BR>[Called By]<UL><LI><a href="#[89]">&gt;&gt;</a>&nbsp;&nbsp;&nbsp;control_task_Init
</UL>

<P><STRONG><a name="[aa]"></a>raw_data_to_pitch_angle</STRONG> (Thumb, 856 bytes, Stack size 160 bytes, gimbal_task.o(.text))
<BR><BR>[Stack]<UL><LI>Max Depth = 344<LI>Call Chain = raw_data_to_pitch_angle &rArr; __hardfp_sin &rArr; __ieee754_rem_pio2 &rArr; __aeabi_d2iz
</UL>
<BR>[Calls]<UL><LI><a href="#[ac]">&gt;&gt;</a>&nbsp;&nbsp;&nbsp;__aeabi_ddiv
<LI><a href="#[9d]">&gt;&gt;</a>&nbsp;&nbsp;&nbsp;__aeabi_dsub
<LI><a href="#[9a]">&gt;&gt;</a>&nbsp;&nbsp;&nbsp;__aeabi_dadd
<LI><a href="#[98]">&gt;&gt;</a>&nbsp;&nbsp;&nbsp;__aeabi_d2f
<LI><a href="#[b0]">&gt;&gt;</a>&nbsp;&nbsp;&nbsp;__hardfp_sqrt
<LI><a href="#[af]">&gt;&gt;</a>&nbsp;&nbsp;&nbsp;__hardfp_sin
<LI><a href="#[ab]">&gt;&gt;</a>&nbsp;&nbsp;&nbsp;__hardfp_cos
<LI><a href="#[ad]">&gt;&gt;</a>&nbsp;&nbsp;&nbsp;__hardfp_atan2
<LI><a href="#[b1]">&gt;&gt;</a>&nbsp;&nbsp;&nbsp;__hardfp_atan
<LI><a href="#[99]">&gt;&gt;</a>&nbsp;&nbsp;&nbsp;__aeabi_f2d
<LI><a href="#[ae]">&gt;&gt;</a>&nbsp;&nbsp;&nbsp;__aeabi_dmul
</UL>
<BR>[Called By]<UL><LI><a href="#[b5]">&gt;&gt;</a>&nbsp;&nbsp;&nbsp;auto_small_buff_handle
<LI><a href="#[b2]">&gt;&gt;</a>&nbsp;&nbsp;&nbsp;auto_big_buff_handle
</UL>

<P><STRONG><a name="[b2]"></a>auto_big_buff_handle</STRONG> (Thumb, 850 bytes, Stack size 40 bytes, gimbal_task.o(.text))
<BR><BR>[Stack]<UL><LI>Max Depth = 384<LI>Call Chain = auto_big_buff_handle &rArr; raw_data_to_pitch_angle &rArr; __hardfp_sin &rArr; __ieee754_rem_pio2 &rArr; __aeabi_d2iz
</UL>
<BR>[Calls]<UL><LI><a href="#[b4]">&gt;&gt;</a>&nbsp;&nbsp;&nbsp;pid_double_loop_cal
<LI><a href="#[aa]">&gt;&gt;</a>&nbsp;&nbsp;&nbsp;raw_data_to_pitch_angle
<LI><a href="#[b3]">&gt;&gt;</a>&nbsp;&nbsp;&nbsp;__aeabi_i2d
<LI><a href="#[98]">&gt;&gt;</a>&nbsp;&nbsp;&nbsp;__aeabi_d2f
<LI><a href="#[ad]">&gt;&gt;</a>&nbsp;&nbsp;&nbsp;__hardfp_atan2
<LI><a href="#[ae]">&gt;&gt;</a>&nbsp;&nbsp;&nbsp;__aeabi_dmul
</UL>
<BR>[Called By]<UL><LI><a href="#[a2]">&gt;&gt;</a>&nbsp;&nbsp;&nbsp;gimbal_task
</UL>

<P><STRONG><a name="[b5]"></a>auto_small_buff_handle</STRONG> (Thumb, 752 bytes, Stack size 40 bytes, gimbal_task.o(.text))
<BR><BR>[Stack]<UL><LI>Max Depth = 384<LI>Call Chain = auto_small_buff_handle &rArr; raw_data_to_pitch_angle &rArr; __hardfp_sin &rArr; __ieee754_rem_pio2 &rArr; __aeabi_d2iz
</UL>
<BR>[Calls]<UL><LI><a href="#[b4]">&gt;&gt;</a>&nbsp;&nbsp;&nbsp;pid_double_loop_cal
<LI><a href="#[aa]">&gt;&gt;</a>&nbsp;&nbsp;&nbsp;raw_data_to_pitch_angle
<LI><a href="#[b3]">&gt;&gt;</a>&nbsp;&nbsp;&nbsp;__aeabi_i2d
<LI><a href="#[98]">&gt;&gt;</a>&nbsp;&nbsp;&nbsp;__aeabi_d2f
<LI><a href="#[ad]">&gt;&gt;</a>&nbsp;&nbsp;&nbsp;__hardfp_atan2
<LI><a href="#[ae]">&gt;&gt;</a>&nbsp;&nbsp;&nbsp;__aeabi_dmul
</UL>
<BR>[Called By]<UL><LI><a href="#[a2]">&gt;&gt;</a>&nbsp;&nbsp;&nbsp;gimbal_task
</UL>

<P><STRONG><a name="[b6]"></a>convert_ecd_angle_to_0_2pi1</STRONG> (Thumb, 130 bytes, Stack size 48 bytes, gimbal_task.o(.text))
<BR><BR>[Stack]<UL><LI>Max Depth = 136<LI>Call Chain = convert_ecd_angle_to_0_2pi1 &rArr; __hardfp_fmod &rArr; __mathlib_dbl_invalid &rArr; __aeabi_ddiv
</UL>
<BR>[Calls]<UL><LI><a href="#[98]">&gt;&gt;</a>&nbsp;&nbsp;&nbsp;__aeabi_d2f
<LI><a href="#[97]">&gt;&gt;</a>&nbsp;&nbsp;&nbsp;__hardfp_fmod
<LI><a href="#[99]">&gt;&gt;</a>&nbsp;&nbsp;&nbsp;__aeabi_f2d
<LI><a href="#[ae]">&gt;&gt;</a>&nbsp;&nbsp;&nbsp;__aeabi_dmul
</UL>
<BR>[Called By]<UL><LI><a href="#[b7]">&gt;&gt;</a>&nbsp;&nbsp;&nbsp;gimbal_follow_gyro_handle
</UL>

<P><STRONG><a name="[b7]"></a>gimbal_follow_gyro_handle</STRONG> (Thumb, 1842 bytes, Stack size 88 bytes, gimbal_task.o(.text))
<BR><BR>[Stack]<UL><LI>Max Depth = 352<LI>Call Chain = gimbal_follow_gyro_handle &rArr; __hardfp_pow &rArr; sqrt &rArr; _dsqrt &rArr; __fpl_dnaninf
</UL>
<BR>[Calls]<UL><LI><a href="#[b4]">&gt;&gt;</a>&nbsp;&nbsp;&nbsp;pid_double_loop_cal
<LI><a href="#[b8]">&gt;&gt;</a>&nbsp;&nbsp;&nbsp;pid_calc_filter
<LI><a href="#[b6]">&gt;&gt;</a>&nbsp;&nbsp;&nbsp;convert_ecd_angle_to_0_2pi1
<LI><a href="#[9b]">&gt;&gt;</a>&nbsp;&nbsp;&nbsp;convert_ecd_angle_to__pi_pi
<LI><a href="#[ba]">&gt;&gt;</a>&nbsp;&nbsp;&nbsp;__aeabi_cdcmple
<LI><a href="#[bc]">&gt;&gt;</a>&nbsp;&nbsp;&nbsp;__aeabi_d2iz
<LI><a href="#[ac]">&gt;&gt;</a>&nbsp;&nbsp;&nbsp;__aeabi_ddiv
<LI><a href="#[9a]">&gt;&gt;</a>&nbsp;&nbsp;&nbsp;__aeabi_dadd
<LI><a href="#[98]">&gt;&gt;</a>&nbsp;&nbsp;&nbsp;__aeabi_d2f
<LI><a href="#[bb]">&gt;&gt;</a>&nbsp;&nbsp;&nbsp;__hardfp_pow
<LI><a href="#[b9]">&gt;&gt;</a>&nbsp;&nbsp;&nbsp;__hardfp_fabs
<LI><a href="#[99]">&gt;&gt;</a>&nbsp;&nbsp;&nbsp;__aeabi_f2d
<LI><a href="#[9c]">&gt;&gt;</a>&nbsp;&nbsp;&nbsp;__aeabi_cdrcmple
<LI><a href="#[ae]">&gt;&gt;</a>&nbsp;&nbsp;&nbsp;__aeabi_dmul
</UL>
<BR>[Called By]<UL><LI><a href="#[a2]">&gt;&gt;</a>&nbsp;&nbsp;&nbsp;gimbal_task
</UL>

<P><STRONG><a name="[bd]"></a>gimbal_init_handle</STRONG> (Thumb, 678 bytes, Stack size 24 bytes, gimbal_task.o(.text))
<BR><BR>[Stack]<UL><LI>Max Depth = 128<LI>Call Chain = gimbal_init_handle &rArr; pid_double_loop_cal &rArr; pid_calc &rArr; __aeabi_cdcmple
</UL>
<BR>[Calls]<UL><LI><a href="#[b4]">&gt;&gt;</a>&nbsp;&nbsp;&nbsp;pid_double_loop_cal
<LI><a href="#[ba]">&gt;&gt;</a>&nbsp;&nbsp;&nbsp;__aeabi_cdcmple
<LI><a href="#[98]">&gt;&gt;</a>&nbsp;&nbsp;&nbsp;__aeabi_d2f
<LI><a href="#[be]">&gt;&gt;</a>&nbsp;&nbsp;&nbsp;__aeabi_dneg
<LI><a href="#[b9]">&gt;&gt;</a>&nbsp;&nbsp;&nbsp;__hardfp_fabs
<LI><a href="#[99]">&gt;&gt;</a>&nbsp;&nbsp;&nbsp;__aeabi_f2d
</UL>
<BR>[Called By]<UL><LI><a href="#[a2]">&gt;&gt;</a>&nbsp;&nbsp;&nbsp;gimbal_task
</UL>

<P><STRONG><a name="[a2]"></a>gimbal_task</STRONG> (Thumb, 154 bytes, Stack size 8 bytes, gimbal_task.o(.text))
<BR><BR>[Stack]<UL><LI>Max Depth = 392<LI>Call Chain = gimbal_task &rArr; auto_small_buff_handle &rArr; raw_data_to_pitch_angle &rArr; __hardfp_sin &rArr; __ieee754_rem_pio2 &rArr; __aeabi_d2iz
</UL>
<BR>[Calls]<UL><LI><a href="#[bd]">&gt;&gt;</a>&nbsp;&nbsp;&nbsp;gimbal_init_handle
<LI><a href="#[b7]">&gt;&gt;</a>&nbsp;&nbsp;&nbsp;gimbal_follow_gyro_handle
<LI><a href="#[b5]">&gt;&gt;</a>&nbsp;&nbsp;&nbsp;auto_small_buff_handle
<LI><a href="#[b2]">&gt;&gt;</a>&nbsp;&nbsp;&nbsp;auto_big_buff_handle
<LI><a href="#[a8]">&gt;&gt;</a>&nbsp;&nbsp;&nbsp;__aeabi_memclr4
</UL>
<BR>[Called By]<UL><LI><a href="#[9e]">&gt;&gt;</a>&nbsp;&nbsp;&nbsp;control_task
</UL>

<P><STRONG><a name="[bf]"></a>infantry_mode_switch_task</STRONG> (Thumb, 1152 bytes, Stack size 40 bytes, infantry_mode_switch_task.o(.text))
<BR><BR>[Stack]<UL><LI>Max Depth = 72<LI>Call Chain = infantry_mode_switch_task &rArr; __aeabi_dsub
</UL>
<BR>[Calls]<UL><LI><a href="#[b3]">&gt;&gt;</a>&nbsp;&nbsp;&nbsp;__aeabi_i2d
<LI><a href="#[9d]">&gt;&gt;</a>&nbsp;&nbsp;&nbsp;__aeabi_dsub
<LI><a href="#[98]">&gt;&gt;</a>&nbsp;&nbsp;&nbsp;__aeabi_d2f
<LI><a href="#[99]">&gt;&gt;</a>&nbsp;&nbsp;&nbsp;__aeabi_f2d
<LI><a href="#[ae]">&gt;&gt;</a>&nbsp;&nbsp;&nbsp;__aeabi_dmul
</UL>
<BR>[Called By]<UL><LI><a href="#[3a]">&gt;&gt;</a>&nbsp;&nbsp;&nbsp;USART1_IRQHandler
</UL>

<P><STRONG><a name="[c0]"></a>buff_karman_filter_Init</STRONG> (Thumb, 206 bytes, Stack size 8 bytes, buff_karman_filter.o(.text))
<BR><BR>[Stack]<UL><LI>Max Depth = 40<LI>Call Chain = buff_karman_filter_Init &rArr; arm_mat_trans_f32
</UL>
<BR>[Calls]<UL><LI><a href="#[c2]">&gt;&gt;</a>&nbsp;&nbsp;&nbsp;arm_mat_trans_f32
<LI><a href="#[c1]">&gt;&gt;</a>&nbsp;&nbsp;&nbsp;arm_mat_init_f32
</UL>
<BR>[Called By]<UL><LI><a href="#[c8]">&gt;&gt;</a>&nbsp;&nbsp;&nbsp;buff_kalman_filter_reset
<LI><a href="#[9f]">&gt;&gt;</a>&nbsp;&nbsp;&nbsp;buff_karman_filter_calc
</UL>

<P><STRONG><a name="[9f]"></a>buff_karman_filter_calc</STRONG> (Thumb, 478 bytes, Stack size 104 bytes, buff_karman_filter.o(.text))
<BR><BR>[Stack]<UL><LI>Max Depth = 176<LI>Call Chain = buff_karman_filter_calc &rArr; arm_mat_inverse_f32
</UL>
<BR>[Calls]<UL><LI><a href="#[c7]">&gt;&gt;</a>&nbsp;&nbsp;&nbsp;arm_mat_sub_f32
<LI><a href="#[c3]">&gt;&gt;</a>&nbsp;&nbsp;&nbsp;arm_mat_mult_f32
<LI><a href="#[c6]">&gt;&gt;</a>&nbsp;&nbsp;&nbsp;arm_mat_inverse_f32
<LI><a href="#[c1]">&gt;&gt;</a>&nbsp;&nbsp;&nbsp;arm_mat_init_f32
<LI><a href="#[c5]">&gt;&gt;</a>&nbsp;&nbsp;&nbsp;arm_mat_add_f32
<LI><a href="#[c4]">&gt;&gt;</a>&nbsp;&nbsp;&nbsp;arm_copy_f32
<LI><a href="#[c0]">&gt;&gt;</a>&nbsp;&nbsp;&nbsp;buff_karman_filter_Init
</UL>
<BR>[Called By]<UL><LI><a href="#[9e]">&gt;&gt;</a>&nbsp;&nbsp;&nbsp;control_task
</UL>

<P><STRONG><a name="[c8]"></a>buff_kalman_filter_reset</STRONG> (Thumb, 52 bytes, Stack size 8 bytes, buff_karman_filter.o(.text), UNUSED)
<BR><BR>[Calls]<UL><LI><a href="#[c0]">&gt;&gt;</a>&nbsp;&nbsp;&nbsp;buff_karman_filter_Init
</UL>

<P><STRONG><a name="[25f]"></a>First_Order_Kalman_Filter_Cal</STRONG> (Thumb, 114 bytes, Stack size 0 bytes, 17mm_shoot_task.o(.text), UNUSED)

<P><STRONG><a name="[c9]"></a>Shooter_Bullet_Speed_Self_Adaptation</STRONG> (Thumb, 66 bytes, Stack size 32 bytes, 17mm_shoot_task.o(.text))
<BR><BR>[Stack]<UL><LI>Max Depth = 64<LI>Call Chain = Shooter_Bullet_Speed_Self_Adaptation &rArr; __aeabi_d2f
</UL>
<BR>[Calls]<UL><LI><a href="#[ca]">&gt;&gt;</a>&nbsp;&nbsp;&nbsp;__aeabi_drsub
<LI><a href="#[98]">&gt;&gt;</a>&nbsp;&nbsp;&nbsp;__aeabi_d2f
<LI><a href="#[99]">&gt;&gt;</a>&nbsp;&nbsp;&nbsp;__aeabi_f2d
</UL>
<BR>[Called By]<UL><LI><a href="#[d3]">&gt;&gt;</a>&nbsp;&nbsp;&nbsp;shoot_friction_handle
</UL>

<P><STRONG><a name="[a7]"></a>shot_param_init</STRONG> (Thumb, 234 bytes, Stack size 8 bytes, 17mm_shoot_task.o(.text))
<BR><BR>[Stack]<UL><LI>Max Depth = 48<LI>Call Chain = shot_param_init &rArr; PID_struct_init
</UL>
<BR>[Calls]<UL><LI><a href="#[a9]">&gt;&gt;</a>&nbsp;&nbsp;&nbsp;PID_struct_init
</UL>
<BR>[Called By]<UL><LI><a href="#[89]">&gt;&gt;</a>&nbsp;&nbsp;&nbsp;control_task_Init
</UL>

<P><STRONG><a name="[cd]"></a>heat_switch</STRONG> (Thumb, 134 bytes, Stack size 0 bytes, 17mm_shoot_task.o(.text))
<BR><BR>[Called By]<UL><LI><a href="#[cc]">&gt;&gt;</a>&nbsp;&nbsp;&nbsp;heat_shoot_frequency_limit
</UL>

<P><STRONG><a name="[cb]"></a>bullets_spilling</STRONG> (Thumb, 146 bytes, Stack size 24 bytes, 17mm_shoot_task.o(.text))
<BR><BR>[Stack]<UL><LI>Max Depth = 56<LI>Call Chain = bullets_spilling &rArr; __aeabi_d2f
</UL>
<BR>[Calls]<UL><LI><a href="#[98]">&gt;&gt;</a>&nbsp;&nbsp;&nbsp;__aeabi_d2f
<LI><a href="#[99]">&gt;&gt;</a>&nbsp;&nbsp;&nbsp;__aeabi_f2d
<LI><a href="#[ae]">&gt;&gt;</a>&nbsp;&nbsp;&nbsp;__aeabi_dmul
</UL>
<BR>[Called By]<UL><LI><a href="#[cc]">&gt;&gt;</a>&nbsp;&nbsp;&nbsp;heat_shoot_frequency_limit
</UL>

<P><STRONG><a name="[cc]"></a>heat_shoot_frequency_limit</STRONG> (Thumb, 296 bytes, Stack size 48 bytes, 17mm_shoot_task.o(.text))
<BR><BR>[Stack]<UL><LI>Max Depth = 104<LI>Call Chain = heat_shoot_frequency_limit &rArr; bullets_spilling &rArr; __aeabi_d2f
</UL>
<BR>[Calls]<UL><LI><a href="#[cb]">&gt;&gt;</a>&nbsp;&nbsp;&nbsp;bullets_spilling
<LI><a href="#[cd]">&gt;&gt;</a>&nbsp;&nbsp;&nbsp;heat_switch
<LI><a href="#[ce]">&gt;&gt;</a>&nbsp;&nbsp;&nbsp;__aeabi_ui2d
<LI><a href="#[cf]">&gt;&gt;</a>&nbsp;&nbsp;&nbsp;__aeabi_d2uiz
<LI><a href="#[ac]">&gt;&gt;</a>&nbsp;&nbsp;&nbsp;__aeabi_ddiv
<LI><a href="#[9d]">&gt;&gt;</a>&nbsp;&nbsp;&nbsp;__aeabi_dsub
<LI><a href="#[99]">&gt;&gt;</a>&nbsp;&nbsp;&nbsp;__aeabi_f2d
<LI><a href="#[ae]">&gt;&gt;</a>&nbsp;&nbsp;&nbsp;__aeabi_dmul
</UL>
<BR>[Called By]<UL><LI><a href="#[d2]">&gt;&gt;</a>&nbsp;&nbsp;&nbsp;shoot_bullet_handle1
<LI><a href="#[d1]">&gt;&gt;</a>&nbsp;&nbsp;&nbsp;shoot_bullet_handle
</UL>

<P><STRONG><a name="[d0]"></a>heat0_limit</STRONG> (Thumb, 116 bytes, Stack size 40 bytes, 17mm_shoot_task.o(.text))
<BR><BR>[Stack]<UL><LI>Max Depth = 72<LI>Call Chain = heat0_limit &rArr; __aeabi_d2f
</UL>
<BR>[Calls]<UL><LI><a href="#[ce]">&gt;&gt;</a>&nbsp;&nbsp;&nbsp;__aeabi_ui2d
<LI><a href="#[b3]">&gt;&gt;</a>&nbsp;&nbsp;&nbsp;__aeabi_i2d
<LI><a href="#[9a]">&gt;&gt;</a>&nbsp;&nbsp;&nbsp;__aeabi_dadd
<LI><a href="#[98]">&gt;&gt;</a>&nbsp;&nbsp;&nbsp;__aeabi_d2f
<LI><a href="#[ae]">&gt;&gt;</a>&nbsp;&nbsp;&nbsp;__aeabi_dmul
</UL>
<BR>[Called By]<UL><LI><a href="#[a1]">&gt;&gt;</a>&nbsp;&nbsp;&nbsp;shoot_task
</UL>

<P><STRONG><a name="[d1]"></a>shoot_bullet_handle</STRONG> (Thumb, 622 bytes, Stack size 16 bytes, 17mm_shoot_task.o(.text))
<BR><BR>[Stack]<UL><LI>Max Depth = 120<LI>Call Chain = shoot_bullet_handle &rArr; heat_shoot_frequency_limit &rArr; bullets_spilling &rArr; __aeabi_d2f
</UL>
<BR>[Calls]<UL><LI><a href="#[cc]">&gt;&gt;</a>&nbsp;&nbsp;&nbsp;heat_shoot_frequency_limit
<LI><a href="#[b4]">&gt;&gt;</a>&nbsp;&nbsp;&nbsp;pid_double_loop_cal
<LI><a href="#[ac]">&gt;&gt;</a>&nbsp;&nbsp;&nbsp;__aeabi_ddiv
<LI><a href="#[98]">&gt;&gt;</a>&nbsp;&nbsp;&nbsp;__aeabi_d2f
</UL>
<BR>[Called By]<UL><LI><a href="#[a1]">&gt;&gt;</a>&nbsp;&nbsp;&nbsp;shoot_task
</UL>

<P><STRONG><a name="[d2]"></a>shoot_bullet_handle1</STRONG> (Thumb, 488 bytes, Stack size 16 bytes, 17mm_shoot_task.o(.text), UNUSED)
<BR><BR>[Calls]<UL><LI><a href="#[cc]">&gt;&gt;</a>&nbsp;&nbsp;&nbsp;heat_shoot_frequency_limit
<LI><a href="#[b4]">&gt;&gt;</a>&nbsp;&nbsp;&nbsp;pid_double_loop_cal
<LI><a href="#[ac]">&gt;&gt;</a>&nbsp;&nbsp;&nbsp;__aeabi_ddiv
<LI><a href="#[98]">&gt;&gt;</a>&nbsp;&nbsp;&nbsp;__aeabi_d2f
</UL>

<P><STRONG><a name="[d3]"></a>shoot_friction_handle</STRONG> (Thumb, 284 bytes, Stack size 8 bytes, 17mm_shoot_task.o(.text))
<BR><BR>[Stack]<UL><LI>Max Depth = 80<LI>Call Chain = shoot_friction_handle &rArr; pid_calc &rArr; __aeabi_cdcmple
</UL>
<BR>[Calls]<UL><LI><a href="#[d4]">&gt;&gt;</a>&nbsp;&nbsp;&nbsp;pid_calc
<LI><a href="#[c9]">&gt;&gt;</a>&nbsp;&nbsp;&nbsp;Shooter_Bullet_Speed_Self_Adaptation
</UL>
<BR>[Called By]<UL><LI><a href="#[a1]">&gt;&gt;</a>&nbsp;&nbsp;&nbsp;shoot_task
</UL>

<P><STRONG><a name="[d5]"></a>shoot_state_mode_switch</STRONG> (Thumb, 260 bytes, Stack size 8 bytes, 17mm_shoot_task.o(.text))
<BR><BR>[Stack]<UL><LI>Max Depth = 8<LI>Call Chain = shoot_state_mode_switch
</UL>
<BR>[Calls]<UL><LI><a href="#[d6]">&gt;&gt;</a>&nbsp;&nbsp;&nbsp;GPIO_SetBits
<LI><a href="#[d7]">&gt;&gt;</a>&nbsp;&nbsp;&nbsp;GPIO_ResetBits
</UL>
<BR>[Called By]<UL><LI><a href="#[a1]">&gt;&gt;</a>&nbsp;&nbsp;&nbsp;shoot_task
</UL>

<P><STRONG><a name="[a1]"></a>shoot_task</STRONG> (Thumb, 20 bytes, Stack size 8 bytes, 17mm_shoot_task.o(.text))
<BR><BR>[Stack]<UL><LI>Max Depth = 128<LI>Call Chain = shoot_task &rArr; shoot_bullet_handle &rArr; heat_shoot_frequency_limit &rArr; bullets_spilling &rArr; __aeabi_d2f
</UL>
<BR>[Calls]<UL><LI><a href="#[d5]">&gt;&gt;</a>&nbsp;&nbsp;&nbsp;shoot_state_mode_switch
<LI><a href="#[d3]">&gt;&gt;</a>&nbsp;&nbsp;&nbsp;shoot_friction_handle
<LI><a href="#[d1]">&gt;&gt;</a>&nbsp;&nbsp;&nbsp;shoot_bullet_handle
<LI><a href="#[d0]">&gt;&gt;</a>&nbsp;&nbsp;&nbsp;heat0_limit
</UL>
<BR>[Called By]<UL><LI><a href="#[9e]">&gt;&gt;</a>&nbsp;&nbsp;&nbsp;control_task
</UL>

<P><STRONG><a name="[d8]"></a>abs_limit</STRONG> (Thumb, 46 bytes, Stack size 0 bytes, oldpid.o(.text))
<BR><BR>[Called By]<UL><LI><a href="#[d4]">&gt;&gt;</a>&nbsp;&nbsp;&nbsp;pid_calc
<LI><a href="#[b8]">&gt;&gt;</a>&nbsp;&nbsp;&nbsp;pid_calc_filter
<LI><a href="#[d9]">&gt;&gt;</a>&nbsp;&nbsp;&nbsp;pid_calc1
</UL>

<P><STRONG><a name="[d4]"></a>pid_calc</STRONG> (Thumb, 504 bytes, Stack size 40 bytes, oldpid.o(.text))
<BR><BR>[Stack]<UL><LI>Max Depth = 72<LI>Call Chain = pid_calc &rArr; __aeabi_cdcmple
</UL>
<BR>[Calls]<UL><LI><a href="#[d8]">&gt;&gt;</a>&nbsp;&nbsp;&nbsp;abs_limit
<LI><a href="#[ba]">&gt;&gt;</a>&nbsp;&nbsp;&nbsp;__aeabi_cdcmple
<LI><a href="#[b9]">&gt;&gt;</a>&nbsp;&nbsp;&nbsp;__hardfp_fabs
<LI><a href="#[99]">&gt;&gt;</a>&nbsp;&nbsp;&nbsp;__aeabi_f2d
<LI><a href="#[9c]">&gt;&gt;</a>&nbsp;&nbsp;&nbsp;__aeabi_cdrcmple
</UL>
<BR>[Called By]<UL><LI><a href="#[d3]">&gt;&gt;</a>&nbsp;&nbsp;&nbsp;shoot_friction_handle
<LI><a href="#[b4]">&gt;&gt;</a>&nbsp;&nbsp;&nbsp;pid_double_loop_cal
</UL>

<P><STRONG><a name="[d9]"></a>pid_calc1</STRONG> (Thumb, 502 bytes, Stack size 40 bytes, oldpid.o(.text), UNUSED)
<BR><BR>[Calls]<UL><LI><a href="#[d8]">&gt;&gt;</a>&nbsp;&nbsp;&nbsp;abs_limit
<LI><a href="#[ba]">&gt;&gt;</a>&nbsp;&nbsp;&nbsp;__aeabi_cdcmple
<LI><a href="#[b9]">&gt;&gt;</a>&nbsp;&nbsp;&nbsp;__hardfp_fabs
<LI><a href="#[99]">&gt;&gt;</a>&nbsp;&nbsp;&nbsp;__aeabi_f2d
<LI><a href="#[9c]">&gt;&gt;</a>&nbsp;&nbsp;&nbsp;__aeabi_cdrcmple
</UL>

<P><STRONG><a name="[b8]"></a>pid_calc_filter</STRONG> (Thumb, 712 bytes, Stack size 48 bytes, oldpid.o(.text))
<BR><BR>[Stack]<UL><LI>Max Depth = 80<LI>Call Chain = pid_calc_filter &rArr; __aeabi_cdcmple
</UL>
<BR>[Calls]<UL><LI><a href="#[d8]">&gt;&gt;</a>&nbsp;&nbsp;&nbsp;abs_limit
<LI><a href="#[ba]">&gt;&gt;</a>&nbsp;&nbsp;&nbsp;__aeabi_cdcmple
<LI><a href="#[b9]">&gt;&gt;</a>&nbsp;&nbsp;&nbsp;__hardfp_fabs
<LI><a href="#[99]">&gt;&gt;</a>&nbsp;&nbsp;&nbsp;__aeabi_f2d
<LI><a href="#[9c]">&gt;&gt;</a>&nbsp;&nbsp;&nbsp;__aeabi_cdrcmple
</UL>
<BR>[Called By]<UL><LI><a href="#[b7]">&gt;&gt;</a>&nbsp;&nbsp;&nbsp;gimbal_follow_gyro_handle
</UL>

<P><STRONG><a name="[a9]"></a>PID_struct_init</STRONG> (Thumb, 66 bytes, Stack size 40 bytes, oldpid.o(.text))
<BR><BR>[Stack]<UL><LI>Max Depth = 40<LI>Call Chain = PID_struct_init
</UL>
<BR>[Called By]<UL><LI><a href="#[a7]">&gt;&gt;</a>&nbsp;&nbsp;&nbsp;shot_param_init
<LI><a href="#[a6]">&gt;&gt;</a>&nbsp;&nbsp;&nbsp;gimbal_parameter_Init
</UL>

<P><STRONG><a name="[260]"></a>pid_clr</STRONG> (Thumb, 58 bytes, Stack size 0 bytes, oldpid.o(.text), UNUSED)

<P><STRONG><a name="[b4]"></a>pid_double_loop_cal</STRONG> (Thumb, 74 bytes, Stack size 32 bytes, oldpid.o(.text))
<BR><BR>[Stack]<UL><LI>Max Depth = 104<LI>Call Chain = pid_double_loop_cal &rArr; pid_calc &rArr; __aeabi_cdcmple
</UL>
<BR>[Calls]<UL><LI><a href="#[d4]">&gt;&gt;</a>&nbsp;&nbsp;&nbsp;pid_calc
</UL>
<BR>[Called By]<UL><LI><a href="#[d2]">&gt;&gt;</a>&nbsp;&nbsp;&nbsp;shoot_bullet_handle1
<LI><a href="#[d1]">&gt;&gt;</a>&nbsp;&nbsp;&nbsp;shoot_bullet_handle
<LI><a href="#[bd]">&gt;&gt;</a>&nbsp;&nbsp;&nbsp;gimbal_init_handle
<LI><a href="#[b7]">&gt;&gt;</a>&nbsp;&nbsp;&nbsp;gimbal_follow_gyro_handle
<LI><a href="#[b5]">&gt;&gt;</a>&nbsp;&nbsp;&nbsp;auto_small_buff_handle
<LI><a href="#[b2]">&gt;&gt;</a>&nbsp;&nbsp;&nbsp;auto_big_buff_handle
</UL>

<P><STRONG><a name="[261]"></a>protobuf_c_version</STRONG> (Thumb, 4 bytes, Stack size 0 bytes, protobuf-c.o(.text), UNUSED)

<P><STRONG><a name="[262]"></a>protobuf_c_version_number</STRONG> (Thumb, 4 bytes, Stack size 0 bytes, protobuf-c.o(.text), UNUSED)

<P><STRONG><a name="[6c]"></a>protobuf_c_buffer_simple_append</STRONG> (Thumb, 122 bytes, Stack size 40 bytes, protobuf-c.o(.text))
<BR><BR>[Stack]<UL><LI>Max Depth = 56<LI>Call Chain = protobuf_c_buffer_simple_append &rArr; do_free
</UL>
<BR>[Calls]<UL><LI><a href="#[de]">&gt;&gt;</a>&nbsp;&nbsp;&nbsp;do_free
<LI><a href="#[dc]">&gt;&gt;</a>&nbsp;&nbsp;&nbsp;do_alloc
<LI><a href="#[dd]">&gt;&gt;</a>&nbsp;&nbsp;&nbsp;__aeabi_memcpy
</UL>
<BR>[Address Reference Count : 1]<UL><LI> protobuf-c.o(.constdata)
</UL>
<P><STRONG><a name="[e7]"></a>protobuf_c_message_get_packed_size</STRONG> (Thumb, 216 bytes, Stack size 32 bytes, protobuf-c.o(.text))
<BR><BR>[Stack]<UL><LI>Max Depth = 136 + Unknown Stack Size
<LI>Call Chain = protobuf_c_message_get_packed_size &rArr; oneof_field_get_packed_size &rArr; required_field_get_packed_size &rArr;  protobuf_c_message_get_packed_size (Cycle)
</UL>
<BR>[Calls]<UL><LI><a href="#[eb]">&gt;&gt;</a>&nbsp;&nbsp;&nbsp;required_field_get_packed_size
<LI><a href="#[ed]">&gt;&gt;</a>&nbsp;&nbsp;&nbsp;oneof_field_get_packed_size
<LI><a href="#[ec]">&gt;&gt;</a>&nbsp;&nbsp;&nbsp;optional_field_get_packed_size
<LI><a href="#[ea]">&gt;&gt;</a>&nbsp;&nbsp;&nbsp;unlabeled_field_get_packed_size
<LI><a href="#[e1]">&gt;&gt;</a>&nbsp;&nbsp;&nbsp;repeated_field_get_packed_size
<LI><a href="#[e2]">&gt;&gt;</a>&nbsp;&nbsp;&nbsp;get_tag_size
<LI><a href="#[ee]">&gt;&gt;</a>&nbsp;&nbsp;&nbsp;__aeabi_assert
</UL>
<BR>[Called By]<UL><LI><a href="#[13f]">&gt;&gt;</a>&nbsp;&nbsp;&nbsp;host_to_device__frame__get_packed_size
<LI><a href="#[134]">&gt;&gt;</a>&nbsp;&nbsp;&nbsp;device_to_host__frame__get_packed_size
<LI><a href="#[eb]">&gt;&gt;</a>&nbsp;&nbsp;&nbsp;required_field_get_packed_size
<LI><a href="#[e1]">&gt;&gt;</a>&nbsp;&nbsp;&nbsp;repeated_field_get_packed_size
</UL>

<P><STRONG><a name="[104]"></a>protobuf_c_message_pack</STRONG> (Thumb, 234 bytes, Stack size 32 bytes, protobuf-c.o(.text))
<BR><BR>[Stack]<UL><LI>Max Depth = 220 + Unknown Stack Size
<LI>Call Chain = protobuf_c_message_pack &rArr; repeated_field_pack &rArr; required_field_pack &rArr; sint64_pack &rArr; uint64_pack &rArr; uint32_pack
</UL>
<BR>[Calls]<UL><LI><a href="#[103]">&gt;&gt;</a>&nbsp;&nbsp;&nbsp;oneof_field_pack
<LI><a href="#[102]">&gt;&gt;</a>&nbsp;&nbsp;&nbsp;optional_field_pack
<LI><a href="#[101]">&gt;&gt;</a>&nbsp;&nbsp;&nbsp;unlabeled_field_pack
<LI><a href="#[fe]">&gt;&gt;</a>&nbsp;&nbsp;&nbsp;repeated_field_pack
<LI><a href="#[f4]">&gt;&gt;</a>&nbsp;&nbsp;&nbsp;required_field_pack
<LI><a href="#[f3]">&gt;&gt;</a>&nbsp;&nbsp;&nbsp;unknown_field_pack
<LI><a href="#[ee]">&gt;&gt;</a>&nbsp;&nbsp;&nbsp;__aeabi_assert
</UL>
<BR>[Called By]<UL><LI><a href="#[140]">&gt;&gt;</a>&nbsp;&nbsp;&nbsp;host_to_device__frame__pack
<LI><a href="#[135]">&gt;&gt;</a>&nbsp;&nbsp;&nbsp;device_to_host__frame__pack
<LI><a href="#[fa]">&gt;&gt;</a>&nbsp;&nbsp;&nbsp;prefixed_message_pack
</UL>

<P><STRONG><a name="[10d]"></a>protobuf_c_message_pack_to_buffer</STRONG> (Thumb, 226 bytes, Stack size 32 bytes, protobuf-c.o(.text), UNUSED)
<BR><BR>[Calls]<UL><LI><a href="#[109]">&gt;&gt;</a>&nbsp;&nbsp;&nbsp;required_field_pack_to_buffer
<LI><a href="#[10c]">&gt;&gt;</a>&nbsp;&nbsp;&nbsp;oneof_field_pack_to_buffer
<LI><a href="#[10b]">&gt;&gt;</a>&nbsp;&nbsp;&nbsp;optional_field_pack_to_buffer
<LI><a href="#[10a]">&gt;&gt;</a>&nbsp;&nbsp;&nbsp;unlabeled_field_pack_to_buffer
<LI><a href="#[108]">&gt;&gt;</a>&nbsp;&nbsp;&nbsp;repeated_field_pack_to_buffer
<LI><a href="#[105]">&gt;&gt;</a>&nbsp;&nbsp;&nbsp;unknown_field_pack_to_buffer
<LI><a href="#[ee]">&gt;&gt;</a>&nbsp;&nbsp;&nbsp;__aeabi_assert
</UL>
<BR>[Called By]<UL><LI><a href="#[141]">&gt;&gt;</a>&nbsp;&nbsp;&nbsp;host_to_device__frame__pack_to_buffer
<LI><a href="#[136]">&gt;&gt;</a>&nbsp;&nbsp;&nbsp;device_to_host__frame__pack_to_buffer
<LI><a href="#[109]">&gt;&gt;</a>&nbsp;&nbsp;&nbsp;required_field_pack_to_buffer
</UL>

<P><STRONG><a name="[117]"></a>protobuf_c_message_free_unpacked</STRONG> (Thumb, 618 bytes, Stack size 32 bytes, protobuf-c.o(.text))
<BR><BR>[Stack]<UL><LI>Max Depth = 96 + Unknown Stack Size
 + In Cycle
<LI>Call Chain = protobuf_c_message_free_unpacked &rArr;  protobuf_c_message_free_unpacked (Cycle)
</UL>
<BR>[Calls]<UL><LI><a href="#[117]">&gt;&gt;</a>&nbsp;&nbsp;&nbsp;protobuf_c_message_free_unpacked
<LI><a href="#[de]">&gt;&gt;</a>&nbsp;&nbsp;&nbsp;do_free
<LI><a href="#[ee]">&gt;&gt;</a>&nbsp;&nbsp;&nbsp;__aeabi_assert
</UL>
<BR>[Called By]<UL><LI><a href="#[143]">&gt;&gt;</a>&nbsp;&nbsp;&nbsp;host_to_device__frame__free_unpacked
<LI><a href="#[138]">&gt;&gt;</a>&nbsp;&nbsp;&nbsp;device_to_host__frame__free_unpacked
<LI><a href="#[124]">&gt;&gt;</a>&nbsp;&nbsp;&nbsp;protobuf_c_message_unpack
<LI><a href="#[117]">&gt;&gt;</a>&nbsp;&nbsp;&nbsp;protobuf_c_message_free_unpacked
<LI><a href="#[119]">&gt;&gt;</a>&nbsp;&nbsp;&nbsp;parse_required_member
<LI><a href="#[120]">&gt;&gt;</a>&nbsp;&nbsp;&nbsp;parse_oneof_member
</UL>

<P><STRONG><a name="[125]"></a>protobuf_c_message_init</STRONG> (Thumb, 14 bytes, Stack size 16 bytes, protobuf-c.o(.text))
<BR><BR>[Stack]<UL><LI>Max Depth = 16<LI>Call Chain = protobuf_c_message_init
</UL>
<BR>[Called By]<UL><LI><a href="#[124]">&gt;&gt;</a>&nbsp;&nbsp;&nbsp;protobuf_c_message_unpack
</UL>

<P><STRONG><a name="[124]"></a>protobuf_c_message_unpack</STRONG> (Thumb, 1218 bytes, Stack size 552 bytes, protobuf-c.o(.text))
<BR><BR>[Stack]<UL><LI>Max Depth = 840 + Unknown Stack Size
<LI>Call Chain = protobuf_c_message_unpack &rArr; parse_member &rArr; parse_oneof_member &rArr; parse_required_member &rArr;  protobuf_c_message_unpack (Cycle)
</UL>
<BR>[Calls]<UL><LI><a href="#[125]">&gt;&gt;</a>&nbsp;&nbsp;&nbsp;protobuf_c_message_init
<LI><a href="#[117]">&gt;&gt;</a>&nbsp;&nbsp;&nbsp;protobuf_c_message_free_unpacked
<LI><a href="#[127]">&gt;&gt;</a>&nbsp;&nbsp;&nbsp;scan_length_prefixed_data
<LI><a href="#[de]">&gt;&gt;</a>&nbsp;&nbsp;&nbsp;do_free
<LI><a href="#[dc]">&gt;&gt;</a>&nbsp;&nbsp;&nbsp;do_alloc
<LI><a href="#[123]">&gt;&gt;</a>&nbsp;&nbsp;&nbsp;message_init_generic
<LI><a href="#[121]">&gt;&gt;</a>&nbsp;&nbsp;&nbsp;parse_member
<LI><a href="#[122]">&gt;&gt;</a>&nbsp;&nbsp;&nbsp;is_packable_type
<LI><a href="#[112]">&gt;&gt;</a>&nbsp;&nbsp;&nbsp;count_packed_elements
<LI><a href="#[126]">&gt;&gt;</a>&nbsp;&nbsp;&nbsp;parse_tag_and_wiretype
<LI><a href="#[110]">&gt;&gt;</a>&nbsp;&nbsp;&nbsp;int_range_lookup
<LI><a href="#[fb]">&gt;&gt;</a>&nbsp;&nbsp;&nbsp;sizeof_elt_in_repeated_array
<LI><a href="#[111]">&gt;&gt;</a>&nbsp;&nbsp;&nbsp;__aeabi_memclr
<LI><a href="#[10e]">&gt;&gt;</a>&nbsp;&nbsp;&nbsp;__aeabi_memcpy4
<LI><a href="#[ee]">&gt;&gt;</a>&nbsp;&nbsp;&nbsp;__aeabi_assert
</UL>
<BR>[Called By]<UL><LI><a href="#[142]">&gt;&gt;</a>&nbsp;&nbsp;&nbsp;host_to_device__frame__unpack
<LI><a href="#[137]">&gt;&gt;</a>&nbsp;&nbsp;&nbsp;device_to_host__frame__unpack
<LI><a href="#[119]">&gt;&gt;</a>&nbsp;&nbsp;&nbsp;parse_required_member
</UL>

<P><STRONG><a name="[129]"></a>protobuf_c_message_check</STRONG> (Thumb, 338 bytes, Stack size 40 bytes, protobuf-c.o(.text), UNUSED)
<BR><BR>[Calls]<UL><LI><a href="#[129]">&gt;&gt;</a>&nbsp;&nbsp;&nbsp;protobuf_c_message_check
</UL>
<BR>[Called By]<UL><LI><a href="#[129]">&gt;&gt;</a>&nbsp;&nbsp;&nbsp;protobuf_c_message_check
</UL>

<P><STRONG><a name="[12a]"></a>protobuf_c_service_invoke_internal</STRONG> (Thumb, 60 bytes, Stack size 32 bytes, protobuf-c.o(.text))
<BR><BR>[Stack]<UL><LI>Max Depth = 96 + Unknown Stack Size
<LI>Call Chain = protobuf_c_service_invoke_internal &rArr; __aeabi_assert &rArr; abort &rArr; __rt_SIGABRT &rArr; __rt_SIGABRT_inner &rArr; __default_signal_display &rArr; _ttywrch
</UL>
<BR>[Calls]<UL><LI><a href="#[ee]">&gt;&gt;</a>&nbsp;&nbsp;&nbsp;__aeabi_assert
</UL>
<BR>[Address Reference Count : 1]<UL><LI> protobuf-c.o(.text)
</UL>
<P><STRONG><a name="[12b]"></a>protobuf_c_service_generated_init</STRONG> (Thumb, 54 bytes, Stack size 16 bytes, protobuf-c.o(.text), UNUSED)
<BR><BR>[Calls]<UL><LI><a href="#[a8]">&gt;&gt;</a>&nbsp;&nbsp;&nbsp;__aeabi_memclr4
<LI><a href="#[ee]">&gt;&gt;</a>&nbsp;&nbsp;&nbsp;__aeabi_assert
</UL>

<P><STRONG><a name="[263]"></a>protobuf_c_service_destroy</STRONG> (Thumb, 12 bytes, Stack size 8 bytes, protobuf-c.o(.text), UNUSED)

<P><STRONG><a name="[12c]"></a>protobuf_c_enum_descriptor_get_value_by_name</STRONG> (Thumb, 138 bytes, Stack size 32 bytes, protobuf-c.o(.text), UNUSED)
<BR><BR>[Calls]<UL><LI><a href="#[12d]">&gt;&gt;</a>&nbsp;&nbsp;&nbsp;strcmp
</UL>

<P><STRONG><a name="[12e]"></a>protobuf_c_enum_descriptor_get_value</STRONG> (Thumb, 38 bytes, Stack size 16 bytes, protobuf-c.o(.text), UNUSED)
<BR><BR>[Calls]<UL><LI><a href="#[110]">&gt;&gt;</a>&nbsp;&nbsp;&nbsp;int_range_lookup
</UL>

<P><STRONG><a name="[12f]"></a>protobuf_c_message_descriptor_get_field_by_name</STRONG> (Thumb, 142 bytes, Stack size 32 bytes, protobuf-c.o(.text), UNUSED)
<BR><BR>[Calls]<UL><LI><a href="#[12d]">&gt;&gt;</a>&nbsp;&nbsp;&nbsp;strcmp
</UL>

<P><STRONG><a name="[130]"></a>protobuf_c_message_descriptor_get_field</STRONG> (Thumb, 42 bytes, Stack size 16 bytes, protobuf-c.o(.text), UNUSED)
<BR><BR>[Calls]<UL><LI><a href="#[110]">&gt;&gt;</a>&nbsp;&nbsp;&nbsp;int_range_lookup
</UL>

<P><STRONG><a name="[131]"></a>protobuf_c_service_descriptor_get_method_by_name</STRONG> (Thumb, 156 bytes, Stack size 40 bytes, protobuf-c.o(.text), UNUSED)
<BR><BR>[Calls]<UL><LI><a href="#[12d]">&gt;&gt;</a>&nbsp;&nbsp;&nbsp;strcmp
</UL>

<P><STRONG><a name="[6d]"></a>device_to_host__frame__init</STRONG> (Thumb, 16 bytes, Stack size 8 bytes, recieve.pb-c.o(.text))
<BR><BR>[Stack]<UL><LI>Max Depth = 16<LI>Call Chain = device_to_host__frame__init &rArr; __aeabi_memcpy4
</UL>
<BR>[Calls]<UL><LI><a href="#[10e]">&gt;&gt;</a>&nbsp;&nbsp;&nbsp;__aeabi_memcpy4
</UL>
<BR>[Called By]<UL><LI><a href="#[a4]">&gt;&gt;</a>&nbsp;&nbsp;&nbsp;send_protocol
</UL>
<BR>[Address Reference Count : 1]<UL><LI> recieve.pb-c.o(.constdata)
</UL>
<P><STRONG><a name="[134]"></a>device_to_host__frame__get_packed_size</STRONG> (Thumb, 32 bytes, Stack size 8 bytes, recieve.pb-c.o(.text))
<BR><BR>[Stack]<UL><LI>Max Depth = 144 + Unknown Stack Size
<LI>Call Chain = device_to_host__frame__get_packed_size &rArr; protobuf_c_message_get_packed_size &rArr; oneof_field_get_packed_size &rArr; required_field_get_packed_size &rArr;  protobuf_c_message_get_packed_size (Cycle)
</UL>
<BR>[Calls]<UL><LI><a href="#[e7]">&gt;&gt;</a>&nbsp;&nbsp;&nbsp;protobuf_c_message_get_packed_size
<LI><a href="#[ee]">&gt;&gt;</a>&nbsp;&nbsp;&nbsp;__aeabi_assert
</UL>
<BR>[Called By]<UL><LI><a href="#[a4]">&gt;&gt;</a>&nbsp;&nbsp;&nbsp;send_protocol
</UL>

<P><STRONG><a name="[135]"></a>device_to_host__frame__pack</STRONG> (Thumb, 36 bytes, Stack size 16 bytes, recieve.pb-c.o(.text))
<BR><BR>[Stack]<UL><LI>Max Depth = 236 + Unknown Stack Size
<LI>Call Chain = device_to_host__frame__pack &rArr; protobuf_c_message_pack &rArr; repeated_field_pack &rArr; required_field_pack &rArr; sint64_pack &rArr; uint64_pack &rArr; uint32_pack
</UL>
<BR>[Calls]<UL><LI><a href="#[104]">&gt;&gt;</a>&nbsp;&nbsp;&nbsp;protobuf_c_message_pack
<LI><a href="#[ee]">&gt;&gt;</a>&nbsp;&nbsp;&nbsp;__aeabi_assert
</UL>
<BR>[Called By]<UL><LI><a href="#[a4]">&gt;&gt;</a>&nbsp;&nbsp;&nbsp;send_protocol
</UL>

<P><STRONG><a name="[136]"></a>device_to_host__frame__pack_to_buffer</STRONG> (Thumb, 36 bytes, Stack size 16 bytes, recieve.pb-c.o(.text), UNUSED)
<BR><BR>[Calls]<UL><LI><a href="#[10d]">&gt;&gt;</a>&nbsp;&nbsp;&nbsp;protobuf_c_message_pack_to_buffer
<LI><a href="#[ee]">&gt;&gt;</a>&nbsp;&nbsp;&nbsp;__aeabi_assert
</UL>

<P><STRONG><a name="[137]"></a>device_to_host__frame__unpack</STRONG> (Thumb, 22 bytes, Stack size 16 bytes, recieve.pb-c.o(.text), UNUSED)
<BR><BR>[Calls]<UL><LI><a href="#[124]">&gt;&gt;</a>&nbsp;&nbsp;&nbsp;protobuf_c_message_unpack
</UL>

<P><STRONG><a name="[138]"></a>device_to_host__frame__free_unpacked</STRONG> (Thumb, 42 bytes, Stack size 16 bytes, recieve.pb-c.o(.text), UNUSED)
<BR><BR>[Calls]<UL><LI><a href="#[117]">&gt;&gt;</a>&nbsp;&nbsp;&nbsp;protobuf_c_message_free_unpacked
<LI><a href="#[ee]">&gt;&gt;</a>&nbsp;&nbsp;&nbsp;__aeabi_assert
</UL>

<P><STRONG><a name="[139]"></a>Can1ReceiveMsgProcess</STRONG> (Thumb, 58 bytes, Stack size 8 bytes, canbus.o(.text))
<BR><BR>[Stack]<UL><LI>Max Depth = 64<LI>Call Chain = Can1ReceiveMsgProcess &rArr; M3508orM2006EncoderTask &rArr; EncoderProcess &rArr; __aeabi_f2d
</UL>
<BR>[Calls]<UL><LI><a href="#[13a]">&gt;&gt;</a>&nbsp;&nbsp;&nbsp;M3508orM2006EncoderTask
</UL>
<BR>[Called By]<UL><LI><a href="#[29]">&gt;&gt;</a>&nbsp;&nbsp;&nbsp;CAN1_RX0_IRQHandler
</UL>

<P><STRONG><a name="[13b]"></a>Can2ReceiveMsgProcess</STRONG> (Thumb, 52 bytes, Stack size 8 bytes, canbus.o(.text))
<BR><BR>[Stack]<UL><LI>Max Depth = 56<LI>Call Chain = Can2ReceiveMsgProcess &rArr; GM6020EncoderTask &rArr; GM6020EncoderProcess &rArr; __aeabi_f2d
</UL>
<BR>[Calls]<UL><LI><a href="#[13c]">&gt;&gt;</a>&nbsp;&nbsp;&nbsp;GM6020EncoderTask
</UL>
<BR>[Called By]<UL><LI><a href="#[55]">&gt;&gt;</a>&nbsp;&nbsp;&nbsp;CAN2_RX0_IRQHandler
</UL>

<P><STRONG><a name="[a3]"></a>can_bus_send_task</STRONG> (Thumb, 50 bytes, Stack size 8 bytes, canbus.o(.text))
<BR><BR>[Stack]<UL><LI>Max Depth = 64<LI>Call Chain = can_bus_send_task &rArr; Set_GM6020_IQ1 &rArr; CAN_Transmit
</UL>
<BR>[Calls]<UL><LI><a href="#[13d]">&gt;&gt;</a>&nbsp;&nbsp;&nbsp;Set_GM6020_IQ1
<LI><a href="#[13e]">&gt;&gt;</a>&nbsp;&nbsp;&nbsp;Set_C620andC610_IQ1
</UL>
<BR>[Called By]<UL><LI><a href="#[9e]">&gt;&gt;</a>&nbsp;&nbsp;&nbsp;control_task
</UL>

<P><STRONG><a name="[6e]"></a>host_to_device__frame__init</STRONG> (Thumb, 16 bytes, Stack size 8 bytes, send.pb-c.o(.text))
<BR><BR>[Stack]<UL><LI>Max Depth = 16<LI>Call Chain = host_to_device__frame__init &rArr; __aeabi_memcpy4
</UL>
<BR>[Calls]<UL><LI><a href="#[10e]">&gt;&gt;</a>&nbsp;&nbsp;&nbsp;__aeabi_memcpy4
</UL>
<BR>[Address Reference Count : 1]<UL><LI> send.pb-c.o(.constdata)
</UL>
<P><STRONG><a name="[13f]"></a>host_to_device__frame__get_packed_size</STRONG> (Thumb, 32 bytes, Stack size 8 bytes, send.pb-c.o(.text), UNUSED)
<BR><BR>[Calls]<UL><LI><a href="#[e7]">&gt;&gt;</a>&nbsp;&nbsp;&nbsp;protobuf_c_message_get_packed_size
<LI><a href="#[ee]">&gt;&gt;</a>&nbsp;&nbsp;&nbsp;__aeabi_assert
</UL>

<P><STRONG><a name="[140]"></a>host_to_device__frame__pack</STRONG> (Thumb, 36 bytes, Stack size 16 bytes, send.pb-c.o(.text), UNUSED)
<BR><BR>[Calls]<UL><LI><a href="#[104]">&gt;&gt;</a>&nbsp;&nbsp;&nbsp;protobuf_c_message_pack
<LI><a href="#[ee]">&gt;&gt;</a>&nbsp;&nbsp;&nbsp;__aeabi_assert
</UL>

<P><STRONG><a name="[141]"></a>host_to_device__frame__pack_to_buffer</STRONG> (Thumb, 36 bytes, Stack size 16 bytes, send.pb-c.o(.text), UNUSED)
<BR><BR>[Calls]<UL><LI><a href="#[10d]">&gt;&gt;</a>&nbsp;&nbsp;&nbsp;protobuf_c_message_pack_to_buffer
<LI><a href="#[ee]">&gt;&gt;</a>&nbsp;&nbsp;&nbsp;__aeabi_assert
</UL>

<P><STRONG><a name="[142]"></a>host_to_device__frame__unpack</STRONG> (Thumb, 22 bytes, Stack size 16 bytes, send.pb-c.o(.text))
<BR><BR>[Stack]<UL><LI>Max Depth = 856 + Unknown Stack Size
<LI>Call Chain = host_to_device__frame__unpack &rArr; protobuf_c_message_unpack &rArr; parse_member &rArr; parse_oneof_member &rArr; parse_required_member &rArr;  protobuf_c_message_unpack (Cycle)
</UL>
<BR>[Calls]<UL><LI><a href="#[124]">&gt;&gt;</a>&nbsp;&nbsp;&nbsp;protobuf_c_message_unpack
</UL>
<BR>[Called By]<UL><LI><a href="#[15d]">&gt;&gt;</a>&nbsp;&nbsp;&nbsp;vision_process_general_message
</UL>

<P><STRONG><a name="[143]"></a>host_to_device__frame__free_unpacked</STRONG> (Thumb, 42 bytes, Stack size 16 bytes, send.pb-c.o(.text))
<BR><BR>[Stack]<UL><LI>Max Depth = 112 + Unknown Stack Size
<LI>Call Chain = host_to_device__frame__free_unpacked &rArr; protobuf_c_message_free_unpacked &rArr;  protobuf_c_message_free_unpacked (Cycle)
</UL>
<BR>[Calls]<UL><LI><a href="#[117]">&gt;&gt;</a>&nbsp;&nbsp;&nbsp;protobuf_c_message_free_unpacked
<LI><a href="#[ee]">&gt;&gt;</a>&nbsp;&nbsp;&nbsp;__aeabi_assert
</UL>
<BR>[Called By]<UL><LI><a href="#[15d]">&gt;&gt;</a>&nbsp;&nbsp;&nbsp;vision_process_general_message
</UL>

<P><STRONG><a name="[144]"></a>CH100_getDATA</STRONG> (Thumb, 238 bytes, Stack size 16 bytes, ch100.o(.text))
<BR><BR>[Stack]<UL><LI>Max Depth = 16<LI>Call Chain = CH100_getDATA
</UL>
<BR>[Calls]<UL><LI><a href="#[dd]">&gt;&gt;</a>&nbsp;&nbsp;&nbsp;__aeabi_memcpy
</UL>
<BR>[Called By]<UL><LI><a href="#[3c]">&gt;&gt;</a>&nbsp;&nbsp;&nbsp;USART3_IRQHandler
</UL>

<P><STRONG><a name="[147]"></a>GetEncoderBias</STRONG> (Thumb, 26 bytes, Stack size 0 bytes, dji_motor.o(.text))
<BR><BR>[Called By]<UL><LI><a href="#[13a]">&gt;&gt;</a>&nbsp;&nbsp;&nbsp;M3508orM2006EncoderTask
</UL>

<P><STRONG><a name="[145]"></a>EncoderProcess</STRONG> (Thumb, 224 bytes, Stack size 24 bytes, dji_motor.o(.text))
<BR><BR>[Stack]<UL><LI>Max Depth = 40<LI>Call Chain = EncoderProcess &rArr; __aeabi_f2d
</UL>
<BR>[Calls]<UL><LI><a href="#[99]">&gt;&gt;</a>&nbsp;&nbsp;&nbsp;__aeabi_f2d
</UL>
<BR>[Called By]<UL><LI><a href="#[13a]">&gt;&gt;</a>&nbsp;&nbsp;&nbsp;M3508orM2006EncoderTask
</UL>

<P><STRONG><a name="[146]"></a>GM6020EncoderProcess</STRONG> (Thumb, 164 bytes, Stack size 16 bytes, dji_motor.o(.text))
<BR><BR>[Stack]<UL><LI>Max Depth = 32<LI>Call Chain = GM6020EncoderProcess &rArr; __aeabi_f2d
</UL>
<BR>[Calls]<UL><LI><a href="#[99]">&gt;&gt;</a>&nbsp;&nbsp;&nbsp;__aeabi_f2d
</UL>
<BR>[Called By]<UL><LI><a href="#[13c]">&gt;&gt;</a>&nbsp;&nbsp;&nbsp;GM6020EncoderTask
</UL>

<P><STRONG><a name="[13a]"></a>M3508orM2006EncoderTask</STRONG> (Thumb, 38 bytes, Stack size 16 bytes, dji_motor.o(.text))
<BR><BR>[Stack]<UL><LI>Max Depth = 56<LI>Call Chain = M3508orM2006EncoderTask &rArr; EncoderProcess &rArr; __aeabi_f2d
</UL>
<BR>[Calls]<UL><LI><a href="#[145]">&gt;&gt;</a>&nbsp;&nbsp;&nbsp;EncoderProcess
<LI><a href="#[147]">&gt;&gt;</a>&nbsp;&nbsp;&nbsp;GetEncoderBias
</UL>
<BR>[Called By]<UL><LI><a href="#[139]">&gt;&gt;</a>&nbsp;&nbsp;&nbsp;Can1ReceiveMsgProcess
</UL>

<P><STRONG><a name="[13c]"></a>GM6020EncoderTask</STRONG> (Thumb, 76 bytes, Stack size 16 bytes, dji_motor.o(.text))
<BR><BR>[Stack]<UL><LI>Max Depth = 48<LI>Call Chain = GM6020EncoderTask &rArr; GM6020EncoderProcess &rArr; __aeabi_f2d
</UL>
<BR>[Calls]<UL><LI><a href="#[146]">&gt;&gt;</a>&nbsp;&nbsp;&nbsp;GM6020EncoderProcess
</UL>
<BR>[Called By]<UL><LI><a href="#[13b]">&gt;&gt;</a>&nbsp;&nbsp;&nbsp;Can2ReceiveMsgProcess
</UL>

<P><STRONG><a name="[13d]"></a>Set_GM6020_IQ1</STRONG> (Thumb, 252 bytes, Stack size 48 bytes, dji_motor.o(.text))
<BR><BR>[Stack]<UL><LI>Max Depth = 56<LI>Call Chain = Set_GM6020_IQ1 &rArr; CAN_Transmit
</UL>
<BR>[Calls]<UL><LI><a href="#[148]">&gt;&gt;</a>&nbsp;&nbsp;&nbsp;CAN_Transmit
</UL>
<BR>[Called By]<UL><LI><a href="#[a3]">&gt;&gt;</a>&nbsp;&nbsp;&nbsp;can_bus_send_task
</UL>

<P><STRONG><a name="[149]"></a>Set_GM6020_IQ2</STRONG> (Thumb, 92 bytes, Stack size 48 bytes, dji_motor.o(.text), UNUSED)
<BR><BR>[Calls]<UL><LI><a href="#[148]">&gt;&gt;</a>&nbsp;&nbsp;&nbsp;CAN_Transmit
</UL>

<P><STRONG><a name="[13e]"></a>Set_C620andC610_IQ1</STRONG> (Thumb, 252 bytes, Stack size 48 bytes, dji_motor.o(.text))
<BR><BR>[Stack]<UL><LI>Max Depth = 56<LI>Call Chain = Set_C620andC610_IQ1 &rArr; CAN_Transmit
</UL>
<BR>[Calls]<UL><LI><a href="#[148]">&gt;&gt;</a>&nbsp;&nbsp;&nbsp;CAN_Transmit
</UL>
<BR>[Called By]<UL><LI><a href="#[a3]">&gt;&gt;</a>&nbsp;&nbsp;&nbsp;can_bus_send_task
</UL>

<P><STRONG><a name="[14a]"></a>Set_C620andC610_IQ2</STRONG> (Thumb, 104 bytes, Stack size 48 bytes, dji_motor.o(.text), UNUSED)
<BR><BR>[Calls]<UL><LI><a href="#[148]">&gt;&gt;</a>&nbsp;&nbsp;&nbsp;CAN_Transmit
</UL>

<P><STRONG><a name="[14b]"></a>HI220_getDATA</STRONG> (Thumb, 1314 bytes, Stack size 32 bytes, hi220.o(.text))
<BR><BR>[Stack]<UL><LI>Max Depth = 52<LI>Call Chain = HI220_getDATA &rArr; crc16_update
</UL>
<BR>[Calls]<UL><LI><a href="#[14d]">&gt;&gt;</a>&nbsp;&nbsp;&nbsp;crc16_update
<LI><a href="#[14c]">&gt;&gt;</a>&nbsp;&nbsp;&nbsp;strstr
</UL>
<BR>[Called By]<UL><LI><a href="#[5c]">&gt;&gt;</a>&nbsp;&nbsp;&nbsp;USART6_IRQHandler
</UL>

<P><STRONG><a name="[14f]"></a>Get_CRC8_Check_Sum</STRONG> (Thumb, 30 bytes, Stack size 12 bytes, judge.o(.text))
<BR><BR>[Stack]<UL><LI>Max Depth = 12<LI>Call Chain = Get_CRC8_Check_Sum
</UL>
<BR>[Called By]<UL><LI><a href="#[154]">&gt;&gt;</a>&nbsp;&nbsp;&nbsp;get_crc8
<LI><a href="#[150]">&gt;&gt;</a>&nbsp;&nbsp;&nbsp;Append_CRC8_Check_Sum
<LI><a href="#[14e]">&gt;&gt;</a>&nbsp;&nbsp;&nbsp;Verify_CRC8_Check_Sum
</UL>

<P><STRONG><a name="[14e]"></a>Verify_CRC8_Check_Sum</STRONG> (Thumb, 46 bytes, Stack size 16 bytes, judge.o(.text))
<BR><BR>[Stack]<UL><LI>Max Depth = 28<LI>Call Chain = Verify_CRC8_Check_Sum &rArr; Get_CRC8_Check_Sum
</UL>
<BR>[Calls]<UL><LI><a href="#[14f]">&gt;&gt;</a>&nbsp;&nbsp;&nbsp;Get_CRC8_Check_Sum
</UL>
<BR>[Called By]<UL><LI><a href="#[155]">&gt;&gt;</a>&nbsp;&nbsp;&nbsp;judgement_data_handle
</UL>

<P><STRONG><a name="[150]"></a>Append_CRC8_Check_Sum</STRONG> (Thumb, 36 bytes, Stack size 16 bytes, judge.o(.text))
<BR><BR>[Stack]<UL><LI>Max Depth = 28<LI>Call Chain = Append_CRC8_Check_Sum &rArr; Get_CRC8_Check_Sum
</UL>
<BR>[Calls]<UL><LI><a href="#[14f]">&gt;&gt;</a>&nbsp;&nbsp;&nbsp;Get_CRC8_Check_Sum
</UL>
<BR>[Called By]<UL><LI><a href="#[a4]">&gt;&gt;</a>&nbsp;&nbsp;&nbsp;send_protocol
<LI><a href="#[18d]">&gt;&gt;</a>&nbsp;&nbsp;&nbsp;protocol_packet_pack
</UL>

<P><STRONG><a name="[152]"></a>Get_CRC16_Check_Sum</STRONG> (Thumb, 46 bytes, Stack size 12 bytes, judge.o(.text))
<BR><BR>[Stack]<UL><LI>Max Depth = 12<LI>Call Chain = Get_CRC16_Check_Sum
</UL>
<BR>[Called By]<UL><LI><a href="#[153]">&gt;&gt;</a>&nbsp;&nbsp;&nbsp;Append_CRC16_Check_Sum
<LI><a href="#[151]">&gt;&gt;</a>&nbsp;&nbsp;&nbsp;Verify_CRC16_Check_Sum
</UL>

<P><STRONG><a name="[151]"></a>Verify_CRC16_Check_Sum</STRONG> (Thumb, 60 bytes, Stack size 16 bytes, judge.o(.text))
<BR><BR>[Stack]<UL><LI>Max Depth = 28<LI>Call Chain = Verify_CRC16_Check_Sum &rArr; Get_CRC16_Check_Sum
</UL>
<BR>[Calls]<UL><LI><a href="#[152]">&gt;&gt;</a>&nbsp;&nbsp;&nbsp;Get_CRC16_Check_Sum
</UL>
<BR>[Called By]<UL><LI><a href="#[155]">&gt;&gt;</a>&nbsp;&nbsp;&nbsp;judgement_data_handle
</UL>

<P><STRONG><a name="[153]"></a>Append_CRC16_Check_Sum</STRONG> (Thumb, 44 bytes, Stack size 16 bytes, judge.o(.text))
<BR><BR>[Stack]<UL><LI>Max Depth = 28<LI>Call Chain = Append_CRC16_Check_Sum &rArr; Get_CRC16_Check_Sum
</UL>
<BR>[Calls]<UL><LI><a href="#[152]">&gt;&gt;</a>&nbsp;&nbsp;&nbsp;Get_CRC16_Check_Sum
</UL>
<BR>[Called By]<UL><LI><a href="#[18d]">&gt;&gt;</a>&nbsp;&nbsp;&nbsp;protocol_packet_pack
</UL>

<P><STRONG><a name="[154]"></a>get_crc8</STRONG> (Thumb, 30 bytes, Stack size 16 bytes, judge.o(.text))
<BR><BR>[Stack]<UL><LI>Max Depth = 28<LI>Call Chain = get_crc8 &rArr; Get_CRC8_Check_Sum
</UL>
<BR>[Calls]<UL><LI><a href="#[14f]">&gt;&gt;</a>&nbsp;&nbsp;&nbsp;Get_CRC8_Check_Sum
</UL>
<BR>[Called By]<UL><LI><a href="#[15d]">&gt;&gt;</a>&nbsp;&nbsp;&nbsp;vision_process_general_message
</UL>

<P><STRONG><a name="[155]"></a>judgement_data_handle</STRONG> (Thumb, 428 bytes, Stack size 48 bytes, judge.o(.text))
<BR><BR>[Stack]<UL><LI>Max Depth = 76<LI>Call Chain = judgement_data_handle &rArr; Verify_CRC16_Check_Sum &rArr; Get_CRC16_Check_Sum
</UL>
<BR>[Calls]<UL><LI><a href="#[151]">&gt;&gt;</a>&nbsp;&nbsp;&nbsp;Verify_CRC16_Check_Sum
<LI><a href="#[14e]">&gt;&gt;</a>&nbsp;&nbsp;&nbsp;Verify_CRC8_Check_Sum
<LI><a href="#[dd]">&gt;&gt;</a>&nbsp;&nbsp;&nbsp;__aeabi_memcpy
</UL>
<BR>[Called By]<UL><LI><a href="#[4a]">&gt;&gt;</a>&nbsp;&nbsp;&nbsp;UART5_IRQHandler
</UL>

<P><STRONG><a name="[158]"></a>T_Key_procces</STRONG> (Thumb, 48 bytes, Stack size 8 bytes, remote.o(.text))
<BR><BR>[Stack]<UL><LI>Max Depth = 8<LI>Call Chain = T_Key_procces
</UL>
<BR>[Called By]<UL><LI><a href="#[156]">&gt;&gt;</a>&nbsp;&nbsp;&nbsp;keyborad_process
</UL>

<P><STRONG><a name="[157]"></a>updateKeyFlag</STRONG> (Thumb, 16 bytes, Stack size 0 bytes, remote.o(.text))
<BR><BR>[Called By]<UL><LI><a href="#[156]">&gt;&gt;</a>&nbsp;&nbsp;&nbsp;keyborad_process
</UL>

<P><STRONG><a name="[156]"></a>keyborad_process</STRONG> (Thumb, 470 bytes, Stack size 8 bytes, remote.o(.text))
<BR><BR>[Stack]<UL><LI>Max Depth = 16<LI>Call Chain = keyborad_process &rArr; T_Key_procces
</UL>
<BR>[Calls]<UL><LI><a href="#[157]">&gt;&gt;</a>&nbsp;&nbsp;&nbsp;updateKeyFlag
<LI><a href="#[158]">&gt;&gt;</a>&nbsp;&nbsp;&nbsp;T_Key_procces
</UL>
<BR>[Called By]<UL><LI><a href="#[159]">&gt;&gt;</a>&nbsp;&nbsp;&nbsp;RemoteDataPrcess
</UL>

<P><STRONG><a name="[15b]"></a>GetRemoteSwitchAction</STRONG> (Thumb, 116 bytes, Stack size 0 bytes, remote.o(.text))
<BR><BR>[Called By]<UL><LI><a href="#[159]">&gt;&gt;</a>&nbsp;&nbsp;&nbsp;RemoteDataPrcess
</UL>

<P><STRONG><a name="[15a]"></a>SetInputMode</STRONG> (Thumb, 30 bytes, Stack size 0 bytes, remote.o(.text))
<BR><BR>[Called By]<UL><LI><a href="#[159]">&gt;&gt;</a>&nbsp;&nbsp;&nbsp;RemoteDataPrcess
</UL>

<P><STRONG><a name="[159]"></a>RemoteDataPrcess</STRONG> (Thumb, 208 bytes, Stack size 12 bytes, remote.o(.text))
<BR><BR>[Stack]<UL><LI>Max Depth = 28<LI>Call Chain = RemoteDataPrcess &rArr; keyborad_process &rArr; T_Key_procces
</UL>
<BR>[Calls]<UL><LI><a href="#[15a]">&gt;&gt;</a>&nbsp;&nbsp;&nbsp;SetInputMode
<LI><a href="#[15b]">&gt;&gt;</a>&nbsp;&nbsp;&nbsp;GetRemoteSwitchAction
<LI><a href="#[156]">&gt;&gt;</a>&nbsp;&nbsp;&nbsp;keyborad_process
</UL>
<BR>[Called By]<UL><LI><a href="#[3a]">&gt;&gt;</a>&nbsp;&nbsp;&nbsp;USART1_IRQHandler
</UL>

<P><STRONG><a name="[a0]"></a>uart_cha_task</STRONG> (Thumb, 108 bytes, Stack size 48 bytes, uart_cha_transmit.o(.text))
<BR><BR>[Stack]<UL><LI>Max Depth = 68<LI>Call Chain = uart_cha_task &rArr; USART2_dma_start &rArr; DMA_GetFlagStatus
</UL>
<BR>[Calls]<UL><LI><a href="#[15c]">&gt;&gt;</a>&nbsp;&nbsp;&nbsp;USART2_dma_start
</UL>
<BR>[Called By]<UL><LI><a href="#[9e]">&gt;&gt;</a>&nbsp;&nbsp;&nbsp;control_task
</UL>

<P><STRONG><a name="[264]"></a>SuperCap_message_Process</STRONG> (Thumb, 6 bytes, Stack size 0 bytes, uart_cha_transmit.o(.text), UNUSED)

<P><STRONG><a name="[15d]"></a>vision_process_general_message</STRONG> (Thumb, 702 bytes, Stack size 56 bytes, old_auto_shoot.o(.text))
<BR><BR>[Stack]<UL><LI>Max Depth = 912 + Unknown Stack Size
<LI>Call Chain = vision_process_general_message &rArr; host_to_device__frame__unpack &rArr; protobuf_c_message_unpack &rArr; parse_member &rArr; parse_oneof_member &rArr; parse_required_member &rArr;  protobuf_c_message_unpack (Cycle)
</UL>
<BR>[Calls]<UL><LI><a href="#[154]">&gt;&gt;</a>&nbsp;&nbsp;&nbsp;get_crc8
<LI><a href="#[143]">&gt;&gt;</a>&nbsp;&nbsp;&nbsp;host_to_device__frame__free_unpacked
<LI><a href="#[142]">&gt;&gt;</a>&nbsp;&nbsp;&nbsp;host_to_device__frame__unpack
<LI><a href="#[b9]">&gt;&gt;</a>&nbsp;&nbsp;&nbsp;__hardfp_fabs
<LI><a href="#[99]">&gt;&gt;</a>&nbsp;&nbsp;&nbsp;__aeabi_f2d
<LI><a href="#[9c]">&gt;&gt;</a>&nbsp;&nbsp;&nbsp;__aeabi_cdrcmple
</UL>
<BR>[Called By]<UL><LI><a href="#[49]">&gt;&gt;</a>&nbsp;&nbsp;&nbsp;UART4_IRQHandler
</UL>

<P><STRONG><a name="[a4]"></a>send_protocol</STRONG> (Thumb, 146 bytes, Stack size 32 bytes, old_auto_shoot.o(.text))
<BR><BR>[Stack]<UL><LI>Max Depth = 268 + Unknown Stack Size
<LI>Call Chain = send_protocol &rArr; device_to_host__frame__pack &rArr; protobuf_c_message_pack &rArr; repeated_field_pack &rArr; required_field_pack &rArr; sint64_pack &rArr; uint64_pack &rArr; uint32_pack
</UL>
<BR>[Calls]<UL><LI><a href="#[15e]">&gt;&gt;</a>&nbsp;&nbsp;&nbsp;Uart4SendBytesInfoProc
<LI><a href="#[150]">&gt;&gt;</a>&nbsp;&nbsp;&nbsp;Append_CRC8_Check_Sum
<LI><a href="#[135]">&gt;&gt;</a>&nbsp;&nbsp;&nbsp;device_to_host__frame__pack
<LI><a href="#[134]">&gt;&gt;</a>&nbsp;&nbsp;&nbsp;device_to_host__frame__get_packed_size
<LI><a href="#[6d]">&gt;&gt;</a>&nbsp;&nbsp;&nbsp;device_to_host__frame__init
</UL>
<BR>[Called By]<UL><LI><a href="#[9e]">&gt;&gt;</a>&nbsp;&nbsp;&nbsp;control_task
</UL>

<P><STRONG><a name="[15f]"></a>rotate_point</STRONG> (Thumb, 290 bytes, Stack size 80 bytes, client.o(.text), UNUSED)
<BR><BR>[Calls]<UL><LI><a href="#[b3]">&gt;&gt;</a>&nbsp;&nbsp;&nbsp;__aeabi_i2d
<LI><a href="#[bc]">&gt;&gt;</a>&nbsp;&nbsp;&nbsp;__aeabi_d2iz
<LI><a href="#[9d]">&gt;&gt;</a>&nbsp;&nbsp;&nbsp;__aeabi_dsub
<LI><a href="#[9a]">&gt;&gt;</a>&nbsp;&nbsp;&nbsp;__aeabi_dadd
<LI><a href="#[af]">&gt;&gt;</a>&nbsp;&nbsp;&nbsp;__hardfp_sin
<LI><a href="#[ab]">&gt;&gt;</a>&nbsp;&nbsp;&nbsp;__hardfp_cos
[...]
</UL>

<P><STRONG><a name="[112]"></a>count_packed_elements</STRONG> (Thumb, 126 bytes, Stack size 24 bytes, protobuf-c.o(.text))
<BR><BR>[Stack]<UL><LI>Max Depth = 32<LI>Call Chain = count_packed_elements &rArr; max_b128_numbers
</UL>
<BR>[Calls]<UL><LI><a href="#[113]">&gt;&gt;</a>&nbsp;&nbsp;&nbsp;max_b128_numbers
</UL>
<BR>[Called By]<UL><LI><a href="#[124]">&gt;&gt;</a>&nbsp;&nbsp;&nbsp;protobuf_c_message_unpack
</UL>

<P><STRONG><a name="[115]"></a>parse_uint32</STRONG> (Thumb, 62 bytes, Stack size 0 bytes, protobuf-c.o(.text))
<BR><BR>[Called By]<UL><LI><a href="#[11c]">&gt;&gt;</a>&nbsp;&nbsp;&nbsp;parse_int32
<LI><a href="#[119]">&gt;&gt;</a>&nbsp;&nbsp;&nbsp;parse_required_member
<LI><a href="#[11a]">&gt;&gt;</a>&nbsp;&nbsp;&nbsp;parse_packed_repeated_member
<LI><a href="#[114]">&gt;&gt;</a>&nbsp;&nbsp;&nbsp;parse_uint64
</UL>

<P><STRONG><a name="[114]"></a>parse_uint64</STRONG> (Thumb, 158 bytes, Stack size 40 bytes, protobuf-c.o(.text))
<BR><BR>[Stack]<UL><LI>Max Depth = 40<LI>Call Chain = parse_uint64
</UL>
<BR>[Calls]<UL><LI><a href="#[115]">&gt;&gt;</a>&nbsp;&nbsp;&nbsp;parse_uint32
<LI><a href="#[116]">&gt;&gt;</a>&nbsp;&nbsp;&nbsp;__aeabi_llsl
</UL>
<BR>[Called By]<UL><LI><a href="#[119]">&gt;&gt;</a>&nbsp;&nbsp;&nbsp;parse_required_member
<LI><a href="#[11a]">&gt;&gt;</a>&nbsp;&nbsp;&nbsp;parse_packed_repeated_member
</UL>

<P><STRONG><a name="[128]"></a>parse_boolean</STRONG> (Thumb, 30 bytes, Stack size 0 bytes, protobuf-c.o(.text))
<BR><BR>[Called By]<UL><LI><a href="#[119]">&gt;&gt;</a>&nbsp;&nbsp;&nbsp;parse_required_member
</UL>

<P><STRONG><a name="[118]"></a>parse_repeated_member</STRONG> (Thumb, 70 bytes, Stack size 40 bytes, protobuf-c.o(.text))
<BR><BR>[Stack]<UL><LI>Max Depth = 248 + Unknown Stack Size
<LI>Call Chain = parse_repeated_member &rArr; parse_required_member &rArr;  protobuf_c_message_unpack (Cycle)
</UL>
<BR>[Calls]<UL><LI><a href="#[119]">&gt;&gt;</a>&nbsp;&nbsp;&nbsp;parse_required_member
<LI><a href="#[fb]">&gt;&gt;</a>&nbsp;&nbsp;&nbsp;sizeof_elt_in_repeated_array
</UL>
<BR>[Called By]<UL><LI><a href="#[121]">&gt;&gt;</a>&nbsp;&nbsp;&nbsp;parse_member
</UL>

<P><STRONG><a name="[11b]"></a>scan_varint</STRONG> (Thumb, 44 bytes, Stack size 0 bytes, protobuf-c.o(.text))
<BR><BR>[Called By]<UL><LI><a href="#[11a]">&gt;&gt;</a>&nbsp;&nbsp;&nbsp;parse_packed_repeated_member
</UL>

<P><STRONG><a name="[11a]"></a>parse_packed_repeated_member</STRONG> (Thumb, 512 bytes, Stack size 64 bytes, protobuf-c.o(.text))
<BR><BR>[Stack]<UL><LI>Max Depth = 136 + Unknown Stack Size
<LI>Call Chain = parse_packed_repeated_member &rArr; sizeof_elt_in_repeated_array &rArr; __aeabi_assert &rArr; abort &rArr; __rt_SIGABRT &rArr; __rt_SIGABRT_inner &rArr; __default_signal_display &rArr; _ttywrch
</UL>
<BR>[Calls]<UL><LI><a href="#[11e]">&gt;&gt;</a>&nbsp;&nbsp;&nbsp;unzigzag64
<LI><a href="#[11d]">&gt;&gt;</a>&nbsp;&nbsp;&nbsp;unzigzag32
<LI><a href="#[11c]">&gt;&gt;</a>&nbsp;&nbsp;&nbsp;parse_int32
<LI><a href="#[11b]">&gt;&gt;</a>&nbsp;&nbsp;&nbsp;scan_varint
<LI><a href="#[114]">&gt;&gt;</a>&nbsp;&nbsp;&nbsp;parse_uint64
<LI><a href="#[115]">&gt;&gt;</a>&nbsp;&nbsp;&nbsp;parse_uint32
<LI><a href="#[fb]">&gt;&gt;</a>&nbsp;&nbsp;&nbsp;sizeof_elt_in_repeated_array
<LI><a href="#[dd]">&gt;&gt;</a>&nbsp;&nbsp;&nbsp;__aeabi_memcpy
<LI><a href="#[ee]">&gt;&gt;</a>&nbsp;&nbsp;&nbsp;__aeabi_assert
</UL>
<BR>[Called By]<UL><LI><a href="#[121]">&gt;&gt;</a>&nbsp;&nbsp;&nbsp;parse_member
</UL>

<P><STRONG><a name="[122]"></a>is_packable_type</STRONG> (Thumb, 22 bytes, Stack size 0 bytes, protobuf-c.o(.text))
<BR><BR>[Called By]<UL><LI><a href="#[124]">&gt;&gt;</a>&nbsp;&nbsp;&nbsp;protobuf_c_message_unpack
<LI><a href="#[121]">&gt;&gt;</a>&nbsp;&nbsp;&nbsp;parse_member
</UL>

<P><STRONG><a name="[11f]"></a>parse_optional_member</STRONG> (Thumb, 50 bytes, Stack size 24 bytes, protobuf-c.o(.text))
<BR><BR>[Stack]<UL><LI>Max Depth = 232 + Unknown Stack Size
<LI>Call Chain = parse_optional_member &rArr; parse_required_member &rArr;  protobuf_c_message_unpack (Cycle)
</UL>
<BR>[Calls]<UL><LI><a href="#[119]">&gt;&gt;</a>&nbsp;&nbsp;&nbsp;parse_required_member
</UL>
<BR>[Called By]<UL><LI><a href="#[121]">&gt;&gt;</a>&nbsp;&nbsp;&nbsp;parse_member
</UL>

<P><STRONG><a name="[120]"></a>parse_oneof_member</STRONG> (Thumb, 250 bytes, Stack size 48 bytes, protobuf-c.o(.text))
<BR><BR>[Stack]<UL><LI>Max Depth = 256 + Unknown Stack Size
<LI>Call Chain = parse_oneof_member &rArr; parse_required_member &rArr;  protobuf_c_message_unpack (Cycle)
</UL>
<BR>[Calls]<UL><LI><a href="#[117]">&gt;&gt;</a>&nbsp;&nbsp;&nbsp;protobuf_c_message_free_unpacked
<LI><a href="#[de]">&gt;&gt;</a>&nbsp;&nbsp;&nbsp;do_free
<LI><a href="#[119]">&gt;&gt;</a>&nbsp;&nbsp;&nbsp;parse_required_member
<LI><a href="#[110]">&gt;&gt;</a>&nbsp;&nbsp;&nbsp;int_range_lookup
<LI><a href="#[fb]">&gt;&gt;</a>&nbsp;&nbsp;&nbsp;sizeof_elt_in_repeated_array
<LI><a href="#[111]">&gt;&gt;</a>&nbsp;&nbsp;&nbsp;__aeabi_memclr
</UL>
<BR>[Called By]<UL><LI><a href="#[121]">&gt;&gt;</a>&nbsp;&nbsp;&nbsp;parse_member
</UL>

<P><STRONG><a name="[121]"></a>parse_member</STRONG> (Thumb, 208 bytes, Stack size 32 bytes, protobuf-c.o(.text))
<BR><BR>[Stack]<UL><LI>Max Depth = 288 + Unknown Stack Size
<LI>Call Chain = parse_member &rArr; parse_oneof_member &rArr; parse_required_member &rArr;  protobuf_c_message_unpack (Cycle)
</UL>
<BR>[Calls]<UL><LI><a href="#[dc]">&gt;&gt;</a>&nbsp;&nbsp;&nbsp;do_alloc
<LI><a href="#[119]">&gt;&gt;</a>&nbsp;&nbsp;&nbsp;parse_required_member
<LI><a href="#[120]">&gt;&gt;</a>&nbsp;&nbsp;&nbsp;parse_oneof_member
<LI><a href="#[11f]">&gt;&gt;</a>&nbsp;&nbsp;&nbsp;parse_optional_member
<LI><a href="#[122]">&gt;&gt;</a>&nbsp;&nbsp;&nbsp;is_packable_type
<LI><a href="#[11a]">&gt;&gt;</a>&nbsp;&nbsp;&nbsp;parse_packed_repeated_member
<LI><a href="#[118]">&gt;&gt;</a>&nbsp;&nbsp;&nbsp;parse_repeated_member
<LI><a href="#[dd]">&gt;&gt;</a>&nbsp;&nbsp;&nbsp;__aeabi_memcpy
<LI><a href="#[ee]">&gt;&gt;</a>&nbsp;&nbsp;&nbsp;__aeabi_assert
</UL>
<BR>[Called By]<UL><LI><a href="#[124]">&gt;&gt;</a>&nbsp;&nbsp;&nbsp;protobuf_c_message_unpack
</UL>

<P><STRONG><a name="[123]"></a>message_init_generic</STRONG> (Thumb, 210 bytes, Stack size 16 bytes, protobuf-c.o(.text))
<BR><BR>[Stack]<UL><LI>Max Depth = 20<LI>Call Chain = message_init_generic &rArr; __aeabi_memclr4
</UL>
<BR>[Calls]<UL><LI><a href="#[a8]">&gt;&gt;</a>&nbsp;&nbsp;&nbsp;__aeabi_memclr4
</UL>
<BR>[Called By]<UL><LI><a href="#[124]">&gt;&gt;</a>&nbsp;&nbsp;&nbsp;protobuf_c_message_unpack
</UL>

<P><STRONG><a name="[119]"></a>parse_required_member</STRONG> (Thumb, 648 bytes, Stack size 64 bytes, protobuf-c.o(.text))
<BR><BR>[Stack]<UL><LI>Max Depth = 208 + Unknown Stack Size
 + In Cycle
<LI>Call Chain = parse_required_member &rArr;  protobuf_c_message_unpack (Cycle)
</UL>
<BR>[Calls]<UL><LI><a href="#[124]">&gt;&gt;</a>&nbsp;&nbsp;&nbsp;protobuf_c_message_unpack
<LI><a href="#[117]">&gt;&gt;</a>&nbsp;&nbsp;&nbsp;protobuf_c_message_free_unpacked
<LI><a href="#[11e]">&gt;&gt;</a>&nbsp;&nbsp;&nbsp;unzigzag64
<LI><a href="#[11d]">&gt;&gt;</a>&nbsp;&nbsp;&nbsp;unzigzag32
<LI><a href="#[11c]">&gt;&gt;</a>&nbsp;&nbsp;&nbsp;parse_int32
<LI><a href="#[de]">&gt;&gt;</a>&nbsp;&nbsp;&nbsp;do_free
<LI><a href="#[dc]">&gt;&gt;</a>&nbsp;&nbsp;&nbsp;do_alloc
<LI><a href="#[128]">&gt;&gt;</a>&nbsp;&nbsp;&nbsp;parse_boolean
<LI><a href="#[114]">&gt;&gt;</a>&nbsp;&nbsp;&nbsp;parse_uint64
<LI><a href="#[115]">&gt;&gt;</a>&nbsp;&nbsp;&nbsp;parse_uint32
<LI><a href="#[10f]">&gt;&gt;</a>&nbsp;&nbsp;&nbsp;merge_messages
<LI><a href="#[dd]">&gt;&gt;</a>&nbsp;&nbsp;&nbsp;__aeabi_memcpy
</UL>
<BR>[Called By]<UL><LI><a href="#[121]">&gt;&gt;</a>&nbsp;&nbsp;&nbsp;parse_member
<LI><a href="#[120]">&gt;&gt;</a>&nbsp;&nbsp;&nbsp;parse_oneof_member
<LI><a href="#[11f]">&gt;&gt;</a>&nbsp;&nbsp;&nbsp;parse_optional_member
<LI><a href="#[118]">&gt;&gt;</a>&nbsp;&nbsp;&nbsp;parse_repeated_member
</UL>

<P><STRONG><a name="[dc]"></a>do_alloc</STRONG> (Thumb, 16 bytes, Stack size 16 bytes, protobuf-c.o(.text))
<BR><BR>[Stack]<UL><LI>Max Depth = 16<LI>Call Chain = do_alloc
</UL>
<BR>[Called By]<UL><LI><a href="#[124]">&gt;&gt;</a>&nbsp;&nbsp;&nbsp;protobuf_c_message_unpack
<LI><a href="#[6c]">&gt;&gt;</a>&nbsp;&nbsp;&nbsp;protobuf_c_buffer_simple_append
<LI><a href="#[119]">&gt;&gt;</a>&nbsp;&nbsp;&nbsp;parse_required_member
<LI><a href="#[121]">&gt;&gt;</a>&nbsp;&nbsp;&nbsp;parse_member
<LI><a href="#[10f]">&gt;&gt;</a>&nbsp;&nbsp;&nbsp;merge_messages
</UL>

<P><STRONG><a name="[de]"></a>do_free</STRONG> (Thumb, 140 bytes, Stack size 16 bytes, protobuf-c.o(.text))
<BR><BR>[Stack]<UL><LI>Max Depth = 16<LI>Call Chain = do_free
</UL>
<BR>[Called By]<UL><LI><a href="#[124]">&gt;&gt;</a>&nbsp;&nbsp;&nbsp;protobuf_c_message_unpack
<LI><a href="#[117]">&gt;&gt;</a>&nbsp;&nbsp;&nbsp;protobuf_c_message_free_unpacked
<LI><a href="#[6c]">&gt;&gt;</a>&nbsp;&nbsp;&nbsp;protobuf_c_buffer_simple_append
<LI><a href="#[119]">&gt;&gt;</a>&nbsp;&nbsp;&nbsp;parse_required_member
<LI><a href="#[120]">&gt;&gt;</a>&nbsp;&nbsp;&nbsp;parse_oneof_member
<LI><a href="#[10f]">&gt;&gt;</a>&nbsp;&nbsp;&nbsp;merge_messages
</UL>

<P><STRONG><a name="[e3]"></a>sint32_size</STRONG> (Thumb, 18 bytes, Stack size 16 bytes, protobuf-c.o(.text))
<BR><BR>[Stack]<UL><LI>Max Depth = 16<LI>Call Chain = sint32_size
</UL>
<BR>[Calls]<UL><LI><a href="#[132]">&gt;&gt;</a>&nbsp;&nbsp;&nbsp;zigzag32
<LI><a href="#[e0]">&gt;&gt;</a>&nbsp;&nbsp;&nbsp;uint32_size
</UL>
<BR>[Called By]<UL><LI><a href="#[107]">&gt;&gt;</a>&nbsp;&nbsp;&nbsp;get_packed_payload_length
<LI><a href="#[eb]">&gt;&gt;</a>&nbsp;&nbsp;&nbsp;required_field_get_packed_size
<LI><a href="#[e1]">&gt;&gt;</a>&nbsp;&nbsp;&nbsp;repeated_field_get_packed_size
</UL>

<P><STRONG><a name="[e5]"></a>sint64_size</STRONG> (Thumb, 26 bytes, Stack size 24 bytes, protobuf-c.o(.text))
<BR><BR>[Stack]<UL><LI>Max Depth = 40<LI>Call Chain = sint64_size &rArr; uint64_size
</UL>
<BR>[Calls]<UL><LI><a href="#[133]">&gt;&gt;</a>&nbsp;&nbsp;&nbsp;zigzag64
<LI><a href="#[df]">&gt;&gt;</a>&nbsp;&nbsp;&nbsp;uint64_size
</UL>
<BR>[Called By]<UL><LI><a href="#[107]">&gt;&gt;</a>&nbsp;&nbsp;&nbsp;get_packed_payload_length
<LI><a href="#[eb]">&gt;&gt;</a>&nbsp;&nbsp;&nbsp;required_field_get_packed_size
<LI><a href="#[e1]">&gt;&gt;</a>&nbsp;&nbsp;&nbsp;repeated_field_get_packed_size
</UL>

<P><STRONG><a name="[f5]"></a>sint32_pack</STRONG> (Thumb, 22 bytes, Stack size 16 bytes, protobuf-c.o(.text))
<BR><BR>[Stack]<UL><LI>Max Depth = 28<LI>Call Chain = sint32_pack &rArr; uint32_pack
</UL>
<BR>[Calls]<UL><LI><a href="#[132]">&gt;&gt;</a>&nbsp;&nbsp;&nbsp;zigzag32
<LI><a href="#[f0]">&gt;&gt;</a>&nbsp;&nbsp;&nbsp;uint32_pack
</UL>
<BR>[Called By]<UL><LI><a href="#[109]">&gt;&gt;</a>&nbsp;&nbsp;&nbsp;required_field_pack_to_buffer
<LI><a href="#[106]">&gt;&gt;</a>&nbsp;&nbsp;&nbsp;pack_buffer_packed_payload
<LI><a href="#[fe]">&gt;&gt;</a>&nbsp;&nbsp;&nbsp;repeated_field_pack
<LI><a href="#[f4]">&gt;&gt;</a>&nbsp;&nbsp;&nbsp;required_field_pack
</UL>

<P><STRONG><a name="[f6]"></a>sint64_pack</STRONG> (Thumb, 30 bytes, Stack size 24 bytes, protobuf-c.o(.text))
<BR><BR>[Stack]<UL><LI>Max Depth = 68<LI>Call Chain = sint64_pack &rArr; uint64_pack &rArr; uint32_pack
</UL>
<BR>[Calls]<UL><LI><a href="#[133]">&gt;&gt;</a>&nbsp;&nbsp;&nbsp;zigzag64
<LI><a href="#[f1]">&gt;&gt;</a>&nbsp;&nbsp;&nbsp;uint64_pack
</UL>
<BR>[Called By]<UL><LI><a href="#[109]">&gt;&gt;</a>&nbsp;&nbsp;&nbsp;required_field_pack_to_buffer
<LI><a href="#[106]">&gt;&gt;</a>&nbsp;&nbsp;&nbsp;pack_buffer_packed_payload
<LI><a href="#[fe]">&gt;&gt;</a>&nbsp;&nbsp;&nbsp;repeated_field_pack
<LI><a href="#[f4]">&gt;&gt;</a>&nbsp;&nbsp;&nbsp;required_field_pack
</UL>

<P><STRONG><a name="[f7]"></a>fixed32_pack</STRONG> (Thumb, 8 bytes, Stack size 0 bytes, protobuf-c.o(.text))
<BR><BR>[Called By]<UL><LI><a href="#[109]">&gt;&gt;</a>&nbsp;&nbsp;&nbsp;required_field_pack_to_buffer
<LI><a href="#[f4]">&gt;&gt;</a>&nbsp;&nbsp;&nbsp;required_field_pack
</UL>

<P><STRONG><a name="[f8]"></a>fixed64_pack</STRONG> (Thumb, 14 bytes, Stack size 16 bytes, protobuf-c.o(.text))
<BR><BR>[Stack]<UL><LI>Max Depth = 16<LI>Call Chain = fixed64_pack
</UL>
<BR>[Called By]<UL><LI><a href="#[109]">&gt;&gt;</a>&nbsp;&nbsp;&nbsp;required_field_pack_to_buffer
<LI><a href="#[f4]">&gt;&gt;</a>&nbsp;&nbsp;&nbsp;required_field_pack
</UL>

<P><STRONG><a name="[f9]"></a>boolean_pack</STRONG> (Thumb, 16 bytes, Stack size 0 bytes, protobuf-c.o(.text))
<BR><BR>[Called By]<UL><LI><a href="#[109]">&gt;&gt;</a>&nbsp;&nbsp;&nbsp;required_field_pack_to_buffer
<LI><a href="#[106]">&gt;&gt;</a>&nbsp;&nbsp;&nbsp;pack_buffer_packed_payload
<LI><a href="#[fe]">&gt;&gt;</a>&nbsp;&nbsp;&nbsp;repeated_field_pack
<LI><a href="#[f4]">&gt;&gt;</a>&nbsp;&nbsp;&nbsp;required_field_pack
</UL>

<P><STRONG><a name="[127]"></a>scan_length_prefixed_data</STRONG> (Thumb, 94 bytes, Stack size 20 bytes, protobuf-c.o(.text))
<BR><BR>[Stack]<UL><LI>Max Depth = 20<LI>Call Chain = scan_length_prefixed_data
</UL>
<BR>[Called By]<UL><LI><a href="#[124]">&gt;&gt;</a>&nbsp;&nbsp;&nbsp;protobuf_c_message_unpack
</UL>

<P><STRONG><a name="[11c]"></a>parse_int32</STRONG> (Thumb, 16 bytes, Stack size 16 bytes, protobuf-c.o(.text))
<BR><BR>[Stack]<UL><LI>Max Depth = 16<LI>Call Chain = parse_int32
</UL>
<BR>[Calls]<UL><LI><a href="#[115]">&gt;&gt;</a>&nbsp;&nbsp;&nbsp;parse_uint32
</UL>
<BR>[Called By]<UL><LI><a href="#[119]">&gt;&gt;</a>&nbsp;&nbsp;&nbsp;parse_required_member
<LI><a href="#[11a]">&gt;&gt;</a>&nbsp;&nbsp;&nbsp;parse_packed_repeated_member
</UL>

<P><STRONG><a name="[11d]"></a>unzigzag32</STRONG> (Thumb, 16 bytes, Stack size 0 bytes, protobuf-c.o(.text))
<BR><BR>[Called By]<UL><LI><a href="#[119]">&gt;&gt;</a>&nbsp;&nbsp;&nbsp;parse_required_member
<LI><a href="#[11a]">&gt;&gt;</a>&nbsp;&nbsp;&nbsp;parse_packed_repeated_member
</UL>

<P><STRONG><a name="[11e]"></a>unzigzag64</STRONG> (Thumb, 54 bytes, Stack size 20 bytes, protobuf-c.o(.text))
<BR><BR>[Stack]<UL><LI>Max Depth = 20<LI>Call Chain = unzigzag64
</UL>
<BR>[Called By]<UL><LI><a href="#[119]">&gt;&gt;</a>&nbsp;&nbsp;&nbsp;parse_required_member
<LI><a href="#[11a]">&gt;&gt;</a>&nbsp;&nbsp;&nbsp;parse_packed_repeated_member
</UL>

<P><STRONG><a name="[132]"></a>zigzag32</STRONG> (Thumb, 10 bytes, Stack size 0 bytes, protobuf-c.o(.text))
<BR><BR>[Called By]<UL><LI><a href="#[f5]">&gt;&gt;</a>&nbsp;&nbsp;&nbsp;sint32_pack
<LI><a href="#[e3]">&gt;&gt;</a>&nbsp;&nbsp;&nbsp;sint32_size
</UL>

<P><STRONG><a name="[133]"></a>zigzag64</STRONG> (Thumb, 24 bytes, Stack size 12 bytes, protobuf-c.o(.text))
<BR><BR>[Stack]<UL><LI>Max Depth = 12<LI>Call Chain = zigzag64
</UL>
<BR>[Called By]<UL><LI><a href="#[f6]">&gt;&gt;</a>&nbsp;&nbsp;&nbsp;sint64_pack
<LI><a href="#[e5]">&gt;&gt;</a>&nbsp;&nbsp;&nbsp;sint64_size
</UL>

<P><STRONG><a name="[14d]"></a>crc16_update</STRONG> (Thumb, 60 bytes, Stack size 20 bytes, hi220.o(.text))
<BR><BR>[Stack]<UL><LI>Max Depth = 20<LI>Call Chain = crc16_update
</UL>
<BR>[Called By]<UL><LI><a href="#[14b]">&gt;&gt;</a>&nbsp;&nbsp;&nbsp;HI220_getDATA
</UL>

<P><STRONG><a name="[197]"></a>CheckITStatus</STRONG> (Thumb, 18 bytes, Stack size 0 bytes, stm32f4xx_can.o(.text))
<BR><BR>[Called By]<UL><LI><a href="#[16c]">&gt;&gt;</a>&nbsp;&nbsp;&nbsp;CAN_GetITStatus
</UL>

<P><STRONG><a name="[1a5]"></a>TI4_Config</STRONG> (Thumb, 80 bytes, Stack size 20 bytes, stm32f4xx_tim.o(.text), UNUSED)
<BR><BR>[Called By]<UL><LI><a href="#[19e]">&gt;&gt;</a>&nbsp;&nbsp;&nbsp;TIM_ICInit
</UL>

<P><STRONG><a name="[1a3]"></a>TI3_Config</STRONG> (Thumb, 72 bytes, Stack size 20 bytes, stm32f4xx_tim.o(.text), UNUSED)
<BR><BR>[Called By]<UL><LI><a href="#[19e]">&gt;&gt;</a>&nbsp;&nbsp;&nbsp;TIM_ICInit
</UL>

<P><STRONG><a name="[1a1]"></a>TI2_Config</STRONG> (Thumb, 90 bytes, Stack size 20 bytes, stm32f4xx_tim.o(.text), UNUSED)
<BR><BR>[Called By]<UL><LI><a href="#[1aa]">&gt;&gt;</a>&nbsp;&nbsp;&nbsp;TIM_TIxExternalClockConfig
<LI><a href="#[1a7]">&gt;&gt;</a>&nbsp;&nbsp;&nbsp;TIM_PWMIConfig
<LI><a href="#[19e]">&gt;&gt;</a>&nbsp;&nbsp;&nbsp;TIM_ICInit
</UL>

<P><STRONG><a name="[19f]"></a>TI1_Config</STRONG> (Thumb, 58 bytes, Stack size 20 bytes, stm32f4xx_tim.o(.text), UNUSED)
<BR><BR>[Called By]<UL><LI><a href="#[1aa]">&gt;&gt;</a>&nbsp;&nbsp;&nbsp;TIM_TIxExternalClockConfig
<LI><a href="#[1a7]">&gt;&gt;</a>&nbsp;&nbsp;&nbsp;TIM_PWMIConfig
<LI><a href="#[19e]">&gt;&gt;</a>&nbsp;&nbsp;&nbsp;TIM_ICInit
</UL>

<P><STRONG><a name="[1cb]"></a>arm_bitonic_sort_core_f32</STRONG> (Thumb, 170 bytes, Stack size 20 bytes, supportfunctions.o(.text), UNUSED)
<BR><BR>[Called By]<UL><LI><a href="#[1ca]">&gt;&gt;</a>&nbsp;&nbsp;&nbsp;arm_bitonic_sort_f32
</UL>

<P><STRONG><a name="[1cd]"></a>arm_heapify</STRONG> (Thumb, 170 bytes, Stack size 40 bytes, supportfunctions.o(.text), UNUSED)
<BR><BR>[Calls]<UL><LI><a href="#[1cd]">&gt;&gt;</a>&nbsp;&nbsp;&nbsp;arm_heapify
</UL>
<BR>[Called By]<UL><LI><a href="#[1ce]">&gt;&gt;</a>&nbsp;&nbsp;&nbsp;arm_heap_sort_f32
<LI><a href="#[1cd]">&gt;&gt;</a>&nbsp;&nbsp;&nbsp;arm_heapify
</UL>

<P><STRONG><a name="[1d1]"></a>topDownMerge</STRONG> (Thumb, 118 bytes, Stack size 24 bytes, supportfunctions.o(.text), UNUSED)
<BR><BR>[Called By]<UL><LI><a href="#[1d0]">&gt;&gt;</a>&nbsp;&nbsp;&nbsp;arm_merge_sort_core_f32
</UL>

<P><STRONG><a name="[1d0]"></a>arm_merge_sort_core_f32</STRONG> (Thumb, 76 bytes, Stack size 40 bytes, supportfunctions.o(.text), UNUSED)
<BR><BR>[Calls]<UL><LI><a href="#[1d0]">&gt;&gt;</a>&nbsp;&nbsp;&nbsp;arm_merge_sort_core_f32
<LI><a href="#[1d1]">&gt;&gt;</a>&nbsp;&nbsp;&nbsp;topDownMerge
</UL>
<BR>[Called By]<UL><LI><a href="#[1d2]">&gt;&gt;</a>&nbsp;&nbsp;&nbsp;arm_merge_sort_f32
<LI><a href="#[1d0]">&gt;&gt;</a>&nbsp;&nbsp;&nbsp;arm_merge_sort_core_f32
</UL>

<P><STRONG><a name="[1d4]"></a>arm_quick_sort_partition_f32</STRONG> (Thumb, 168 bytes, Stack size 20 bytes, supportfunctions.o(.text), UNUSED)
<BR><BR>[Called By]<UL><LI><a href="#[1d3]">&gt;&gt;</a>&nbsp;&nbsp;&nbsp;arm_quick_sort_core_f32
</UL>

<P><STRONG><a name="[1d3]"></a>arm_quick_sort_core_f32</STRONG> (Thumb, 60 bytes, Stack size 24 bytes, supportfunctions.o(.text), UNUSED)
<BR><BR>[Calls]<UL><LI><a href="#[1d3]">&gt;&gt;</a>&nbsp;&nbsp;&nbsp;arm_quick_sort_core_f32
<LI><a href="#[1d4]">&gt;&gt;</a>&nbsp;&nbsp;&nbsp;arm_quick_sort_partition_f32
</UL>
<BR>[Called By]<UL><LI><a href="#[1d3]">&gt;&gt;</a>&nbsp;&nbsp;&nbsp;arm_quick_sort_core_f32
<LI><a href="#[1d5]">&gt;&gt;</a>&nbsp;&nbsp;&nbsp;arm_quick_sort_f32
</UL>

<P><STRONG><a name="[230]"></a>_dadd1</STRONG> (Thumb, 0 bytes, Stack size unknown bytes, daddsub_clz.o(x$fpl$dadd), UNUSED)
<BR><BR>[Called By]<UL><LI><a href="#[231]">&gt;&gt;</a>&nbsp;&nbsp;&nbsp;_dsub
<LI><a href="#[22f]">&gt;&gt;</a>&nbsp;&nbsp;&nbsp;_drsb
</UL>

<P><STRONG><a name="[222]"></a>_dsub1</STRONG> (Thumb, 0 bytes, Stack size unknown bytes, daddsub_clz.o(x$fpl$dsub), UNUSED)
<BR><BR>[Called By]<UL><LI><a href="#[22f]">&gt;&gt;</a>&nbsp;&nbsp;&nbsp;_drsb
<LI><a href="#[221]">&gt;&gt;</a>&nbsp;&nbsp;&nbsp;_dadd
</UL>

<P><STRONG><a name="[1f6]"></a>_fp_digits</STRONG> (Thumb, 432 bytes, Stack size 96 bytes, _printf_fp_dec.o(.text))
<BR><BR>[Stack]<UL><LI>Max Depth = 220<LI>Call Chain = _fp_digits &rArr; _btod_etento &rArr; _btod_emul &rArr; _e2e
</UL>
<BR>[Calls]<UL><LI><a href="#[1fa]">&gt;&gt;</a>&nbsp;&nbsp;&nbsp;_btod_emul
<LI><a href="#[1f9]">&gt;&gt;</a>&nbsp;&nbsp;&nbsp;_btod_ediv
<LI><a href="#[1f8]">&gt;&gt;</a>&nbsp;&nbsp;&nbsp;_btod_d2e
<LI><a href="#[1f7]">&gt;&gt;</a>&nbsp;&nbsp;&nbsp;_btod_etento
<LI><a href="#[1fb]">&gt;&gt;</a>&nbsp;&nbsp;&nbsp;_ll_udiv10
</UL>
<BR>[Called By]<UL><LI><a href="#[1fc]">&gt;&gt;</a>&nbsp;&nbsp;&nbsp;_printf_fp_dec_real
</UL>

<P><STRONG><a name="[6b]"></a>_printf_input_char</STRONG> (Thumb, 10 bytes, Stack size 0 bytes, _printf_char_common.o(.text))
<BR>[Address Reference Count : 1]<UL><LI> _printf_char_common.o(.text)
</UL><P>
<H3>
Undefined Global Symbols
</H3><HR></body></html>
