Component: ARM Compiler 5.06 update 7 (build 960) Tool: armlink [4d3601]

==============================================================================

Section Cross References

    main.o(.text) refers to bsp.o(.text) for BSP_Init
    main.o(.text) refers to control_task.o(.text) for control_task_init
    main.o(.text) refers to main.o(.data) for i
    system_stm32f4xx.o(.text) refers to system_stm32f4xx.o(.data) for SystemCoreClock
    bsp.o(.text) refers to misc.o(.text) for NVIC_PriorityGroupConfig
    bsp.o(.text) refers to led.o(.text) for LED_Init
    bsp.o(.text) refers to usart.o(.text) for usart1_init
    bsp.o(.text) refers to can.o(.text) for CAN1_Mode_Init
    bsp.o(.text) refers to timer.o(.text) for TIM2_Configuration
    control_task.o(.text) refers to chassis_task.o(.text) for chassis_task
    control_task.o(.text) refers to dji_motor.o(.text) for Set_GM6020_IQ1
    control_task.o(.text) refers to supercap.o(.text) for POWER_Control
    control_task.o(.text) refers to uart_cha_transmit.o(.text) for Uart_down_to_up_send
    control_task.o(.text) refers to stm32f4xx_gpio.o(.text) for GPIO_ResetBits
    control_task.o(.text) refers to control_task.o(.data) for time_tick
    control_task.o(.text) refers to chassis_task.o(.bss) for chassis
    control_task.o(.text) refers to supercap.o(.data) for Super_Cap_Send
    control_task.o(.text) refers to uart_cha_transmit.o(.data) for uart_cap_down_data
    chassis_task.o(.text) refers to memseta.o(.text) for __aeabi_memclr4
    chassis_task.o(.text) refers to oldpid.o(.text) for PID_struct_init
    chassis_task.o(.text) refers to chassis_task.o(.bss) for chassis
    chassis_task.o(.text) refers to oldpid.o(.bss) for pid_cha_6020_angle
    chassis_task.o(.text) refers to chassis_task.o(.data) for max_power
    chassis_task.o(.text) refers to f2d.o(.text) for __aeabi_f2d
    chassis_task.o(.text) refers to dadd.o(.text) for __aeabi_dadd
    chassis_task.o(.text) refers to sqrt.o(i.__hardfp_sqrt) for __hardfp_sqrt
    chassis_task.o(.text) refers to d2f.o(.text) for __aeabi_d2f
    chassis_task.o(.text) refers to ddiv.o(.text) for __aeabi_ddiv
    chassis_task.o(.text) refers to dmul.o(.text) for __aeabi_dmul
    chassis_task.o(.text) refers to fmod.o(i.__hardfp_fmod) for __hardfp_fmod
    chassis_task.o(.text) refers to supercap.o(.bss) for usart_capacitance_message
    chassis_task.o(.text) refers to uart_cha_transmit.o(.bss) for uart_cha_data
    chassis_task.o(.text) refers to dflti.o(.text) for __aeabi_i2d
    chassis_task.o(.text) refers to cos.o(i.__hardfp_cos) for __hardfp_cos
    chassis_task.o(.text) refers to sin.o(i.__hardfp_sin) for __hardfp_sin
    chassis_task.o(.text) refers to atan2.o(i.__hardfp_atan2) for __hardfp_atan2
    chassis_task.o(.text) refers to cosf.o(i.__hardfp_cosf) for __hardfp_cosf
    chassis_task.o(.text) refers to sinf.o(i.__hardfp_sinf) for __hardfp_sinf
    chassis_task.o(.text) refers to dfixi.o(.text) for __aeabi_d2iz
    chassis_task.o(.text) refers to fabs.o(i.__hardfp_fabs) for __hardfp_fabs
    chassis_task.o(.text) refers to senior.o(.bss) for steering_wheel_chassis
    chassis_task.o(.text) refers to cdcmple.o(.text) for __aeabi_cdcmple
    oldpid.o(.text) refers to f2d.o(.text) for __aeabi_f2d
    oldpid.o(.text) refers to fabs.o(i.__hardfp_fabs) for __hardfp_fabs
    oldpid.o(.text) refers to cdcmple.o(.text) for __aeabi_cdcmple
    oldpid.o(.text) refers to cdrcmple.o(.text) for __aeabi_cdrcmple
    canbus.o(.text) refers to supercap.o(.text) for Can_SuperCap_message_Process
    canbus.o(.text) refers to dji_motor.o(.text) for GM6020EncoderTask
    canbus.o(.text) refers to supercap.o(.bss) for can_capacitance_message
    canbus.o(.text) refers to canbus.o(.bss) for cnt
    canbus.o(.text) refers to senior.o(.bss) for steering_wheel_chassis
    ch100.o(.text) refers to memmovea.o(.text) for __aeabi_memcpy
    ch100.o(.text) refers to ch100.o(.bss) for dat
    ch100.o(.text) refers to ch100.o(.data) for Yaw_temp1
    dji_motor.o(.text) refers to f2d.o(.text) for __aeabi_f2d
    dji_motor.o(.text) refers to stm32f4xx_can.o(.text) for CAN_Transmit
    dji_motor.o(.text) refers to dji_motor.o(.data) for TMNE_time
    hi220.o(.text) refers to strstr.o(.text) for strstr
    hi220.o(.text) refers to hi220.o(.data) for Hi220_Flags
    hi220.o(.text) refers to hi220.o(.bss) for HI220_Data_From_Usart
    ht430.o(.text) refers to dfltui.o(.text) for __aeabi_ui2d
    ht430.o(.text) refers to dmul.o(.text) for __aeabi_dmul
    ht430.o(.text) refers to dfixui.o(.text) for __aeabi_d2uiz
    ht430.o(.text) refers to dflti.o(.text) for __aeabi_i2d
    ht430.o(.text) refers to stm32f4xx_can.o(.text) for CAN_Transmit
    judge.o(.text) refers to memmovea.o(.text) for __aeabi_memcpy
    judge.o(.text) refers to judge.o(.constdata) for CRC8_TAB
    judge.o(.text) refers to judge.o(.data) for CRC_INIT
    judge.o(.text) refers to judge.o(.bss) for judge_rece_mesg
    auto_shoot.o(.text) refers to judge.o(.text) for get_crc8
[...]
    K_S                                      0x200000cc   Data          16  chassis_task.o(.data)
    .data                                    0x200000dc   Section        8  dji_motor.o(.data)
    TMNE_time                                0x200000dc   Data           4  dji_motor.o(.data)
    TMNE_time                                0x200000e0   Data           4  dji_motor.o(.data)
    .data                                    0x200000e4   Section       44  hi220.o(.data)
    Hi220_Flags                              0x200000e4   Data           2  hi220.o(.data)
    p2                                       0x200000e8   Data           4  hi220.o(.data)
    Last_yaw_temp                            0x200000ec   Data           4  hi220.o(.data)
    Yaw_temp                                 0x200000f0   Data           4  hi220.o(.data)
    Last_pitch_temp                          0x200000f4   Data           4  hi220.o(.data)
    Pitch_temp                               0x200000f8   Data           4  hi220.o(.data)
    Last_roll_temp                           0x200000fc   Data           4  hi220.o(.data)
    Roll_temp                                0x20000100   Data           4  hi220.o(.data)
    Yaw_count                                0x20000104   Data           4  hi220.o(.data)
    Pitch_count                              0x20000108   Data           4  hi220.o(.data)
    Roll_count                               0x2000010c   Data           4  hi220.o(.data)
    .data                                    0x20000110   Section        2  judge.o(.data)
    .data                                    0x20000112   Section       32  remote.o(.data)
    .data                                    0x20000132   Section        4  uart_cha_transmit.o(.data)
    .data                                    0x20000136   Section        5  supercap.o(.data)
    .data                                    0x2000013c   Section       12  usart.o(.data)
    this_time_rx_len1                        0x2000013c   Data           4  usart.o(.data)
    this_time_rx_len5                        0x20000140   Data           4  usart.o(.data)
    this_time_rx_len6                        0x20000144   Data           4  usart.o(.data)
    .data                                    0x20000148   Section       16  stm32f4xx_rcc.o(.data)
    APBAHBPrescTable                         0x20000148   Data          16  stm32f4xx_rcc.o(.data)
    .data                                    0x20000158   Section        4  errno.o(.data)
    _errno                                   0x20000158   Data           4  errno.o(.data)
    .bss                                     0x20000160   Section      664  chassis_task.o(.bss)
    Heading_Angle_Medium                     0x200003a8   Data          16  chassis_task.o(.bss)
    Heading_Speed_Medium                     0x200003b8   Data          16  chassis_task.o(.bss)
    V_x_Medium                               0x200003c8   Data          16  chassis_task.o(.bss)
    V_y_Medium                               0x200003d8   Data          16  chassis_task.o(.bss)
    K_A                                      0x200003e8   Data          16  chassis_task.o(.bss)
    .bss                                     0x200003f8   Section     5244  oldpid.o(.bss)
    .bss                                     0x20001878   Section     2360  senior.o(.bss)
    .bss                                     0x200021b0   Section       16  canbus.o(.bss)
    .bss                                     0x200021c0   Section       72  hi220.o(.bss)
    HI220_Data_From_Usart                    0x200021c0   Data          72  hi220.o(.bss)
    .bss                                     0x20002208   Section      198  judge.o(.bss)
    .bss                                     0x200022ce   Section       72  remote.o(.bss)
    .bss                                     0x20002316   Section       50  uart_cha_transmit.o(.bss)
    .bss                                     0x20002348   Section      184  supercap.o(.bss)
    .bss                                     0x20002400   Section     1834  usart.o(.bss)
    _USART1_DMA_RX_BUF                       0x20002800   Data         128  usart.o(.bss)
    _USART2_DMA_RX_BUF                       0x20002880   Data          32  usart.o(.bss)
    _UART4_DMA_RX_BUF                        0x20002904   Data         100  usart.o(.bss)
    _USART6_DMA_RX_BUF                       0x20002968   Data         100  usart.o(.bss)
    STACK                                    0x20002b30   Section     1024  startup_stm32f40_41xxx.o(STACK)

    Global Symbols

    Symbol Name                              Value     Ov Type        Size  Object(Section)

    BuildAttributes$$THM_ISAv4$E$P$D$K$B$S$7EM$VFPi3$EXTD16$VFPS$VFMA$PE$A:L22UL41UL21$X:L11$S22US41US21$IEEE1$IW$USESV6$~STKCKD$USESV7$~SHL$OTIME$ROPI$IEEEX$EBA8$MICROLIB$REQ8$PRES8$EABIv2 0x00000000   Number         0  anon$$obj.o ABSOLUTE
    __ARM_use_no_argv                        0x00000000   Number         0  main.o ABSOLUTE
    __arm_fini_                               - Undefined Weak Reference
    __cpp_initialize__aeabi_                  - Undefined Weak Reference
    __cxa_finalize                            - Undefined Weak Reference
    _clock_init                               - Undefined Weak Reference
    _microlib_exit                            - Undefined Weak Reference
    __Vectors_Size                           0x00000188   Number         0  startup_stm32f40_41xxx.o ABSOLUTE
    __Vectors                                0x08000000   Data           4  startup_stm32f40_41xxx.o(RESET)
    __Vectors_End                            0x08000188   Data           0  startup_stm32f40_41xxx.o(RESET)
    __main                                   0x08000189   Thumb Code     0  entry.o(.ARM.Collect$$$$00000000)
    _main_stk                                0x08000189   Thumb Code     0  entry2.o(.ARM.Collect$$$$00000001)
    _main_scatterload                        0x0800018d   Thumb Code     0  entry5.o(.ARM.Collect$$$$00000004)
    __main_after_scatterload                 0x08000191   Thumb Code     0  entry5.o(.ARM.Collect$$$$00000004)
    _main_clock                              0x08000191   Thumb Code     0  entry7b.o(.ARM.Collect$$$$00000008)
    _main_cpp_init                           0x08000191   Thumb Code     0  entry8b.o(.ARM.Collect$$$$0000000A)
    _main_init                               0x08000191   Thumb Code     0  entry9a.o(.ARM.Collect$$$$0000000B)
    __rt_lib_shutdown_fini                   0x08000199   Thumb Code     0  entry12b.o(.ARM.Collect$$$$0000000E)
    __rt_final_cpp                           0x0800019d   Thumb Code     0  entry10a.o(.ARM.Collect$$$$0000000F)
    __rt_final_exit                          0x0800019d   Thumb Code     0  entry11a.o(.ARM.Collect$$$$00000011)
    main                                     0x080001a1   Thumb Code    22  main.o(.text)
    NMI_Handler                              0x080001bd   Thumb Code     2  stm32f4xx_it.o(.text)
    HardFault_Handler                        0x080001bf   Thumb Code     4  stm32f4xx_it.o(.text)
    MemManage_Handler                        0x080001c3   Thumb Code     4  stm32f4xx_it.o(.text)
    BusFault_Handler                         0x080001c7   Thumb Code     4  stm32f4xx_it.o(.text)
    UsageFault_Handler                       0x080001cb   Thumb Code     4  stm32f4xx_it.o(.text)
    SVC_Handler                              0x080001cf   Thumb Code     2  stm32f4xx_it.o(.text)
    DebugMon_Handler                         0x080001d1   Thumb Code     2  stm32f4xx_it.o(.text)
    PendSV_Handler                           0x080001d3   Thumb Code     2  stm32f4xx_it.o(.text)
    SysTick_Handler                          0x080001d5   Thumb Code     2  stm32f4xx_it.o(.text)
    SystemInit                               0x080002b5   Thumb Code    88  system_stm32f4xx.o(.text)
    SystemCoreClockUpdate                    0x0800030d   Thumb Code   174  system_stm32f4xx.o(.text)
    BSP_Init                                 0x080003e9   Thumb Code   110  bsp.o(.text)
    control_task                             0x0800045d   Thumb Code   232  control_task.o(.text)
    control_task_init                        0x08000545   Thumb Code    14  control_task.o(.text)
    chassis_param_init                       0x08000571   Thumb Code   328  chassis_task.o(.text)
    get_max_power2                           0x080006b9   Thumb Code   106  chassis_task.o(.text)
    get_6020power                            0x08000a85   Thumb Code  1150  chassis_task.o(.text)
    power_limit_handle                       0x08000f03   Thumb Code   188  chassis_task.o(.text)
    limit_angle_to_0_2pi                     0x08000fbf   Thumb Code    52  chassis_task.o(.text)
    convert_ecd_angle_to_0_2pi               0x08000ff3   Thumb Code   130  chassis_task.o(.text)
    chassis_stop_handle                      0x08001075   Thumb Code    38  chassis_task.o(.text)
    follow_gimbal_handle                     0x0800109b   Thumb Code   158  chassis_task.o(.text)
    separate_gimbal_handle                   0x08001139   Thumb Code    52  chassis_task.o(.text)
    rotate_follow_gimbal_handle              0x0800116d   Thumb Code   204  chassis_task.o(.text)
    reverse_follow_gimbal_handle             0x08001239   Thumb Code   216  chassis_task.o(.text)
    Chassis_Helm_Cal                         0x08001311   Thumb Code   810  chassis_task.o(.text)
    steering_wheel_calc2                     0x0800163b   Thumb Code   594  chassis_task.o(.text)
    start_angle_handle                       0x0800188d   Thumb Code     8  chassis_task.o(.text)
    steering_wheel_calc                      0x08001895   Thumb Code  2684  chassis_task.o(.text)
    start_chassis_6020                       0x08002311   Thumb Code   766  chassis_task.o(.text)
    set_3508current_6020voltage              0x0800260f   Thumb Code   798  chassis_task.o(.text)
    get_remote_set                           0x0800292d   Thumb Code   364  chassis_task.o(.text)
    chassis_mode_select                      0x08002a99   Thumb Code    96  chassis_task.o(.text)
    Chassis_PID_handle                       0x08002af9   Thumb Code    12  chassis_task.o(.text)
    Motion_resolution                        0x08002b05   Thumb Code    12  chassis_task.o(.text)
    chassis_task                             0x08002b11   Thumb Code    16  chassis_task.o(.text)
    abs_limit                                0x08002b55   Thumb Code    46  oldpid.o(.text)
    pid_calc_filter                          0x08002bc5   Thumb Code   712  oldpid.o(.text)
    pid_calc                                 0x08002e8d   Thumb Code   510  oldpid.o(.text)
    pid_calc1                                0x0800308b   Thumb Code   496  oldpid.o(.text)
    PID_struct_init                          0x0800327b   Thumb Code    66  oldpid.o(.text)
    pid_clr                                  0x080032bd   Thumb Code    58  oldpid.o(.text)
    pid_double_loop_cal                      0x080032f7   Thumb Code    74  oldpid.o(.text)
    Can1ReceiveMsgProcess                    0x08003345   Thumb Code    44  canbus.o(.text)
    Can2ReceiveMsgProcess                    0x08003371   Thumb Code   154  canbus.o(.text)
    GetEncoderBias                           0x08003421   Thumb Code    26  dji_motor.o(.text)
    EncoderProcess                           0x0800343b   Thumb Code   224  dji_motor.o(.text)
    GM6020EncoderProcess                     0x0800351b   Thumb Code   164  dji_motor.o(.text)
    M3508orM2006EncoderTask                  0x080035bf   Thumb Code    38  dji_motor.o(.text)
    GM6020EncoderTask                        0x080035e5   Thumb Code    76  dji_motor.o(.text)
    Set_GM6020_IQ1                           0x08003631   Thumb Code   140  dji_motor.o(.text)
    Set_GM6020_IQ2                           0x080036bd   Thumb Code    92  dji_motor.o(.text)
    Set_C620andC610_IQ1                      0x08003719   Thumb Code   140  dji_motor.o(.text)
    Set_C620andC610_IQ2                      0x080037a5   Thumb Code    92  dji_motor.o(.text)
    HI220_getDATA                            0x0800384d   Thumb Code  1314  hi220.o(.text)
    Get_CRC8_Check_Sum                       0x08003d95   Thumb Code    30  judge.o(.text)
    Verify_CRC8_Check_Sum                    0x08003db3   Thumb Code    46  judge.o(.text)
    Append_CRC8_Check_Sum                    0x08003de1   Thumb Code    36  judge.o(.text)
    Get_CRC16_Check_Sum                      0x08003e05   Thumb Code    46  judge.o(.text)
    Verify_CRC16_Check_Sum                   0x08003e33   Thumb Code    60  judge.o(.text)
    Append_CRC16_Check_Sum                   0x08003e6f   Thumb Code    44  judge.o(.text)
    get_crc8                                 0x08003e9b   Thumb Code    30  judge.o(.text)
    judgement_data_handle                    0x08003eb9   Thumb Code   440  judge.o(.text)
    T_Key_procces                            0x08004081   Thumb Code    48  remote.o(.text)
    updateKeyFlag                            0x080040b1   Thumb Code    16  remote.o(.text)
    keyborad_process                         0x080040c1   Thumb Code   470  remote.o(.text)
    GetRemoteSwitchAction                    0x08004297   Thumb Code    90  remote.o(.text)
    SetInputMode                             0x080042f1   Thumb Code    30  remote.o(.text)
    RemoteDataPrcess                         0x0800430f   Thumb Code   208  remote.o(.text)
    Uart_down_to_up_send                     0x08004465   Thumb Code    24  uart_cha_transmit.o(.text)
    POWER_Control                            0x08004489   Thumb Code    64  supercap.o(.text)
    SuperCap_message_Process                 0x080044c9   Thumb Code    18  supercap.o(.text)
    Can_SuperCap_message_Process             0x080044db   Thumb Code    28  supercap.o(.text)
    CAN_POWER_Control                        0x080044f7   Thumb Code   106  supercap.o(.text)
    CAN1_Mode_Init                           0x08004569   Thumb Code   230  can.o(.text)
    CAN1_TX_IRQHandler                       0x0800464f   Thumb Code    22  can.o(.text)
    CAN1_RX0_IRQHandler                      0x08004665   Thumb Code    54  can.o(.text)
    CAN2_Mode_Init                           0x0800469b   Thumb Code   260  can.o(.text)
    CAN2_TX_IRQHandler                       0x0800479f   Thumb Code    22  can.o(.text)
    CAN2_RX0_IRQHandler                      0x080047b5   Thumb Code    46  can.o(.text)
    LED_Init                                 0x080047f9   Thumb Code    72  led.o(.text)
    usart1_init                              0x08004845   Thumb Code   298  usart.o(.text)
    USART1_IRQHandler                        0x0800496f   Thumb Code   184  usart.o(.text)
    usart2_init                              0x08004a27   Thumb Code   372  usart.o(.text)
    USART2_IRQHandler                        0x08004b9b   Thumb Code    94  usart.o(.text)
    USART2_dma_start                         0x08004bf9   Thumb Code   136  usart.o(.text)
    USART2_dma_start1                        0x08004c81   Thumb Code    74  usart.o(.text)
    usart3_init                              0x08004ccb   Thumb Code   432  usart.o(.text)
    USART3_IRQHandler                        0x08004e7b   Thumb Code    86  usart.o(.text)
    DMA1_Stream3_IRQHandler                  0x08004ed1   Thumb Code    40  usart.o(.text)
    Uart3DmaSendDataProc                     0x08004ef9   Thumb Code    44  usart.o(.text)
    Uart3SendByteInfoProc                    0x08004f25   Thumb Code    24  usart.o(.text)
    Uart3SendBytesInfoProc                   0x08004f3d   Thumb Code    44  usart.o(.text)
    uart4_init                               0x08004f69   Thumb Code   472  usart.o(.text)
    UART4_IRQHandler                         0x08005141   Thumb Code    88  usart.o(.text)
    Uart4DmaSendDataProc                     0x08005199   Thumb Code    24  usart.o(.text)
    DMA1_Stream4_IRQHandler                  0x080051b1   Thumb Code    30  usart.o(.text)
    Uart4SendByteInfoProc                    0x080051cf   Thumb Code    22  usart.o(.text)
    Uart4SendBytesInfoProc                   0x080051e5   Thumb Code    42  usart.o(.text)
    uart5_init                               0x0800520f   Thumb Code   488  usart.o(.text)
    MYDMA_Enable                             0x080053f7   Thumb Code    44  usart.o(.text)
    UART5_IRQHandler                         0x08005423   Thumb Code   254  usart.o(.text)
    usart6_init                              0x08005521   Thumb Code   272  usart.o(.text)
    USART6_IRQHandler                        0x08005631   Thumb Code    88  usart.o(.text)
    TIM8_Configuration                       0x080056b9   Thumb Code    84  timer.o(.text)
    TIM2_Configuration                       0x0800570d   Thumb Code    90  timer.o(.text)
    TIM3_Configuration                       0x08005767   Thumb Code   106  timer.o(.text)
    TIM4_Configuration                       0x080057d1   Thumb Code    50  timer.o(.text)
    TIM5_Configuration                       0x08005803   Thumb Code   106  timer.o(.text)
    TIM2_IRQHandler                          0x0800586d   Thumb Code    34  timer.o(.text)
    TIM3_IRQHandler                          0x0800588f   Thumb Code    30  timer.o(.text)
    TIM4_IRQHandler                          0x080058ad   Thumb Code    34  timer.o(.text)
    TIM5_IRQHandler                          0x080058cf   Thumb Code    34  timer.o(.text)
    TIM6_Configuration                       0x080058f1   Thumb Code    98  timer.o(.text)
    TIM7_Configuration                       0x08005953   Thumb Code    98  timer.o(.text)
    TIM6_DAC_IRQHandler                      0x080059b5   Thumb Code    38  timer.o(.text)
    TIM7_IRQHandler                          0x080059db   Thumb Code    34  timer.o(.text)
    NVIC_PriorityGroupConfig                 0x08005a15   Thumb Code    10  misc.o(.text)
    NVIC_Init                                0x08005a1f   Thumb Code   106  misc.o(.text)
    NVIC_SetVectorTable                      0x08005a89   Thumb Code    14  misc.o(.text)
    NVIC_SystemLPConfig                      0x08005a97   Thumb Code    34  misc.o(.text)
    SysTick_CLKSourceConfig                  0x08005ab9   Thumb Code    40  misc.o(.text)
    CAN_DeInit                               0x08005af5   Thumb Code    50  stm32f4xx_can.o(.text)
    CAN_Init                                 0x08005b27   Thumb Code   276  stm32f4xx_can.o(.text)
    CAN_FilterInit                           0x08005c3b   Thumb Code   258  stm32f4xx_can.o(.text)
    CAN_StructInit                           0x08005d3d   Thumb Code    32  stm32f4xx_can.o(.text)
    CAN_SlaveStartBank                       0x08005d5d   Thumb Code    48  stm32f4xx_can.o(.text)
    CAN_DBGFreeze                            0x08005d8d   Thumb Code    22  stm32f4xx_can.o(.text)
    CAN_TTComModeCmd                         0x08005da3   Thumb Code   118  stm32f4xx_can.o(.text)
    CAN_Transmit                             0x08005e19   Thumb Code   304  stm32f4xx_can.o(.text)
    CAN_TransmitStatus                       0x08005f49   Thumb Code   138  stm32f4xx_can.o(.text)
    CAN_CancelTransmit                       0x08005fd3   Thumb Code    48  stm32f4xx_can.o(.text)
    CAN_Receive                              0x08006003   Thumb Code   240  stm32f4xx_can.o(.text)
    CAN_FIFORelease                          0x080060f3   Thumb Code    22  stm32f4xx_can.o(.text)
    CAN_MessagePending                       0x08006109   Thumb Code    30  stm32f4xx_can.o(.text)
    CAN_OperatingModeRequest                 0x08006127   Thumb Code   162  stm32f4xx_can.o(.text)
    CAN_Sleep                                0x080061c9   Thumb Code    30  stm32f4xx_can.o(.text)
    CAN_WakeUp                               0x080061e7   Thumb Code    48  stm32f4xx_can.o(.text)
    CAN_GetLastErrorCode                     0x08006217   Thumb Code    12  stm32f4xx_can.o(.text)
    CAN_GetReceiveErrorCounter               0x08006223   Thumb Code    10  stm32f4xx_can.o(.text)
    CAN_GetLSBTransmitErrorCounter           0x0800622d   Thumb Code    12  stm32f4xx_can.o(.text)
    CAN_ITConfig                             0x08006239   Thumb Code    18  stm32f4xx_can.o(.text)
    CAN_GetFlagStatus                        0x0800624b   Thumb Code   120  stm32f4xx_can.o(.text)
    CAN_ClearFlag                            0x080062c3   Thumb Code    52  stm32f4xx_can.o(.text)
    CAN_GetITStatus                          0x08006309   Thumb Code   310  stm32f4xx_can.o(.text)
    CAN_ClearITPendingBit                    0x0800643f   Thumb Code   162  stm32f4xx_can.o(.text)
    DMA_DeInit                               0x080064e5   Thumb Code   324  stm32f4xx_dma.o(.text)
    DMA_Init                                 0x08006629   Thumb Code    82  stm32f4xx_dma.o(.text)
    DMA_StructInit                           0x0800667b   Thumb Code    34  stm32f4xx_dma.o(.text)
    DMA_Cmd                                  0x0800669d   Thumb Code    22  stm32f4xx_dma.o(.text)
    DMA_PeriphIncOffsetSizeConfig            0x080066b3   Thumb Code    22  stm32f4xx_dma.o(.text)
    DMA_FlowControllerConfig                 0x080066c9   Thumb Code    22  stm32f4xx_dma.o(.text)
    DMA_SetCurrDataCounter                   0x080066df   Thumb Code     4  stm32f4xx_dma.o(.text)
    DMA_GetCurrDataCounter                   0x080066e3   Thumb Code     8  stm32f4xx_dma.o(.text)
    DMA_DoubleBufferModeConfig               0x080066eb   Thumb Code    24  stm32f4xx_dma.o(.text)
    DMA_DoubleBufferModeCmd                  0x08006703   Thumb Code    22  stm32f4xx_dma.o(.text)
    DMA_MemoryTargetConfig                   0x08006719   Thumb Code    10  stm32f4xx_dma.o(.text)
    DMA_GetCurrentMemoryTarget               0x08006723   Thumb Code    20  stm32f4xx_dma.o(.text)
    DMA_GetCmdStatus                         0x08006737   Thumb Code    20  stm32f4xx_dma.o(.text)
    DMA_GetFIFOStatus                        0x0800674b   Thumb Code    12  stm32f4xx_dma.o(.text)
    DMA_GetFlagStatus                        0x08006757   Thumb Code    56  stm32f4xx_dma.o(.text)
    DMA_ClearFlag                            0x0800678f   Thumb Code    40  stm32f4xx_dma.o(.text)
    DMA_ITConfig                             0x080067b7   Thumb Code    58  stm32f4xx_dma.o(.text)
    DMA_GetITStatus                          0x080067f1   Thumb Code    84  stm32f4xx_dma.o(.text)
    DMA_ClearITPendingBit                    0x08006845   Thumb Code    40  stm32f4xx_dma.o(.text)
    GPIO_DeInit                              0x0800688d   Thumb Code   268  stm32f4xx_gpio.o(.text)
    GPIO_Init                                0x08006999   Thumb Code   144  stm32f4xx_gpio.o(.text)
    GPIO_StructInit                          0x08006a29   Thumb Code    18  stm32f4xx_gpio.o(.text)
    GPIO_PinLockConfig                       0x08006a3b   Thumb Code    34  stm32f4xx_gpio.o(.text)
    GPIO_ReadInputDataBit                    0x08006a5d   Thumb Code    18  stm32f4xx_gpio.o(.text)
    GPIO_ReadInputData                       0x08006a6f   Thumb Code     8  stm32f4xx_gpio.o(.text)
    GPIO_ReadOutputDataBit                   0x08006a77   Thumb Code    18  stm32f4xx_gpio.o(.text)
    GPIO_ReadOutputData                      0x08006a89   Thumb Code     8  stm32f4xx_gpio.o(.text)
    GPIO_SetBits                             0x08006a91   Thumb Code     4  stm32f4xx_gpio.o(.text)
    GPIO_ResetBits                           0x08006a95   Thumb Code     4  stm32f4xx_gpio.o(.text)
    GPIO_WriteBit                            0x08006a99   Thumb Code    10  stm32f4xx_gpio.o(.text)
    GPIO_Write                               0x08006aa3   Thumb Code     4  stm32f4xx_gpio.o(.text)
    GPIO_ToggleBits                          0x08006aa7   Thumb Code     8  stm32f4xx_gpio.o(.text)
    GPIO_PinAFConfig                         0x08006aaf   Thumb Code    70  stm32f4xx_gpio.o(.text)
    RCC_DeInit                               0x08006b21   Thumb Code    82  stm32f4xx_rcc.o(.text)
    RCC_HSEConfig                            0x08006b73   Thumb Code    14  stm32f4xx_rcc.o(.text)
    RCC_GetFlagStatus                        0x08006b81   Thumb Code    60  stm32f4xx_rcc.o(.text)
    RCC_WaitForHSEStartUp                    0x08006bbd   Thumb Code    56  stm32f4xx_rcc.o(.text)
    RCC_AdjustHSICalibrationValue            0x08006bf5   Thumb Code    20  stm32f4xx_rcc.o(.text)
    RCC_HSICmd                               0x08006c09   Thumb Code     6  stm32f4xx_rcc.o(.text)
    RCC_LSEConfig                            0x08006c0f   Thumb Code    46  stm32f4xx_rcc.o(.text)
    RCC_LSICmd                               0x08006c3d   Thumb Code     6  stm32f4xx_rcc.o(.text)
    RCC_PLLConfig                            0x08006c43   Thumb Code    32  stm32f4xx_rcc.o(.text)
    RCC_PLLCmd                               0x08006c63   Thumb Code     6  stm32f4xx_rcc.o(.text)
    RCC_PLLI2SConfig                         0x08006c69   Thumb Code    14  stm32f4xx_rcc.o(.text)
    RCC_PLLI2SCmd                            0x08006c77   Thumb Code     6  stm32f4xx_rcc.o(.text)
    RCC_PLLSAIConfig                         0x08006c7d   Thumb Code    20  stm32f4xx_rcc.o(.text)
    RCC_PLLSAICmd                            0x08006c91   Thumb Code     6  stm32f4xx_rcc.o(.text)
    RCC_ClockSecuritySystemCmd               0x08006c97   Thumb Code     6  stm32f4xx_rcc.o(.text)
    RCC_MCO1Config                           0x08006c9d   Thumb Code    28  stm32f4xx_rcc.o(.text)
    RCC_MCO2Config                           0x08006cb9   Thumb Code    28  stm32f4xx_rcc.o(.text)
    RCC_SYSCLKConfig                         0x08006cd5   Thumb Code    20  stm32f4xx_rcc.o(.text)
    RCC_GetSYSCLKSource                      0x08006ce9   Thumb Code    12  stm32f4xx_rcc.o(.text)
    RCC_HCLKConfig                           0x08006cf5   Thumb Code    20  stm32f4xx_rcc.o(.text)
    RCC_PCLK1Config                          0x08006d09   Thumb Code    20  stm32f4xx_rcc.o(.text)
    RCC_PCLK2Config                          0x08006d1d   Thumb Code    22  stm32f4xx_rcc.o(.text)
    RCC_GetClocksFreq                        0x08006d33   Thumb Code   222  stm32f4xx_rcc.o(.text)
    RCC_RTCCLKConfig                         0x08006e11   Thumb Code    54  stm32f4xx_rcc.o(.text)
    RCC_RTCCLKCmd                            0x08006e47   Thumb Code     8  stm32f4xx_rcc.o(.text)
    RCC_BackupResetCmd                       0x08006e4f   Thumb Code     8  stm32f4xx_rcc.o(.text)
    RCC_I2SCLKConfig                         0x08006e57   Thumb Code     6  stm32f4xx_rcc.o(.text)
    RCC_SAIPLLI2SClkDivConfig                0x08006e5d   Thumb Code    26  stm32f4xx_rcc.o(.text)
    RCC_SAIPLLSAIClkDivConfig                0x08006e77   Thumb Code    28  stm32f4xx_rcc.o(.text)
    RCC_SAIBlockACLKConfig                   0x08006e93   Thumb Code    20  stm32f4xx_rcc.o(.text)
    RCC_SAIBlockBCLKConfig                   0x08006ea7   Thumb Code    20  stm32f4xx_rcc.o(.text)
    RCC_LTDCCLKDivConfig                     0x08006ebb   Thumb Code    20  stm32f4xx_rcc.o(.text)
    RCC_TIMCLKPresConfig                     0x08006ecf   Thumb Code     6  stm32f4xx_rcc.o(.text)
    RCC_AHB1PeriphClockCmd                   0x08006ed5   Thumb Code    34  stm32f4xx_rcc.o(.text)
    RCC_AHB2PeriphClockCmd                   0x08006ef7   Thumb Code    78  stm32f4xx_rcc.o(.text)
    RCC_AHB3PeriphClockCmd                   0x08006f45   Thumb Code    34  stm32f4xx_rcc.o(.text)
    RCC_APB1PeriphClockCmd                   0x08006f67   Thumb Code    34  stm32f4xx_rcc.o(.text)
    RCC_APB2PeriphClockCmd                   0x08006f89   Thumb Code    34  stm32f4xx_rcc.o(.text)
    RCC_AHB1PeriphResetCmd                   0x08006fab   Thumb Code    34  stm32f4xx_rcc.o(.text)
    RCC_AHB2PeriphResetCmd                   0x08006fcd   Thumb Code    34  stm32f4xx_rcc.o(.text)
    RCC_AHB3PeriphResetCmd                   0x08006fef   Thumb Code    34  stm32f4xx_rcc.o(.text)
    RCC_APB1PeriphResetCmd                   0x08007011   Thumb Code    34  stm32f4xx_rcc.o(.text)
    RCC_APB2PeriphResetCmd                   0x08007033   Thumb Code    34  stm32f4xx_rcc.o(.text)
    RCC_AHB1PeriphClockLPModeCmd             0x08007055   Thumb Code    34  stm32f4xx_rcc.o(.text)
    RCC_AHB2PeriphClockLPModeCmd             0x08007077   Thumb Code    34  stm32f4xx_rcc.o(.text)
    RCC_AHB3PeriphClockLPModeCmd             0x08007099   Thumb Code    34  stm32f4xx_rcc.o(.text)
    RCC_APB1PeriphClockLPModeCmd             0x080070bb   Thumb Code    34  stm32f4xx_rcc.o(.text)
    RCC_APB2PeriphClockLPModeCmd             0x080070dd   Thumb Code    34  stm32f4xx_rcc.o(.text)
    RCC_LSEModeConfig                        0x080070ff   Thumb Code    40  stm32f4xx_rcc.o(.text)
    RCC_ITConfig                             0x08007127   Thumb Code    34  stm32f4xx_rcc.o(.text)
    RCC_ClearFlag                            0x08007149   Thumb Code    18  stm32f4xx_rcc.o(.text)
    RCC_GetITStatus                          0x0800715b   Thumb Code    22  stm32f4xx_rcc.o(.text)
    RCC_ClearITPendingBit                    0x08007171   Thumb Code     8  stm32f4xx_rcc.o(.text)
    TIM_DeInit                               0x0800717d   Thumb Code   346  stm32f4xx_tim.o(.text)
    TIM_TimeBaseInit                         0x080072d7   Thumb Code   104  stm32f4xx_tim.o(.text)
    TIM_TimeBaseStructInit                   0x0800733f   Thumb Code    18  stm32f4xx_tim.o(.text)
    TIM_PrescalerConfig                      0x08007351   Thumb Code     6  stm32f4xx_tim.o(.text)
    TIM_CounterModeConfig                    0x08007357   Thumb Code    18  stm32f4xx_tim.o(.text)
    TIM_SetCounter                           0x08007369   Thumb Code     4  stm32f4xx_tim.o(.text)
    TIM_SetAutoreload                        0x0800736d   Thumb Code     4  stm32f4xx_tim.o(.text)
    TIM_GetCounter                           0x08007371   Thumb Code     6  stm32f4xx_tim.o(.text)
    TIM_GetPrescaler                         0x08007377   Thumb Code     6  stm32f4xx_tim.o(.text)
    TIM_UpdateDisableConfig                  0x0800737d   Thumb Code    24  stm32f4xx_tim.o(.text)
    TIM_UpdateRequestConfig                  0x08007395   Thumb Code    24  stm32f4xx_tim.o(.text)
    TIM_ARRPreloadConfig                     0x080073ad   Thumb Code    24  stm32f4xx_tim.o(.text)
    TIM_SelectOnePulseMode                   0x080073c5   Thumb Code    18  stm32f4xx_tim.o(.text)
    TIM_SetClockDivision                     0x080073d7   Thumb Code    18  stm32f4xx_tim.o(.text)
    TIM_Cmd                                  0x080073e9   Thumb Code    24  stm32f4xx_tim.o(.text)
    TIM_OC1Init                              0x08007401   Thumb Code   114  stm32f4xx_tim.o(.text)
    TIM_OC2Init                              0x08007473   Thumb Code   154  stm32f4xx_tim.o(.text)
    TIM_OC3Init                              0x0800750d   Thumb Code   204  stm32f4xx_tim.o(.text)
    TIM_OC4Init                              0x080075d9   Thumb Code   112  stm32f4xx_tim.o(.text)
    TIM_OCStructInit                         0x08007649   Thumb Code    20  stm32f4xx_tim.o(.text)
    TIM_SelectOCxM                           0x0800765d   Thumb Code    86  stm32f4xx_tim.o(.text)
    TIM_SetCompare1                          0x080076b3   Thumb Code     4  stm32f4xx_tim.o(.text)
    TIM_SetCompare2                          0x080076b7   Thumb Code     4  stm32f4xx_tim.o(.text)
    TIM_SetCompare3                          0x080076bb   Thumb Code     4  stm32f4xx_tim.o(.text)
    TIM_SetCompare4                          0x080076bf   Thumb Code     4  stm32f4xx_tim.o(.text)
    TIM_ForcedOC1Config                      0x080076c3   Thumb Code    18  stm32f4xx_tim.o(.text)
    TIM_ForcedOC2Config                      0x080076d5   Thumb Code    26  stm32f4xx_tim.o(.text)
    TIM_ForcedOC3Config                      0x080076ef   Thumb Code    18  stm32f4xx_tim.o(.text)
    TIM_ForcedOC4Config                      0x08007701   Thumb Code    26  stm32f4xx_tim.o(.text)
    TIM_OC1PreloadConfig                     0x0800771b   Thumb Code    18  stm32f4xx_tim.o(.text)
    TIM_OC2PreloadConfig                     0x0800772d   Thumb Code    26  stm32f4xx_tim.o(.text)
    TIM_OC3PreloadConfig                     0x08007747   Thumb Code    18  stm32f4xx_tim.o(.text)
    TIM_OC4PreloadConfig                     0x08007759   Thumb Code    26  stm32f4xx_tim.o(.text)
    TIM_OC1FastConfig                        0x08007773   Thumb Code    18  stm32f4xx_tim.o(.text)
    TIM_OC2FastConfig                        0x08007785   Thumb Code    26  stm32f4xx_tim.o(.text)
    TIM_OC3FastConfig                        0x0800779f   Thumb Code    18  stm32f4xx_tim.o(.text)
    TIM_OC4FastConfig                        0x080077b1   Thumb Code    26  stm32f4xx_tim.o(.text)
    TIM_ClearOC1Ref                          0x080077cb   Thumb Code    18  stm32f4xx_tim.o(.text)
    TIM_ClearOC2Ref                          0x080077dd   Thumb Code    24  stm32f4xx_tim.o(.text)
    TIM_ClearOC3Ref                          0x080077f5   Thumb Code    18  stm32f4xx_tim.o(.text)
    TIM_ClearOC4Ref                          0x08007807   Thumb Code    24  stm32f4xx_tim.o(.text)
    TIM_OC1PolarityConfig                    0x0800781f   Thumb Code    18  stm32f4xx_tim.o(.text)
    TIM_OC1NPolarityConfig                   0x08007831   Thumb Code    18  stm32f4xx_tim.o(.text)
    TIM_OC2PolarityConfig                    0x08007843   Thumb Code    26  stm32f4xx_tim.o(.text)
    TIM_OC2NPolarityConfig                   0x0800785d   Thumb Code    26  stm32f4xx_tim.o(.text)
    TIM_OC3PolarityConfig                    0x08007877   Thumb Code    26  stm32f4xx_tim.o(.text)
    TIM_OC3NPolarityConfig                   0x08007891   Thumb Code    26  stm32f4xx_tim.o(.text)
    TIM_OC4PolarityConfig                    0x080078ab   Thumb Code    26  stm32f4xx_tim.o(.text)
    TIM_CCxCmd                               0x080078c5   Thumb Code    30  stm32f4xx_tim.o(.text)
    TIM_CCxNCmd                              0x080078e3   Thumb Code    30  stm32f4xx_tim.o(.text)
    TIM_SetIC4Prescaler                      0x08007901   Thumb Code    26  stm32f4xx_tim.o(.text)
    TIM_SetIC3Prescaler                      0x0800796b   Thumb Code    18  stm32f4xx_tim.o(.text)
    TIM_SetIC2Prescaler                      0x080079c5   Thumb Code    26  stm32f4xx_tim.o(.text)
    TIM_SetIC1Prescaler                      0x08007a39   Thumb Code    18  stm32f4xx_tim.o(.text)
    TIM_ICInit                               0x08007a85   Thumb Code   110  stm32f4xx_tim.o(.text)
    TIM_ICStructInit                         0x08007af3   Thumb Code    18  stm32f4xx_tim.o(.text)
    TIM_PWMIConfig                           0x08007b05   Thumb Code   124  stm32f4xx_tim.o(.text)
    TIM_GetCapture1                          0x08007b81   Thumb Code     6  stm32f4xx_tim.o(.text)
    TIM_GetCapture2                          0x08007b87   Thumb Code     6  stm32f4xx_tim.o(.text)
    TIM_GetCapture3                          0x08007b8d   Thumb Code     6  stm32f4xx_tim.o(.text)
    TIM_GetCapture4                          0x08007b93   Thumb Code     6  stm32f4xx_tim.o(.text)
    TIM_BDTRConfig                           0x08007b99   Thumb Code    32  stm32f4xx_tim.o(.text)
    TIM_BDTRStructInit                       0x08007bb9   Thumb Code    18  stm32f4xx_tim.o(.text)
    TIM_CtrlPWMOutputs                       0x08007bcb   Thumb Code    30  stm32f4xx_tim.o(.text)
    TIM_SelectCOM                            0x08007be9   Thumb Code    24  stm32f4xx_tim.o(.text)
    TIM_CCPreloadControl                     0x08007c01   Thumb Code    24  stm32f4xx_tim.o(.text)
    TIM_ITConfig                             0x08007c19   Thumb Code    18  stm32f4xx_tim.o(.text)
    TIM_GenerateEvent                        0x08007c2b   Thumb Code     4  stm32f4xx_tim.o(.text)
    TIM_GetFlagStatus                        0x08007c2f   Thumb Code    18  stm32f4xx_tim.o(.text)
    TIM_ClearFlag                            0x08007c41   Thumb Code     6  stm32f4xx_tim.o(.text)
    TIM_GetITStatus                          0x08007c47   Thumb Code    34  stm32f4xx_tim.o(.text)
    TIM_ClearITPendingBit                    0x08007c69   Thumb Code     6  stm32f4xx_tim.o(.text)
    TIM_DMAConfig                            0x08007c6f   Thumb Code    10  stm32f4xx_tim.o(.text)
    TIM_DMACmd                               0x08007c79   Thumb Code    18  stm32f4xx_tim.o(.text)
    TIM_SelectCCDMA                          0x08007c8b   Thumb Code    24  stm32f4xx_tim.o(.text)
    TIM_InternalClockConfig                  0x08007ca3   Thumb Code    12  stm32f4xx_tim.o(.text)
    TIM_SelectInputTrigger                   0x08007caf   Thumb Code    18  stm32f4xx_tim.o(.text)
    TIM_ITRxExternalClockConfig              0x08007cc1   Thumb Code    24  stm32f4xx_tim.o(.text)
    TIM_TIxExternalClockConfig               0x08007cd9   Thumb Code    62  stm32f4xx_tim.o(.text)
    TIM_ETRConfig                            0x08007d17   Thumb Code    28  stm32f4xx_tim.o(.text)
    TIM_ETRClockMode1Config                  0x08007d33   Thumb Code    54  stm32f4xx_tim.o(.text)
    TIM_ETRClockMode2Config                  0x08007d69   Thumb Code    32  stm32f4xx_tim.o(.text)
    TIM_SelectOutputTrigger                  0x08007d89   Thumb Code    18  stm32f4xx_tim.o(.text)
    TIM_SelectSlaveMode                      0x08007d9b   Thumb Code    18  stm32f4xx_tim.o(.text)
    TIM_SelectMasterSlaveMode                0x08007dad   Thumb Code    18  stm32f4xx_tim.o(.text)
    TIM_EncoderInterfaceConfig               0x08007dbf   Thumb Code    66  stm32f4xx_tim.o(.text)
    TIM_SelectHallSensor                     0x08007e01   Thumb Code    24  stm32f4xx_tim.o(.text)
    TIM_RemapConfig                          0x08007e19   Thumb Code     6  stm32f4xx_tim.o(.text)
    USART_DeInit                             0x08007e21   Thumb Code   206  stm32f4xx_usart.o(.text)
    USART_Init                               0x08007eef   Thumb Code   204  stm32f4xx_usart.o(.text)
    USART_StructInit                         0x08007fbb   Thumb Code    24  stm32f4xx_usart.o(.text)
    USART_ClockInit                          0x08007fd3   Thumb Code    32  stm32f4xx_usart.o(.text)
    USART_ClockStructInit                    0x08007ff3   Thumb Code    12  stm32f4xx_usart.o(.text)
    USART_Cmd                                0x08007fff   Thumb Code    24  stm32f4xx_usart.o(.text)
    USART_SetPrescaler                       0x08008017   Thumb Code    16  stm32f4xx_usart.o(.text)
    USART_OverSampling8Cmd                   0x08008027   Thumb Code    22  stm32f4xx_usart.o(.text)
    USART_OneBitMethodCmd                    0x0800803d   Thumb Code    24  stm32f4xx_usart.o(.text)
    USART_SendData                           0x08008055   Thumb Code     8  stm32f4xx_usart.o(.text)
    USART_ReceiveData                        0x0800805d   Thumb Code    10  stm32f4xx_usart.o(.text)
    USART_SetAddress                         0x08008067   Thumb Code    18  stm32f4xx_usart.o(.text)
    USART_ReceiverWakeUpCmd                  0x08008079   Thumb Code    24  stm32f4xx_usart.o(.text)
    USART_WakeUpConfig                       0x08008091   Thumb Code    18  stm32f4xx_usart.o(.text)
    USART_LINBreakDetectLengthConfig         0x080080a3   Thumb Code    18  stm32f4xx_usart.o(.text)
    USART_LINCmd                             0x080080b5   Thumb Code    24  stm32f4xx_usart.o(.text)
    USART_SendBreak                          0x080080cd   Thumb Code    10  stm32f4xx_usart.o(.text)
    USART_HalfDuplexCmd                      0x080080d7   Thumb Code    24  stm32f4xx_usart.o(.text)
    USART_SetGuardTime                       0x080080ef   Thumb Code    16  stm32f4xx_usart.o(.text)
    USART_SmartCardCmd                       0x080080ff   Thumb Code    24  stm32f4xx_usart.o(.text)
    USART_SmartCardNACKCmd                   0x08008117   Thumb Code    24  stm32f4xx_usart.o(.text)
    USART_IrDAConfig                         0x0800812f   Thumb Code    18  stm32f4xx_usart.o(.text)
    USART_IrDACmd                            0x08008141   Thumb Code    24  stm32f4xx_usart.o(.text)
    USART_DMACmd                             0x08008159   Thumb Code    18  stm32f4xx_usart.o(.text)
    USART_ITConfig                           0x0800816b   Thumb Code    74  stm32f4xx_usart.o(.text)
    USART_GetFlagStatus                      0x080081b5   Thumb Code    26  stm32f4xx_usart.o(.text)
    USART_ClearFlag                          0x080081cf   Thumb Code    18  stm32f4xx_usart.o(.text)
    USART_GetITStatus                        0x080081e1   Thumb Code   118  stm32f4xx_usart.o(.text)
    USART_ClearITPendingBit                  0x08008257   Thumb Code    30  stm32f4xx_usart.o(.text)
    Reset_Handler                            0x08008275   Thumb Code     8  startup_stm32f40_41xxx.o(.text)
    ADC_IRQHandler                           0x0800828f   Thumb Code     0  startup_stm32f40_41xxx.o(.text)
    CAN1_RX1_IRQHandler                      0x0800828f   Thumb Code     0  startup_stm32f40_41xxx.o(.text)
    CAN1_SCE_IRQHandler                      0x0800828f   Thumb Code     0  startup_stm32f40_41xxx.o(.text)
    CAN2_RX1_IRQHandler                      0x0800828f   Thumb Code     0  startup_stm32f40_41xxx.o(.text)
    CAN2_SCE_IRQHandler                      0x0800828f   Thumb Code     0  startup_stm32f40_41xxx.o(.text)
    CRYP_IRQHandler                          0x0800828f   Thumb Code     0  startup_stm32f40_41xxx.o(.text)
    DCMI_IRQHandler                          0x0800828f   Thumb Code     0  startup_stm32f40_41xxx.o(.text)
    DMA1_Stream0_IRQHandler                  0x0800828f   Thumb Code     0  startup_stm32f40_41xxx.o(.text)
    DMA1_Stream1_IRQHandler                  0x0800828f   Thumb Code     0  startup_stm32f40_41xxx.o(.text)
    DMA1_Stream2_IRQHandler                  0x0800828f   Thumb Code     0  startup_stm32f40_41xxx.o(.text)
    DMA1_Stream5_IRQHandler                  0x0800828f   Thumb Code     0  startup_stm32f40_41xxx.o(.text)
    DMA1_Stream6_IRQHandler                  0x0800828f   Thumb Code     0  startup_stm32f40_41xxx.o(.text)
    DMA1_Stream7_IRQHandler                  0x0800828f   Thumb Code     0  startup_stm32f40_41xxx.o(.text)
    DMA2_Stream0_IRQHandler                  0x0800828f   Thumb Code     0  startup_stm32f40_41xxx.o(.text)
    DMA2_Stream1_IRQHandler                  0x0800828f   Thumb Code     0  startup_stm32f40_41xxx.o(.text)
    DMA2_Stream2_IRQHandler                  0x0800828f   Thumb Code     0  startup_stm32f40_41xxx.o(.text)
    DMA2_Stream3_IRQHandler                  0x0800828f   Thumb Code     0  startup_stm32f40_41xxx.o(.text)
    DMA2_Stream4_IRQHandler                  0x0800828f   Thumb Code     0  startup_stm32f40_41xxx.o(.text)
    DMA2_Stream5_IRQHandler                  0x0800828f   Thumb Code     0  startup_stm32f40_41xxx.o(.text)
    DMA2_Stream6_IRQHandler                  0x0800828f   Thumb Code     0  startup_stm32f40_41xxx.o(.text)
    DMA2_Stream7_IRQHandler                  0x0800828f   Thumb Code     0  startup_stm32f40_41xxx.o(.text)
    ETH_IRQHandler                           0x0800828f   Thumb Code     0  startup_stm32f40_41xxx.o(.text)
    ETH_WKUP_IRQHandler                      0x0800828f   Thumb Code     0  startup_stm32f40_41xxx.o(.text)
    EXTI0_IRQHandler                         0x0800828f   Thumb Code     0  startup_stm32f40_41xxx.o(.text)
    EXTI15_10_IRQHandler                     0x0800828f   Thumb Code     0  startup_stm32f40_41xxx.o(.text)
    EXTI1_IRQHandler                         0x0800828f   Thumb Code     0  startup_stm32f40_41xxx.o(.text)
    EXTI2_IRQHandler                         0x0800828f   Thumb Code     0  startup_stm32f40_41xxx.o(.text)
    EXTI3_IRQHandler                         0x0800828f   Thumb Code     0  startup_stm32f40_41xxx.o(.text)
    EXTI4_IRQHandler                         0x0800828f   Thumb Code     0  startup_stm32f40_41xxx.o(.text)
    EXTI9_5_IRQHandler                       0x0800828f   Thumb Code     0  startup_stm32f40_41xxx.o(.text)
    FLASH_IRQHandler                         0x0800828f   Thumb Code     0  startup_stm32f40_41xxx.o(.text)
    FPU_IRQHandler                           0x0800828f   Thumb Code     0  startup_stm32f40_41xxx.o(.text)
    FSMC_IRQHandler                          0x0800828f   Thumb Code     0  startup_stm32f40_41xxx.o(.text)
    HASH_RNG_IRQHandler                      0x0800828f   Thumb Code     0  startup_stm32f40_41xxx.o(.text)
    I2C1_ER_IRQHandler                       0x0800828f   Thumb Code     0  startup_stm32f40_41xxx.o(.text)
    I2C1_EV_IRQHandler                       0x0800828f   Thumb Code     0  startup_stm32f40_41xxx.o(.text)
    I2C2_ER_IRQHandler                       0x0800828f   Thumb Code     0  startup_stm32f40_41xxx.o(.text)
    I2C2_EV_IRQHandler                       0x0800828f   Thumb Code     0  startup_stm32f40_41xxx.o(.text)
    I2C3_ER_IRQHandler                       0x0800828f   Thumb Code     0  startup_stm32f40_41xxx.o(.text)
    I2C3_EV_IRQHandler                       0x0800828f   Thumb Code     0  startup_stm32f40_41xxx.o(.text)
    OTG_FS_IRQHandler                        0x0800828f   Thumb Code     0  startup_stm32f40_41xxx.o(.text)
    OTG_FS_WKUP_IRQHandler                   0x0800828f   Thumb Code     0  startup_stm32f40_41xxx.o(.text)
    OTG_HS_EP1_IN_IRQHandler                 0x0800828f   Thumb Code     0  startup_stm32f40_41xxx.o(.text)
    OTG_HS_EP1_OUT_IRQHandler                0x0800828f   Thumb Code     0  startup_stm32f40_41xxx.o(.text)
    OTG_HS_IRQHandler                        0x0800828f   Thumb Code     0  startup_stm32f40_41xxx.o(.text)
    OTG_HS_WKUP_IRQHandler                   0x0800828f   Thumb Code     0  startup_stm32f40_41xxx.o(.text)
    PVD_IRQHandler                           0x0800828f   Thumb Code     0  startup_stm32f40_41xxx.o(.text)
    RCC_IRQHandler                           0x0800828f   Thumb Code     0  startup_stm32f40_41xxx.o(.text)
    RTC_Alarm_IRQHandler                     0x0800828f   Thumb Code     0  startup_stm32f40_41xxx.o(.text)
    RTC_WKUP_IRQHandler                      0x0800828f   Thumb Code     0  startup_stm32f40_41xxx.o(.text)
    SDIO_IRQHandler                          0x0800828f   Thumb Code     0  startup_stm32f40_41xxx.o(.text)
    SPI1_IRQHandler                          0x0800828f   Thumb Code     0  startup_stm32f40_41xxx.o(.text)
    SPI2_IRQHandler                          0x0800828f   Thumb Code     0  startup_stm32f40_41xxx.o(.text)
    SPI3_IRQHandler                          0x0800828f   Thumb Code     0  startup_stm32f40_41xxx.o(.text)
    TAMP_STAMP_IRQHandler                    0x0800828f   Thumb Code     0  startup_stm32f40_41xxx.o(.text)
    TIM1_BRK_TIM9_IRQHandler                 0x0800828f   Thumb Code     0  startup_stm32f40_41xxx.o(.text)
    TIM1_CC_IRQHandler                       0x0800828f   Thumb Code     0  startup_stm32f40_41xxx.o(.text)
    TIM1_TRG_COM_TIM11_IRQHandler            0x0800828f   Thumb Code     0  startup_stm32f40_41xxx.o(.text)
    TIM1_UP_TIM10_IRQHandler                 0x0800828f   Thumb Code     0  startup_stm32f40_41xxx.o(.text)
    TIM8_BRK_TIM12_IRQHandler                0x0800828f   Thumb Code     0  startup_stm32f40_41xxx.o(.text)
    TIM8_CC_IRQHandler                       0x0800828f   Thumb Code     0  startup_stm32f40_41xxx.o(.text)
    TIM8_TRG_COM_TIM14_IRQHandler            0x0800828f   Thumb Code     0  startup_stm32f40_41xxx.o(.text)
    TIM8_UP_TIM13_IRQHandler                 0x0800828f   Thumb Code     0  startup_stm32f40_41xxx.o(.text)
    WWDG_IRQHandler                          0x0800828f   Thumb Code     0  startup_stm32f40_41xxx.o(.text)
    __aeabi_llsl                             0x08008299   Thumb Code    30  llshl.o(.text)
    _ll_shift_l                              0x08008299   Thumb Code     0  llshl.o(.text)
    __aeabi_lasr                             0x080082b7   Thumb Code    36  llsshr.o(.text)
    _ll_sshift_r                             0x080082b7   Thumb Code     0  llsshr.o(.text)
    ___aeabi_memcpy8$move                    0x080082db   Thumb Code     0  memmovea.o(.text)
    __aeabi_memcpy                           0x080082db   Thumb Code    64  memmovea.o(.text)
    __aeabi_memcpy4                          0x080082db   Thumb Code     0  memmovea.o(.text)
    __aeabi_memmove                          0x080082db   Thumb Code     0  memmovea.o(.text)
    __aeabi_memmove4                         0x080082db   Thumb Code     0  memmovea.o(.text)
    __aeabi_memmove8                         0x080082db   Thumb Code     0  memmovea.o(.text)
    __aeabi_memset                           0x0800831b   Thumb Code    14  memseta.o(.text)
    __aeabi_memset4                          0x0800831b   Thumb Code     0  memseta.o(.text)
    __aeabi_memset8                          0x0800831b   Thumb Code     0  memseta.o(.text)
    __aeabi_memclr                           0x08008329   Thumb Code     4  memseta.o(.text)
    __aeabi_memclr4                          0x08008329   Thumb Code     0  memseta.o(.text)
    __aeabi_memclr8                          0x08008329   Thumb Code     0  memseta.o(.text)
    _memset$wrapper                          0x0800832d   Thumb Code    18  memseta.o(.text)
    strstr                                   0x0800833f   Thumb Code    36  strstr.o(.text)
    __aeabi_dadd                             0x08008363   Thumb Code   322  dadd.o(.text)
    __aeabi_dsub                             0x080084a5   Thumb Code     6  dadd.o(.text)
    __aeabi_drsub                            0x080084ab   Thumb Code     6  dadd.o(.text)
    __aeabi_dmul                             0x080084b1   Thumb Code   228  dmul.o(.text)
    __aeabi_ddiv                             0x08008595   Thumb Code   222  ddiv.o(.text)
    __aeabi_i2d                              0x08008673   Thumb Code    34  dflti.o(.text)
    __aeabi_ui2d                             0x08008695   Thumb Code    26  dfltui.o(.text)
    __aeabi_d2iz                             0x080086af   Thumb Code    62  dfixi.o(.text)
    __aeabi_f2d                              0x080086ed   Thumb Code    38  f2d.o(.text)
    __aeabi_cdcmpeq                          0x08008715   Thumb Code     0  cdcmple.o(.text)
    __aeabi_cdcmple                          0x08008715   Thumb Code    48  cdcmple.o(.text)
    __aeabi_cdrcmple                         0x08008745   Thumb Code    48  cdrcmple.o(.text)
    __aeabi_d2f                              0x08008775   Thumb Code    56  d2f.o(.text)
    __aeabi_llsr                             0x080087ad   Thumb Code    32  llushr.o(.text)
    _ll_ushift_r                             0x080087ad   Thumb Code     0  llushr.o(.text)
    __I$use$fp                               0x080087cd   Thumb Code     0  iusefp.o(.text)
    _float_round                             0x080087cd   Thumb Code    18  fepilogue.o(.text)
    _float_epilogue                          0x080087df   Thumb Code    92  fepilogue.o(.text)
    _double_round                            0x0800883b   Thumb Code    30  depilogue.o(.text)
    _double_epilogue                         0x08008859   Thumb Code   156  depilogue.o(.text)
    _dsqrt                                   0x080088f5   Thumb Code   162  dsqrt.o(.text)
    _drem                                    0x08008997   Thumb Code   134  drem.o(.text)
    __scatterload                            0x08008a1d   Thumb Code    28  init.o(.text)
    __scatterload_rt2                        0x08008a1d   Thumb Code     0  init.o(.text)
    __decompress                             0x08008a41   Thumb Code     0  __dczerorl2.o(.text)
    __decompress1                            0x08008a41   Thumb Code    86  __dczerorl2.o(.text)
    __ARM_fpclassify                         0x08008a97   Thumb Code    48  fpclassify.o(i.__ARM_fpclassify)
    __ARM_fpclassifyf                        0x08008ac7   Thumb Code    38  fpclassifyf.o(i.__ARM_fpclassifyf)
    __hardfp_atan                            0x08008af1   Thumb Code   622  atan.o(i.__hardfp_atan)
    __hardfp_atan2                           0x08008dc9   Thumb Code   448  atan2.o(i.__hardfp_atan2)
    __hardfp_cos                             0x08008fc9   Thumb Code   180  cos.o(i.__hardfp_cos)
    __hardfp_cosf                            0x08009091   Thumb Code   280  cosf.o(i.__hardfp_cosf)
    __hardfp_fabs                            0x080091e1   Thumb Code    20  fabs.o(i.__hardfp_fabs)
    __hardfp_fmod                            0x080091f5   Thumb Code   254  fmod.o(i.__hardfp_fmod)
    __hardfp_sin                             0x080092f9   Thumb Code   180  sin.o(i.__hardfp_sin)
    __hardfp_sinf                            0x080093c1   Thumb Code   344  sinf.o(i.__hardfp_sinf)
    __hardfp_sqrt                            0x08009551   Thumb Code   122  sqrt.o(i.__hardfp_sqrt)
    __ieee754_rem_pio2                       0x080095d1   Thumb Code   938  rred.o(i.__ieee754_rem_pio2)
    __kernel_cos                             0x08009a09   Thumb Code   322  cos_i.o(i.__kernel_cos)
    __kernel_poly                            0x08009b79   Thumb Code   248  poly.o(i.__kernel_poly)
    __kernel_sin                             0x08009c71   Thumb Code   280  sin_i.o(i.__kernel_sin)
    __mathlib_dbl_infnan                     0x08009da1   Thumb Code    20  dunder.o(i.__mathlib_dbl_infnan)
    __mathlib_dbl_infnan2                    0x08009db5   Thumb Code    20  dunder.o(i.__mathlib_dbl_infnan2)
    __mathlib_dbl_invalid                    0x08009dc9   Thumb Code    24  dunder.o(i.__mathlib_dbl_invalid)
    __mathlib_dbl_underflow                  0x08009de9   Thumb Code    24  dunder.o(i.__mathlib_dbl_underflow)
    __mathlib_flt_infnan                     0x08009e09   Thumb Code     6  funder.o(i.__mathlib_flt_infnan)
    __mathlib_flt_invalid                    0x08009e11   Thumb Code    10  funder.o(i.__mathlib_flt_invalid)
    __mathlib_flt_underflow                  0x08009e21   Thumb Code    10  funder.o(i.__mathlib_flt_underflow)
    __mathlib_rredf2                         0x08009e31   Thumb Code   316  rredf.o(i.__mathlib_rredf2)
    __scatterload_copy                       0x08009f85   Thumb Code    14  handlers.o(i.__scatterload_copy)
    __scatterload_null                       0x08009f93   Thumb Code     2  handlers.o(i.__scatterload_null)
    __scatterload_zeroinit                   0x08009f95   Thumb Code    14  handlers.o(i.__scatterload_zeroinit)
    __set_errno                              0x08009fa5   Thumb Code     6  errno.o(i.__set_errno)
    atan                                     0x08009fb1   Thumb Code    16  atan.o(i.atan)
    fabs                                     0x08009fc1   Thumb Code    24  fabs.o(i.fabs)
    CRC8_INIT                                0x08009fd8   Data           1  judge.o(.constdata)
    CRC8_TAB                                 0x08009fd9   Data         256  judge.o(.constdata)
    wCRC_Table                               0x0800a0da   Data         512  judge.o(.constdata)
    __mathlib_zero                           0x0800a3a8   Data           8  qnan.o(.constdata)
    Region$$Table$$Base                      0x0800a4c0   Number         0  anon$$obj.o(Region$$Table)
    Region$$Table$$Limit                     0x0800a4e0   Number         0  anon$$obj.o(Region$$Table)
    i                                        0x20000000   Data           4  main.o(.data)
    SystemCoreClock                          0x20000004   Data           4  system_stm32f4xx.o(.data)
    AHBPrescTable                            0x20000008   Data          16  system_stm32f4xx.o(.data)
    time_tick                                0x20000018   Data           4  control_task.o(.data)
    start                                    0x2000001c   Data           4  control_task.o(.data)
    end                                      0x20000020   Data           4  control_task.o(.data)
    run_time                                 0x20000024   Data           4  control_task.o(.data)
    ref                                      0x20000028   Data           4  control_task.o(.data)
    pid_chassis_angle_deathband              0x20000030   Data           4  chassis_task.o(.data)
    R                                        0x20000034   Data           4  chassis_task.o(.data)
    theta                                    0x20000038   Data           4  chassis_task.o(.data)
    yaw_num_get                              0x2000003c   Data           4  chassis_task.o(.data)
    run_flag                                 0x20000040   Data           4  chassis_task.o(.data)
    yaw_ecd_angle                            0x20000048   Data           8  chassis_task.o(.data)
    vx                                       0x20000050   Data           2  chassis_task.o(.data)
    vy                                       0x20000052   Data           2  chassis_task.o(.data)
    volatilAo                                0x20000054   Data           4  chassis_task.o(.data)
    gyro_speed                               0x20000058   Data           2  chassis_task.o(.data)
    get_speedw_flag                          0x2000005a   Data           1  chassis_task.o(.data)
    cap_flag                                 0x2000005b   Data           1  chassis_task.o(.data)
    cap_flag_time                            0x2000005c   Data           2  chassis_task.o(.data)
    Max_Power                                0x2000005e   Data           2  chassis_task.o(.data)
    Max_Power_3508                           0x20000060   Data           2  chassis_task.o(.data)
    Max_Power_6020                           0x20000062   Data           2  chassis_task.o(.data)
    power_limit_start_time                   0x20000064   Data           4  chassis_task.o(.data)
    power_limit_start_flag                   0x20000068   Data           4  chassis_task.o(.data)
    power_limit_rate2                        0x2000006c   Data           4  chassis_task.o(.data)
    power_limit_rate1                        0x20000070   Data           4  chassis_task.o(.data)
    max_chassis_power                        0x20000074   Data           4  chassis_task.o(.data)
    sdpower                                  0x20000078   Data           4  chassis_task.o(.data)
    shpower                                  0x2000007c   Data           4  chassis_task.o(.data)
    all_power                                0x20000080   Data           4  chassis_task.o(.data)
    m6020                                    0x20000084   Data           4  chassis_task.o(.data)
    n6020                                    0x20000088   Data           4  chassis_task.o(.data)
    l6020                                    0x2000008c   Data           4  chassis_task.o(.data)
    i6020                                    0x20000090   Data           4  chassis_task.o(.data)
    k6020                                    0x20000094   Data           4  chassis_task.o(.data)
    k2_6020                                  0x20000098   Data           4  chassis_task.o(.data)
    k1_6020                                  0x2000009c   Data           4  chassis_task.o(.data)
    k0_6020                                  0x200000a0   Data           4  chassis_task.o(.data)
    max_power                                0x200000a4   Data           4  chassis_task.o(.data)
    watcha                                   0x200000a8   Data           4  chassis_task.o(.data)
    watchb                                   0x200000ac   Data           4  chassis_task.o(.data)
    K_Helm                                   0x200000b0   Data           8  chassis_task.o(.data)
    sL                                       0x200000b8   Data           4  chassis_task.o(.data)
    lL                                       0x200000bc   Data           4  chassis_task.o(.data)
    sW                                       0x200000c0   Data           4  chassis_task.o(.data)
    lW                                       0x200000c4   Data           4  chassis_task.o(.data)
    CRC_INIT                                 0x20000110   Data           2  judge.o(.data)
    remote_flagW1                            0x20000112   Data           1  remote.o(.data)
    remote_flagW2                            0x20000113   Data           1  remote.o(.data)
    remote_flagA1                            0x20000114   Data           1  remote.o(.data)
    remote_flagA2                            0x20000115   Data           1  remote.o(.data)
    remote_flagS1                            0x20000116   Data           1  remote.o(.data)
    remote_flagS2                            0x20000117   Data           1  remote.o(.data)
    remote_flagD1                            0x20000118   Data           1  remote.o(.data)
    remote_flagD2                            0x20000119   Data           1  remote.o(.data)
    remote_flagSHIFT1                        0x2000011a   Data           1  remote.o(.data)
    remote_flagSHIFT2                        0x2000011b   Data           1  remote.o(.data)
    remote_flagCTRL1                         0x2000011c   Data           1  remote.o(.data)
    remote_flagCTRL2                         0x2000011d   Data           1  remote.o(.data)
    remote_flagQ1                            0x2000011e   Data           1  remote.o(.data)
    remote_flagQ2                            0x2000011f   Data           1  remote.o(.data)
    remote_flagE1                            0x20000120   Data           1  remote.o(.data)
    remote_flagE2                            0x20000121   Data           1  remote.o(.data)
    remote_flagR1                            0x20000122   Data           1  remote.o(.data)
    remote_flagR2                            0x20000123   Data           1  remote.o(.data)
    remote_flagF1                            0x20000124   Data           1  remote.o(.data)
    remote_flagF2                            0x20000125   Data           1  remote.o(.data)
    remote_flagG1                            0x20000126   Data           1  remote.o(.data)
    remote_flagG2                            0x20000127   Data           1  remote.o(.data)
    remote_flagZ1                            0x20000128   Data           1  remote.o(.data)
    remote_flagZ2                            0x20000129   Data           1  remote.o(.data)
    remote_flagX1                            0x2000012a   Data           1  remote.o(.data)
    remote_flagX2                            0x2000012b   Data           1  remote.o(.data)
    remote_flagC1                            0x2000012c   Data           1  remote.o(.data)
    remote_flagC2                            0x2000012d   Data           1  remote.o(.data)
    remote_flagV1                            0x2000012e   Data           1  remote.o(.data)
    remote_flagV2                            0x2000012f   Data           1  remote.o(.data)
    remote_flagB1                            0x20000130   Data           1  remote.o(.data)
    remote_flagB2                            0x20000131   Data           1  remote.o(.data)
    uart_cap_down_data                       0x20000132   Data           4  uart_cha_transmit.o(.data)
    Super_Cap_Send                           0x20000136   Data           5  supercap.o(.data)
    Chassis_angle                            0x20000160   Data          96  chassis_task.o(.bss)
    chassis                                  0x200001c0   Data         168  chassis_task.o(.bss)
    getnumb                                  0x20000268   Data          16  chassis_task.o(.bss)
    transition1                              0x20000278   Data          16  chassis_task.o(.bss)
    transition2                              0x20000288   Data          16  chassis_task.o(.bss)
    transition3                              0x20000298   Data          16  chassis_task.o(.bss)
    transition4                              0x200002a8   Data          16  chassis_task.o(.bss)
    retransition1                            0x200002b8   Data          16  chassis_task.o(.bss)
    retransition2                            0x200002c8   Data          16  chassis_task.o(.bss)
    retransition3                            0x200002d8   Data          16  chassis_task.o(.bss)
    retransition4                            0x200002e8   Data          16  chassis_task.o(.bss)
    angle_flag                               0x200002f8   Data          16  chassis_task.o(.bss)
    deviation_angle_flag                     0x20000308   Data          16  chassis_task.o(.bss)
    I6020                                    0x20000318   Data          16  chassis_task.o(.bss)
    dpower                                   0x20000328   Data          16  chassis_task.o(.bss)
    hpower                                   0x20000338   Data          16  chassis_task.o(.bss)
    all_power1                               0x20000348   Data          16  chassis_task.o(.bss)
    all_power2                               0x20000358   Data          16  chassis_task.o(.bss)
    a6020                                    0x20000368   Data          16  chassis_task.o(.bss)
    b6020                                    0x20000378   Data          16  chassis_task.o(.bss)
    kall6020                                 0x20000388   Data          16  chassis_task.o(.bss)
    Speed_Polarity                           0x20000398   Data          16  chassis_task.o(.bss)
    pid_yaw_follow                           0x200003f8   Data          76  oldpid.o(.bss)
    pid_pit_follow                           0x20000444   Data          76  oldpid.o(.bss)
    pid_pit_speed_follow                     0x20000490   Data          76  oldpid.o(.bss)
    pid_yaw_speed_follow                     0x200004dc   Data          76  oldpid.o(.bss)
    pid_yaw_small_buff                       0x20000528   Data          76  oldpid.o(.bss)
    pid_pit_small_buff                       0x20000574   Data          76  oldpid.o(.bss)
    pid_pit_speed_small_buff                 0x200005c0   Data          76  oldpid.o(.bss)
    pid_yaw_speed_small_buff                 0x2000060c   Data          76  oldpid.o(.bss)
    pid_yaw_small_buff1                      0x20000658   Data          76  oldpid.o(.bss)
    pid_pit_small_buff1                      0x200006a4   Data          76  oldpid.o(.bss)
    pid_pit_speed_small_buff1                0x200006f0   Data          76  oldpid.o(.bss)
    pid_yaw_speed_small_buff1                0x2000073c   Data          76  oldpid.o(.bss)
    pid_yaw_big_buff                         0x20000788   Data          76  oldpid.o(.bss)
    pid_pit_big_buff                         0x200007d4   Data          76  oldpid.o(.bss)
    pid_pit_speed_big_buff                   0x20000820   Data          76  oldpid.o(.bss)
    pid_yaw_speed_big_buff                   0x2000086c   Data          76  oldpid.o(.bss)
    pid_yaw_big_buff1                        0x200008b8   Data          76  oldpid.o(.bss)
    pid_pit_big_buff1                        0x20000904   Data          76  oldpid.o(.bss)
    pid_pit_speed_big_buff1                  0x20000950   Data          76  oldpid.o(.bss)
    pid_yaw_speed_big_buff1                  0x2000099c   Data          76  oldpid.o(.bss)
    pid_yaw_auto_angle                       0x200009e8   Data          76  oldpid.o(.bss)
    pid_pit_auto_angle                       0x20000a34   Data          76  oldpid.o(.bss)
    pid_pit_speed_auto_angle                 0x20000a80   Data          76  oldpid.o(.bss)
    pid_yaw_speed_auto_angle                 0x20000acc   Data          76  oldpid.o(.bss)
    pid_yaw_follow_chassis_angle             0x20000b18   Data          76  oldpid.o(.bss)
    pid_yaw_follow_chassis_speed             0x20000b64   Data          76  oldpid.o(.bss)
    pid_yaw                                  0x20000bb0   Data          76  oldpid.o(.bss)
    pid_pit                                  0x20000bfc   Data          76  oldpid.o(.bss)
    pid_auto_aim_yaw                         0x20000c48   Data          76  oldpid.o(.bss)
    pid_auto_aim_pit                         0x20000c94   Data          76  oldpid.o(.bss)
    pid_yaw_speed                            0x20000ce0   Data          76  oldpid.o(.bss)
    pid_pit_speed                            0x20000d2c   Data          76  oldpid.o(.bss)
    pid_spd                                  0x20000d78   Data         304  oldpid.o(.bss)
    pid_chassis_angle                        0x20000ea8   Data          76  oldpid.o(.bss)
    pid_trigger                              0x20000ef4   Data          76  oldpid.o(.bss)
    pid_trigger_speed                        0x20000f40   Data          76  oldpid.o(.bss)
    pid_trigger_second_speed                 0x20000f8c   Data          76  oldpid.o(.bss)
    pid_rotate                               0x20000fd8   Data         304  oldpid.o(.bss)
    pid_imu_tmp                              0x20001108   Data          76  oldpid.o(.bss)
    pid_voltage                              0x20001154   Data          76  oldpid.o(.bss)
    pid_software_limit                       0x200011a0   Data          76  oldpid.o(.bss)
    pid_speed_bias                           0x200011ec   Data          76  oldpid.o(.bss)
    pid_front_distance                       0x20001238   Data          76  oldpid.o(.bss)
    pid_right_distance                       0x20001284   Data          76  oldpid.o(.bss)
    pid_angle_distance                       0x200012d0   Data          76  oldpid.o(.bss)
    pid_spring                               0x2000131c   Data         152  oldpid.o(.bss)
    pid_cha_6020_angle                       0x200013b4   Data         304  oldpid.o(.bss)
    pid_cha_3508_angle                       0x200014e4   Data         304  oldpid.o(.bss)
    pid_cha_6020_speed                       0x20001614   Data         304  oldpid.o(.bss)
    pid_cha_3508_speed                       0x20001744   Data         304  oldpid.o(.bss)
    gimbal_gyro                              0x20001878   Data          36  senior.o(.bss)
    chassis_gyro                             0x2000189c   Data          36  senior.o(.bss)
    steering_wheel_chassis                   0x200018c0   Data         704  senior.o(.bss)
    Mecanum_chassis                          0x20001b80   Data         352  senior.o(.bss)
    Omni_chassis                             0x20001ce0   Data         352  senior.o(.bss)
    Pitch_Encoder                            0x20001e40   Data          88  senior.o(.bss)
    yaw_Encoder                              0x20001e98   Data          88  senior.o(.bss)
    hero_small_gimbal                        0x20001ef0   Data         176  senior.o(.bss)
    general_friction                         0x20001fa0   Data         352  senior.o(.bss)
    general_poke                             0x20002100   Data         176  senior.o(.bss)
    cnt                                      0x200021b0   Data          16  canbus.o(.bss)
    judge_rece_mesg                          0x20002208   Data         198  judge.o(.bss)
    RC_CtrlData                              0x200022ce   Data          72  remote.o(.bss)
    uart_cha_data                            0x20002316   Data          25  uart_cha_transmit.o(.bss)
    USART2_DMA_TX_BUF                        0x2000232f   Data          25  uart_cha_transmit.o(.bss)
    Capacitance_Message_Buf                  0x20002348   Data         100  supercap.o(.bss)
    usart_capacitance_message                0x200023ac   Data          42  supercap.o(.bss)
    can_capacitance_message                  0x200023d6   Data          42  supercap.o(.bss)
    _UART5_DMA_RX_BUF                        0x20002400   Data        1024  usart.o(.bss)
    _USART3_RX_BUF                           0x200028a0   Data         100  usart.o(.bss)
    USART3_DMA_TX_BUF                        0x200029cc   Data         100  usart.o(.bss)
    UART4_DMA_TX_BUF                         0x20002a30   Data         100  usart.o(.bss)
    UART5_DMA_TX_BUF                         0x20002a94   Data         150  usart.o(.bss)
    __initial_sp                             0x20002f30   Data           0  startup_stm32f40_41xxx.o(STACK)



==============================================================================

Memory Map of the image

  Image Entry point : 0x08000189

  Load Region LR_IROM1 (Base: 0x08000000, Size: 0x0000a63c, Max: 0x00100000, ABSOLUTE, COMPRESSED[0x0000a52c])

    Execution Region ER_IROM1 (Exec base: 0x08000000, Load base: 0x08000000, Size: 0x0000a4e0, Max: 0x00100000, ABSOLUTE)

    Exec Addr    Load Addr    Size         Type   Attr      Idx    E Section Name        Object

    0x08000000   0x08000000   0x00000188   Data   RO         1626    RESET               startup_stm32f40_41xxx.o
    0x08000188   0x08000188   0x00000000   Code   RO         4330  * .ARM.Collect$$$$00000000  mc_w.l(entry.o)
    0x08000188   0x08000188   0x00000004   Code   RO         4484    .ARM.Collect$$$$00000001  mc_w.l(entry2.o)
    0x0800018c   0x0800018c   0x00000004   Code   RO         4487    .ARM.Collect$$$$00000004  mc_w.l(entry5.o)
    0x08000190   0x08000190   0x00000000   Code   RO         4489    .ARM.Collect$$$$00000008  mc_w.l(entry7b.o)
    0x08000190   0x08000190   0x00000000   Code   RO         4491    .ARM.Collect$$$$0000000A  mc_w.l(entry8b.o)
    0x08000190   0x08000190   0x00000008   Code   RO         4492    .ARM.Collect$$$$0000000B  mc_w.l(entry9a.o)
    0x08000198   0x08000198   0x00000004   Code   RO         4499    .ARM.Collect$$$$0000000E  mc_w.l(entry12b.o)
    0x0800019c   0x0800019c   0x00000000   Code   RO         4494    .ARM.Collect$$$$0000000F  mc_w.l(entry10a.o)
    0x0800019c   0x0800019c   0x00000000   Code   RO         4496    .ARM.Collect$$$$00000011  mc_w.l(entry11a.o)
    0x0800019c   0x0800019c   0x00000004   Code   RO         4485    .ARM.Collect$$$$00002712  mc_w.l(entry2.o)
    0x080001a0   0x080001a0   0x0000001c   Code   RO            4    .text               main.o
    0x080001bc   0x080001bc   0x0000001a   Code   RO          336    .text               stm32f4xx_it.o
    0x080001d6   0x080001d6   0x00000002   PAD
    0x080001d8   0x080001d8   0x00000210   Code   RO          389    .text               system_stm32f4xx.o
    0x080003e8   0x080003e8   0x00000074   Code   RO          419    .text               bsp.o
    0x0800045c   0x0800045c   0x00000114   Code   RO          446    .text               control_task.o
    0x08000570   0x08000570   0x000025e4   Code   RO          477    .text               chassis_task.o
    0x08002b54   0x08002b54   0x000007f0   Code   RO          508    .text               oldpid.o
    0x08003344   0x08003344   0x000000dc   Code   RO          562    .text               canbus.o
    0x08003420   0x08003420   0x000003f0   Code   RO          625    .text               dji_motor.o
    0x08003810   0x08003810   0x00000584   Code   RO          661    .text               hi220.o
    0x08003d94   0x08003d94   0x000002ec   Code   RO          717    .text               judge.o
    0x08004080   0x08004080   0x000003e4   Code   RO          864    .text               remote.o
    0x08004464   0x08004464   0x00000024   Code   RO          969    .text               uart_cha_transmit.o
    0x08004488   0x08004488   0x000000e0   Code   RO         1000    .text               supercap.o
    0x08004568   0x08004568   0x00000290   Code   RO         1062    .text               can.o
    0x080047f8   0x080047f8   0x0000004c   Code   RO         1135    .text               led.o
    0x08004844   0x08004844   0x00000e74   Code   RO         1159    .text               usart.o
    0x080056b8   0x080056b8   0x0000035c   Code   RO         1190    .text               timer.o
    0x08005a14   0x08005a14   0x000000e0   Code   RO         1217    .text               misc.o
    0x08005af4   0x08005af4   0x000009f0   Code   RO         1265    .text               stm32f4xx_can.o
    0x080064e4   0x080064e4   0x000003a8   Code   RO         1337    .text               stm32f4xx_dma.o
    0x0800688c   0x0800688c   0x00000294   Code   RO         1409    .text               stm32f4xx_gpio.o
    0x08006b20   0x08006b20   0x0000065c   Code   RO         1481    .text               stm32f4xx_rcc.o
    0x0800717c   0x0800717c   0x00000ca2   Code   RO         1579    .text               stm32f4xx_tim.o
    0x08007e1e   0x08007e1e   0x00000002   PAD
    0x08007e20   0x08007e20   0x00000454   Code   RO         1603    .text               stm32f4xx_usart.o
    0x08008274   0x08008274   0x00000024   Code   RO         1627    .text               startup_stm32f40_41xxx.o
    0x08008298   0x08008298   0x0000001e   Code   RO         4342    .text               mc_w.l(llshl.o)
    0x080082b6   0x080082b6   0x00000024   Code   RO         4344    .text               mc_w.l(llsshr.o)
    0x080082da   0x080082da   0x00000040   Code   RO         4348    .text               mc_w.l(memmovea.o)
    0x0800831a   0x0800831a   0x00000024   Code   RO         4350    .text               mc_w.l(memseta.o)
    0x0800833e   0x0800833e   0x00000024   Code   RO         4352    .text               mc_w.l(strstr.o)
    0x08008362   0x08008362   0x0000014e   Code   RO         4390    .text               mf_w.l(dadd.o)
    0x080084b0   0x080084b0   0x000000e4   Code   RO         4392    .text               mf_w.l(dmul.o)
    0x08008594   0x08008594   0x000000de   Code   RO         4394    .text               mf_w.l(ddiv.o)
    0x08008672   0x08008672   0x00000022   Code   RO         4398    .text               mf_w.l(dflti.o)
    0x08008694   0x08008694   0x0000001a   Code   RO         4400    .text               mf_w.l(dfltui.o)
    0x080086ae   0x080086ae   0x0000003e   Code   RO         4404    .text               mf_w.l(dfixi.o)
    0x080086ec   0x080086ec   0x00000026   Code   RO         4410    .text               mf_w.l(f2d.o)
    0x08008712   0x08008712   0x00000002   PAD
    0x08008714   0x08008714   0x00000030   Code   RO         4412    .text               mf_w.l(cdcmple.o)
    0x08008744   0x08008744   0x00000030   Code   RO         4414    .text               mf_w.l(cdrcmple.o)
    0x08008774   0x08008774   0x00000038   Code   RO         4416    .text               mf_w.l(d2f.o)
    0x080087ac   0x080087ac   0x00000020   Code   RO         4500    .text               mc_w.l(llushr.o)
    0x080087cc   0x080087cc   0x00000000   Code   RO         4511    .text               mc_w.l(iusefp.o)
    0x080087cc   0x080087cc   0x0000006e   Code   RO         4512    .text               mf_w.l(fepilogue.o)
    0x0800883a   0x0800883a   0x000000ba   Code   RO         4514    .text               mf_w.l(depilogue.o)
    0x080088f4   0x080088f4   0x000000a2   Code   RO         4518    .text               mf_w.l(dsqrt.o)
    0x08008996   0x08008996   0x00000086   Code   RO         4520    .text               mf_w.l(drem.o)
    0x08008a1c   0x08008a1c   0x00000024   Code   RO         4524    .text               mc_w.l(init.o)
    0x08008a40   0x08008a40   0x00000056   Code   RO         4534    .text               mc_w.l(__dczerorl2.o)
    0x08008a96   0x08008a96   0x00000030   Code   RO         4449    i.__ARM_fpclassify  m_wm.l(fpclassify.o)
    0x08008ac6   0x08008ac6   0x00000026   Code   RO         4451    i.__ARM_fpclassifyf  m_wm.l(fpclassifyf.o)
    0x08008aec   0x08008aec   0x00000004   PAD
    0x08008af0   0x08008af0   0x000002d8   Code   RO         4418    i.__hardfp_atan     m_wm.l(atan.o)
    0x08008dc8   0x08008dc8   0x00000200   Code   RO         4132    i.__hardfp_atan2    m_wm.l(atan2.o)
    0x08008fc8   0x08008fc8   0x000000c8   Code   RO         4144    i.__hardfp_cos      m_wm.l(cos.o)
    0x08009090   0x08009090   0x00000150   Code   RO         4156    i.__hardfp_cosf     m_wm.l(cosf.o)
    0x080091e0   0x080091e0   0x00000014   Code   RO         4196    i.__hardfp_fabs     m_wm.l(fabs.o)
    0x080091f4   0x080091f4   0x00000104   Code   RO         4202    i.__hardfp_fmod     m_wm.l(fmod.o)
    0x080092f8   0x080092f8   0x000000c8   Code   RO         4270    i.__hardfp_sin      m_wm.l(sin.o)
    0x080093c0   0x080093c0   0x00000190   Code   RO         4282    i.__hardfp_sinf     m_wm.l(sinf.o)
    0x08009550   0x08009550   0x0000007a   Code   RO         4294    i.__hardfp_sqrt     m_wm.l(sqrt.o)
    0x080095ca   0x080095ca   0x00000006   PAD
    0x080095d0   0x080095d0   0x00000438   Code   RO         4470    i.__ieee754_rem_pio2  m_wm.l(rred.o)
    0x08009a08   0x08009a08   0x00000170   Code   RO         4432    i.__kernel_cos      m_wm.l(cos_i.o)
    0x08009b78   0x08009b78   0x000000f8   Code   RO         4467    i.__kernel_poly     m_wm.l(poly.o)
    0x08009c70   0x08009c70   0x00000130   Code   RO         4478    i.__kernel_sin      m_wm.l(sin_i.o)
    0x08009da0   0x08009da0   0x00000014   Code   RO         4436    i.__mathlib_dbl_infnan  m_wm.l(dunder.o)
    0x08009db4   0x08009db4   0x00000014   Code   RO         4437    i.__mathlib_dbl_infnan2  m_wm.l(dunder.o)
    0x08009dc8   0x08009dc8   0x00000020   Code   RO         4438    i.__mathlib_dbl_invalid  m_wm.l(dunder.o)
    0x08009de8   0x08009de8   0x00000020   Code   RO         4441    i.__mathlib_dbl_underflow  m_wm.l(dunder.o)
    0x08009e08   0x08009e08   0x00000006   Code   RO         4454    i.__mathlib_flt_infnan  m_wm.l(funder.o)
    0x08009e0e   0x08009e0e   0x00000002   PAD
    0x08009e10   0x08009e10   0x00000010   Code   RO         4456    i.__mathlib_flt_invalid  m_wm.l(funder.o)
    0x08009e20   0x08009e20   0x00000010   Code   RO         4459    i.__mathlib_flt_underflow  m_wm.l(funder.o)
    0x08009e30   0x08009e30   0x00000154   Code   RO         4475    i.__mathlib_rredf2  m_wm.l(rredf.o)
    0x08009f84   0x08009f84   0x0000000e   Code   RO         4528    i.__scatterload_copy  mc_w.l(handlers.o)
    0x08009f92   0x08009f92   0x00000002   Code   RO         4529    i.__scatterload_null  mc_w.l(handlers.o)
    0x08009f94   0x08009f94   0x0000000e   Code   RO         4530    i.__scatterload_zeroinit  mc_w.l(handlers.o)
    0x08009fa2   0x08009fa2   0x00000002   PAD
    0x08009fa4   0x08009fa4   0x0000000c   Code   RO         4506    i.__set_errno       mc_w.l(errno.o)
    0x08009fb0   0x08009fb0   0x00000010   Code   RO         4420    i.atan              m_wm.l(atan.o)
    0x08009fc0   0x08009fc0   0x00000018   Code   RO         4198    i.fabs              m_wm.l(fabs.o)
    0x08009fd8   0x08009fd8   0x00000302   Data   RO          719    .constdata          judge.o
    0x0800a2da   0x0800a2da   0x00000006   PAD
    0x0800a2e0   0x0800a2e0   0x00000098   Data   RO         4421    .constdata          m_wm.l(atan.o)
    0x0800a378   0x0800a378   0x00000030   Data   RO         4433    .constdata          m_wm.l(cos_i.o)
    0x0800a3a8   0x0800a3a8   0x00000008   Data   RO         4469    .constdata          m_wm.l(qnan.o)
    0x0800a3b0   0x0800a3b0   0x000000c8   Data   RO         4472    .constdata          m_wm.l(rred.o)
    0x0800a478   0x0800a478   0x00000020   Data   RO         4476    .constdata          m_wm.l(rredf.o)
    0x0800a498   0x0800a498   0x00000028   Data   RO         4479    .constdata          m_wm.l(sin_i.o)
    0x0800a4c0   0x0800a4c0   0x00000020   Data   RO         4526    Region$$Table       anon$$obj.o


    Execution Region RW_IRAM1 (Exec base: 0x20000000, Load base: 0x0800a4e0, Size: 0x00002f30, Max: 0x00020000, ABSOLUTE, COMPRESSED[0x0000004c])

    Exec Addr    Load Addr    Size         Type   Attr      Idx    E Section Name        Object

    0x20000000   COMPRESSED   0x00000004   Data   RW            5    .data               main.o
    0x20000004   COMPRESSED   0x00000014   Data   RW          390    .data               system_stm32f4xx.o
    0x20000018   COMPRESSED   0x00000014   Data   RW          448    .data               control_task.o
    0x2000002c   COMPRESSED   0x00000004   PAD
    0x20000030   COMPRESSED   0x000000ac   Data   RW          479    .data               chassis_task.o
    0x200000dc   COMPRESSED   0x00000008   Data   RW          626    .data               dji_motor.o
    0x200000e4   COMPRESSED   0x0000002c   Data   RW          663    .data               hi220.o
    0x20000110   COMPRESSED   0x00000002   Data   RW          720    .data               judge.o
    0x20000112   COMPRESSED   0x00000020   Data   RW          866    .data               remote.o
    0x20000132   COMPRESSED   0x00000004   Data   RW          971    .data               uart_cha_transmit.o
    0x20000136   COMPRESSED   0x00000005   Data   RW         1002    .data               supercap.o
    0x2000013b   COMPRESSED   0x00000001   PAD
    0x2000013c   COMPRESSED   0x0000000c   Data   RW         1161    .data               usart.o
    0x20000148   COMPRESSED   0x00000010   Data   RW         1482    .data               stm32f4xx_rcc.o
    0x20000158   COMPRESSED   0x00000004   Data   RW         4507    .data               mc_w.l(errno.o)
    0x2000015c   COMPRESSED   0x00000004   PAD
    0x20000160        -       0x00000298   Zero   RW          478    .bss                chassis_task.o
    0x200003f8        -       0x0000147c   Zero   RW          509    .bss                oldpid.o
    0x20001874   COMPRESSED   0x00000004   PAD
    0x20001878        -       0x00000938   Zero   RW          538    .bss                senior.o
    0x200021b0        -       0x00000010   Zero   RW          563    .bss                canbus.o
    0x200021c0        -       0x00000048   Zero   RW          662    .bss                hi220.o
    0x20002208        -       0x000000c6   Zero   RW          718    .bss                judge.o
    0x200022ce        -       0x00000048   Zero   RW          865    .bss                remote.o
    0x20002316        -       0x00000032   Zero   RW          970    .bss                uart_cha_transmit.o
    0x20002348        -       0x000000b8   Zero   RW         1001    .bss                supercap.o
    0x20002400        -       0x0000072a   Zero   RW         1160    .bss                usart.o
    0x20002b2a   COMPRESSED   0x00000006   PAD
    0x20002b30        -       0x00000400   Zero   RW         1624    STACK               startup_stm32f40_41xxx.o


==============================================================================

Image component sizes


      Code (inc. data)   RO Data    RW Data    ZI Data      Debug   Object Name

       116          6          0          0          0        523   bsp.o
       656         22          0          0          0       2166   can.o
       220         30          0          0         16       1376   canbus.o
      9700        658          0        172        664      14013   chassis_task.o
       276         30          0         20          0       1178   control_task.o
      1008         16          0          8          0       5229   dji_motor.o
      1412        114          0         44         72       2464   hi220.o
       748         16        770          2        198      10095   judge.o
        76          4          0          0          0        543   led.o
        28          6          0          4          0     310860   main.o
       224         20          0          0          0       1853   misc.o
      2032         10          0          0       5244       8379   oldpid.o
       996        134          0         32         72       6339   remote.o
         0          0          0          0       2360       1933   senior.o
        36          8        392          0       1024        844   startup_stm32f40_41xxx.o
      2544         38          0          0          0       8180   stm32f4xx_can.o
       936         32          0          0          0       6429   stm32f4xx_dma.o
       660         44          0          0          0       4193   stm32f4xx_gpio.o
        26          0          0          0          0       1238   stm32f4xx_it.o
      1628         52          0         16          0      13088   stm32f4xx_rcc.o
      3234         60          0          0          0      23048   stm32f4xx_tim.o
      1108         34          0          0          0       7916   stm32f4xx_usart.o
       224          8          0          5        184       3231   supercap.o
       528         46          0         20          0       1831   system_stm32f4xx.o
       860         24          0          0          0       2615   timer.o
        36         12          0          4         50       2100   uart_cha_transmit.o
      3700        204          0         12       1834       8529   usart.o

    ----------------------------------------------------------------------
     33016       1628       1200        344      11728     450193   Object Totals
         0          0         32          0          0          0   (incl. Generated)
         4          0          6          5         10          0   (incl. Padding)

    ----------------------------------------------------------------------

      Code (inc. data)   RO Data    RW Data    ZI Data      Debug   Library Member Name

       744        106        152          0          0        352   atan.o
       512         64          0          0          0        208   atan2.o
       200         20          0          0          0        164   cos.o
       368         46         48          0          0        200   cos_i.o
       336         56          0          0          0        136   cosf.o
       104         16          0          0          0        496   dunder.o
        44          0          0          0          0        248   fabs.o
       260          6          0          0          0        144   fmod.o
        48          0          0          0          0        124   fpclassify.o
        38          0          0          0          0        116   fpclassifyf.o
        38         12          0          0          0        348   funder.o
       248          0          0          0          0        152   poly.o
         0          0          8          0          0          0   qnan.o
      1080        142        200          0          0        188   rred.o
       340         24         32          0          0        160   rredf.o
       200         20          0          0          0        164   sin.o
       304         24         40          0          0        208   sin_i.o
       400         56          0          0          0        212   sinf.o
       122          0          0          0          0        148   sqrt.o
        86          0          0          0          0          0   __dczerorl2.o
         0          0          0          0          0          0   entry.o
         0          0          0          0          0          0   entry10a.o
         0          0          0          0          0          0   entry11a.o
         4          0          0          0          0          0   entry12b.o
         8          4          0          0          0          0   entry2.o
         4          0          0          0          0          0   entry5.o
         0          0          0          0          0          0   entry7b.o
         0          0          0          0          0          0   entry8b.o
         8          4          0          0          0          0   entry9a.o
        12          6          0          4          0         68   errno.o
        30          0          0          0          0          0   handlers.o
        36          8          0          0          0         68   init.o
         0          0          0          0          0          0   iusefp.o
        30          0          0          0          0         68   llshl.o
        36          0          0          0          0         68   llsshr.o
        32          0          0          0          0         68   llushr.o
        64          0          0          0          0         76   memmovea.o
        36          0          0          0          0        108   memseta.o
        36          0          0          0          0         80   strstr.o
        48          0          0          0          0         68   cdcmple.o
        48          0          0          0          0         68   cdrcmple.o
        56          0          0          0          0         88   d2f.o
       334          0          0          0          0        148   dadd.o
       222          0          0          0          0        100   ddiv.o
       186          0          0          0          0        176   depilogue.o
        62          0          0          0          0         80   dfixi.o
        34          0          0          0          0         76   dflti.o
        26          0          0          0          0         76   dfltui.o
       228          0          0          0          0         96   dmul.o
       134          0          0          0          0         96   drem.o
       162          0          0          0          0        100   dsqrt.o
        38          0          0          0          0         68   f2d.o
       110          0          0          0          0        168   fepilogue.o

    ----------------------------------------------------------------------
      7512        614        480          4          4       5780   Library Totals
        16          0          0          0          4          0   (incl. Padding)

    ----------------------------------------------------------------------

      Code (inc. data)   RO Data    RW Data    ZI Data      Debug   Library Name

      5386        592        480          0          0       3768   m_wm.l
       422         22          0          4          0        604   mc_w.l
      1688          0          0          0          0       1408   mf_w.l

    ----------------------------------------------------------------------
      7512        614        480          4          4       5780   Library Totals

    ----------------------------------------------------------------------

==============================================================================


      Code (inc. data)   RO Data    RW Data    ZI Data      Debug   

     40528       2242       1680        348      11732     448369   Grand Totals
     40528       2242       1680         76      11732     448369   ELF Image Totals (compressed)
     40528       2242       1680         76          0          0   ROM Totals

==============================================================================

    Total RO  Size (Code + RO Data)                42208 (  41.22kB)
    Total RW  Size (RW Data + ZI Data)             12080 (  11.80kB)
    Total ROM Size (Code + RO Data + RW Data)      42284 (  41.29kB)

==============================================================================

